Archive member included because of file (symbol)

c:/devkitPro/libogc/lib/cube\libogc.a(console.o)
                              main.o (CON_Init)
c:/devkitPro/libogc/lib/cube\libogc.a(video.o)
                              c:/devkitPro/libogc/lib/cube\libogc.a(console.o) (VIDEO_GetCurrentFramebuffer)
c:/devkitPro/libogc/lib/cube\libogc.a(pad.o)
                              main.o (PAD_Init)
c:/devkitPro/libogc/lib/cube\libogc.a(system.o)
                              c:/devkitPro/libogc/lib/cube\libogc.a(video.o) (__SYS_LockSram)
c:/devkitPro/libogc/lib/cube\libogc.a(system_asm.o)
                              c:/devkitPro/libogc/lib/cube\libogc.a(system.o) (__reset)
c:/devkitPro/libogc/lib/cube\libogc.a(cond.o)
                              c:/devkitPro/libogc/lib/cube\libogc.a(system.o) (__lwp_cond_init)
c:/devkitPro/libogc/lib/cube\libogc.a(decrementer.o)
                              c:/devkitPro/libogc/lib/cube\libogc.a(system.o) (__decrementer_init)
c:/devkitPro/libogc/lib/cube\libogc.a(message.o)
                              c:/devkitPro/libogc/lib/cube\libogc.a(system.o) (__lwp_mqbox_init)
c:/devkitPro/libogc/lib/cube\libogc.a(si.o)
                              c:/devkitPro/libogc/lib/cube\libogc.a(pad.o) (SI_Busy)
c:/devkitPro/libogc/lib/cube\libogc.a(ogc_crt0.o)
                              (_start)
c:/devkitPro/libogc/lib/cube\libogc.a(console_font_8x16.o)
                              c:/devkitPro/libogc/lib/cube\libogc.a(console.o) (console_font_8x16)
c:/devkitPro/libogc/lib/cube\libogc.a(timesupp.o)
                              c:/devkitPro/libogc/lib/cube\libogc.a(system.o) (gettick)
c:/devkitPro/libogc/lib/cube\libogc.a(lock_supp.o)
                              c:/devkitPro/libogc/lib/cube\libogc.a(system.o) (__libogc_lock_init)
c:/devkitPro/libogc/lib/cube\libogc.a(newlibc.o)
                              c:/devkitPro/libogc/lib/cube\libogc.a(system.o) (__libc_init)
c:/devkitPro/libogc/lib/cube\libogc.a(usbgecko.o)
                              c:/devkitPro/libogc/lib/cube\libogc.a(console.o) (usb_isgeckoalive)
c:/devkitPro/libogc/lib/cube\libogc.a(sbrk.o)
                              c:/devkitPro/libogc/lib/cube\libogc.a(system.o) (__libogc_sbrk_r)
c:/devkitPro/libogc/lib/cube\libogc.a(malloc_lock.o)
                              c:/devkitPro/libogc/lib/cube\libogc.a(system.o) (__memlock_init)
c:/devkitPro/libogc/lib/cube\libogc.a(argv.o)
                              c:/devkitPro/libogc/lib/cube\libogc.a(ogc_crt0.o) (__CheckARGV)
c:/devkitPro/libogc/lib/cube\libogc.a(lwp_priority.o)
                              c:/devkitPro/libogc/lib/cube\libogc.a(system.o) (__lwp_priority_init)
c:/devkitPro/libogc/lib/cube\libogc.a(lwp_threadq.o)
                              c:/devkitPro/libogc/lib/cube\libogc.a(cond.o) (__lwp_threadqueue_init)
c:/devkitPro/libogc/lib/cube\libogc.a(lwp_threads.o)
                              c:/devkitPro/libogc/lib/cube\libogc.a(system.o) (_thread_dispatch_disable_level)
c:/devkitPro/libogc/lib/cube\libogc.a(lwp_messages.o)
                              c:/devkitPro/libogc/lib/cube\libogc.a(message.o) (__lwpmq_initialize)
c:/devkitPro/libogc/lib/cube\libogc.a(lwp.o)
                              c:/devkitPro/libogc/lib/cube\libogc.a(system.o) (__lwp_sysinit)
c:/devkitPro/libogc/lib/cube\libogc.a(lwp_handler.o)
                              c:/devkitPro/libogc/lib/cube\libogc.a(lwp_threads.o) (_cpu_context_save_fp)
c:/devkitPro/libogc/lib/cube\libogc.a(lwp_stack.o)
                              c:/devkitPro/libogc/lib/cube\libogc.a(lwp_threads.o) (__lwp_stack_allocate)
c:/devkitPro/libogc/lib/cube\libogc.a(lwp_mutex.o)
                              c:/devkitPro/libogc/lib/cube\libogc.a(malloc_lock.o) (__lwp_mutex_initialize)
c:/devkitPro/libogc/lib/cube\libogc.a(lwp_watchdog.o)
                              c:/devkitPro/libogc/lib/cube\libogc.a(system.o) (__lwp_watchdog_init)
c:/devkitPro/libogc/lib/cube\libogc.a(lwp_wkspace.o)
                              c:/devkitPro/libogc/lib/cube\libogc.a(lwp_messages.o) (__wkspace_heap)
c:/devkitPro/libogc/lib/cube\libogc.a(lwp_objmgr.o)
                              c:/devkitPro/libogc/lib/cube\libogc.a(system.o) (__lwp_objmgr_initinfo)
c:/devkitPro/libogc/lib/cube\libogc.a(lwp_heap.o)
                              c:/devkitPro/libogc/lib/cube\libogc.a(lwp_wkspace.o) (__lwp_heap_init)
c:/devkitPro/libogc/lib/cube\libogc.a(sys_state.o)
                              c:/devkitPro/libogc/lib/cube\libogc.a(system.o) (_sys_state_curr)
c:/devkitPro/libogc/lib/cube\libogc.a(exception.o)
                              c:/devkitPro/libogc/lib/cube\libogc.a(system.o) (__systemcall_init)
c:/devkitPro/libogc/lib/cube\libogc.a(irq.o)
                              c:/devkitPro/libogc/lib/cube\libogc.a(video.o) (__UnmaskIrq)
c:/devkitPro/libogc/lib/cube\libogc.a(irq_handler.o)
                              c:/devkitPro/libogc/lib/cube\libogc.a(exception.o) (irq_exceptionhandler)
c:/devkitPro/libogc/lib/cube\libogc.a(semaphore.o)
[...]
Memory Configuration

Name             Origin             Length             Attributes
*default*        0x00000000         0xffffffff

Linker script and memory map

                0x80003100                . = 0x80003100

.init           0x80003100      0x194
 *crt0.o(*.init)
 .init          0x80003100      0x170 c:/devkitPro/libogc/lib/cube\libogc.a(ogc_crt0.o)
                0x80003100                _start
                0x80003240                _memset
 *(.init)
 .init          0x80003270        0xc c:/devkitpro/devkitppc/bin/../lib/gcc/powerpc-eabi/4.8.2/ecrti.o
                0x80003270                __init
 .init          0x8000327c        0x4 c:/devkitpro/devkitppc/bin/../lib/gcc/powerpc-eabi/4.8.2/crtbegin.o
 .init          0x80003280        0x4 c:/devkitpro/devkitppc/bin/../lib/gcc/powerpc-eabi/4.8.2/crtend.o
 .init          0x80003284       0x10 c:/devkitpro/devkitppc/bin/../lib/gcc/powerpc-eabi/4.8.2/ecrtn.o

.rela.dyn       0x80003294        0x0
 .rela.iplt     0x00000000        0x0 c:/devkitpro/devkitppc/bin/../lib/gcc/powerpc-eabi/4.8.2/crtbegin.o

.plt
 *(.plt)

.interp
 *(.interp)

.hash
 *(.hash)

.dynsym
 *(.dynsym)

.dynstr
 *(.dynstr)

.gnu.version
 *(.gnu.version)

.gnu.version_d
 *(.gnu.version_d)

.gnu.version_r
 *(.gnu.version_r)

.rel.init
 *(.rel.init)

.rela.init      0x80003294        0x0
 *(.rela.init)
 .rela.init     0x00000000        0x0 c:/devkitpro/devkitppc/bin/../lib/gcc/powerpc-eabi/4.8.2/crtbegin.o

.rel.text
 *(.rel.text .rel.text.* .rel.gnu.linkonce.t.*)

.rela.text      0x80003294        0x0
 *(.rela.text .rela.text.* .rela.gnu.linkonce.t.*)
 .rela.text     0x00000000        0x0 c:/devkitpro/devkitppc/bin/../lib/gcc/powerpc-eabi/4.8.2/crtbegin.o
 .rela.text.__console_init
                0x00000000        0x0 c:/devkitpro/devkitppc/bin/../lib/gcc/powerpc-eabi/4.8.2/crtbegin.o
 .rela.text.__console_init_ex
                0x00000000        0x0 c:/devkitpro/devkitppc/bin/../lib/gcc/powerpc-eabi/4.8.2/crtbegin.o
 .rela.text.CON_EnableGecko
                0x00000000        0x0 c:/devkitpro/devkitppc/bin/../lib/gcc/powerpc-eabi/4.8.2/crtbegin.o
 .rela.text.__call_resetfuncs
                0x00000000        0x0 c:/devkitpro/devkitppc/bin/../lib/gcc/powerpc-eabi/4.8.2/crtbegin.o
 .rela.text.__locksram
                0x00000000        0x0 c:/devkitpro/devkitppc/bin/../lib/gcc/powerpc-eabi/4.8.2/crtbegin.o
 .rela.text.__lwp_wd_insert_ticks
                0x00000000        0x0 c:/devkitpro/devkitppc/bin/../lib/gcc/powerpc-eabi/4.8.2/crtbegin.o
 .rela.text.__sram_writecallback
                0x00000000        0x0 c:/devkitpro/devkitppc/bin/../lib/gcc/powerpc-eabi/4.8.2/crtbegin.o
 .rela.text.__unlocksram
                0x00000000        0x0 c:/devkitpro/devkitppc/bin/../lib/gcc/powerpc-eabi/4.8.2/crtbegin.o
 .rela.text.__sram_init
                0x00000000        0x0 c:/devkitpro/devkitppc/bin/../lib/gcc/powerpc-eabi/4.8.2/crtbegin.o
 .rela.text.__SYS_SyncSram
                0x00000000        0x0 c:/devkitpro/devkitppc/bin/../lib/gcc/powerpc-eabi/4.8.2/crtbegin.o
 .rela.text.SYS_ResetSystem
                0x00000000        0x0 c:/devkitpro/devkitppc/bin/../lib/gcc/powerpc-eabi/4.8.2/crtbegin.o
 .rela.text.SYS_Init
                0x00000000        0x0 c:/devkitpro/devkitppc/bin/../lib/gcc/powerpc-eabi/4.8.2/crtbegin.o
 .rela.text.SYS_RemoveAlarm
                0x00000000        0x0 c:/devkitpro/devkitppc/bin/../lib/gcc/powerpc-eabi/4.8.2/crtbegin.o
 .rela.text.SYS_CancelAlarm
                0x00000000        0x0 c:/devkitpro/devkitppc/bin/../lib/gcc/powerpc-eabi/4.8.2/crtbegin.o
 .rela.text.__lwp_cond_open
                0x00000000        0x0 c:/devkitpro/devkitppc/bin/../lib/gcc/powerpc-eabi/4.8.2/crtbegin.o
 .rela.text.__lwp_cond_init
                0x00000000        0x0 c:/devkitpro/devkitppc/bin/../lib/gcc/powerpc-eabi/4.8.2/crtbegin.o
 .rela.text.LWP_CondInit
                0x00000000        0x0 c:/devkitpro/devkitppc/bin/../lib/gcc/powerpc-eabi/4.8.2/crtbegin.o
 .rela.text.LWP_CondDestroy
                0x00000000        0x0 c:/devkitpro/devkitppc/bin/../lib/gcc/powerpc-eabi/4.8.2/crtbegin.o
 .rela.text.c_decrementer_handler
                0x00000000        0x0 c:/devkitpro/devkitppc/bin/../lib/gcc/powerpc-eabi/4.8.2/crtbegin.o
 .rela.text.__lwp_mqbox_open
                0x00000000        0x0 c:/devkitpro/devkitppc/bin/../lib/gcc/powerpc-eabi/4.8.2/crtbegin.o
 .rela.text.__lwp_mqbox_init
                0x00000000        0x0 c:/devkitpro/devkitppc/bin/../lib/gcc/powerpc-eabi/4.8.2/crtbegin.o
 .rela.text.MQ_Init
                0x00000000        0x0 c:/devkitpro/devkitppc/bin/../lib/gcc/powerpc-eabi/4.8.2/crtbegin.o
 .rela.text.MQ_Close
                0x00000000        0x0 c:/devkitpro/devkitppc/bin/../lib/gcc/powerpc-eabi/4.8.2/crtbegin.o
 .rela.text.nanosleep
                0x00000000        0x0 c:/devkitpro/devkitppc/bin/../lib/gcc/powerpc-eabi/4.8.2/crtbegin.o
 .rela.text.__libc_delete_hook
                0x00000000        0x0 c:/devkitpro/devkitppc/bin/../lib/gcc/powerpc-eabi/4.8.2/crtbegin.o
 .rela.text.__libc_init
                0x00000000        0x0 c:/devkitpro/devkitppc/bin/../lib/gcc/powerpc-eabi/4.8.2/crtbegin.o
 .rela.text.__libc_wrapup
                0x00000000        0x0 c:/devkitpro/devkitppc/bin/../lib/gcc/powerpc-eabi/4.8.2/crtbegin.o
 .rela.text.__CheckARGV
                0x00000000        0x0 c:/devkitpro/devkitppc/bin/../lib/gcc/powerpc-eabi/4.8.2/crtbegin.o
 .rela.text.__lwp_priority_init
                0x00000000        0x0 c:/devkitpro/devkitppc/bin/../lib/gcc/powerpc-eabi/4.8.2/crtbegin.o
 .rela.text.__lwp_threadqueue_enqueuefifo
                0x00000000        0x0 c:/devkitpro/devkitppc/bin/../lib/gcc/powerpc-eabi/4.8.2/crtbegin.o
 .rela.text.__lwp_threadqueue_dequeuefifo
                0x00000000        0x0 c:/devkitpro/devkitppc/bin/../lib/gcc/powerpc-eabi/4.8.2/crtbegin.o
 .rela.text.__lwp_threadqueue_enqueuepriority
                0x00000000        0x0 c:/devkitpro/devkitppc/bin/../lib/gcc/powerpc-eabi/4.8.2/crtbegin.o
 .rela.text.__lwp_threadqueue_dequeuepriority
                0x00000000        0x0 c:/devkitpro/devkitppc/bin/../lib/gcc/powerpc-eabi/4.8.2/crtbegin.o
 .rela.text.__lwp_threadqueue_enqueue
                0x00000000        0x0 c:/devkitpro/devkitppc/bin/../lib/gcc/powerpc-eabi/4.8.2/crtbegin.o
 .rela.text.__lwp_threadqueue_extractfifo
                0x00000000        0x0 c:/devkitpro/devkitppc/bin/../lib/gcc/powerpc-eabi/4.8.2/crtbegin.o
 .rela.text.__lwp_threadqueue_extractpriority
                0x00000000        0x0 c:/devkitpro/devkitppc/bin/../lib/gcc/powerpc-eabi/4.8.2/crtbegin.o
 .rela.text.__lwp_thread_calcheir
                0x00000000        0x0 c:/devkitpro/devkitppc/bin/../lib/gcc/powerpc-eabi/4.8.2/crtbegin.o
 .rela.text.__lwp_wd_insert_ticks.constprop.4
                0x00000000        0x0 c:/devkitpro/devkitppc/bin/../lib/gcc/powerpc-eabi/4.8.2/crtbegin.o
 .rela.text.__lwp_rotate_readyqueue
                0x00000000        0x0 c:/devkitpro/devkitppc/bin/../lib/gcc/powerpc-eabi/4.8.2/crtbegin.o
 .rela.text.__lwp_thread_setpriority
                0x00000000        0x0 c:/devkitpro/devkitppc/bin/../lib/gcc/powerpc-eabi/4.8.2/crtbegin.o
 .rela.text.__lwp_thread_close
                0x00000000        0x0 c:/devkitpro/devkitppc/bin/../lib/gcc/powerpc-eabi/4.8.2/crtbegin.o
 .rela.text.__lwp_thread_closeall
                0x00000000        0x0 c:/devkitpro/devkitppc/bin/../lib/gcc/powerpc-eabi/4.8.2/crtbegin.o
 .rela.text.__lwp_thread_startmultitasking
                0x00000000        0x0 c:/devkitpro/devkitppc/bin/../lib/gcc/powerpc-eabi/4.8.2/crtbegin.o
 .rela.text.__lwp_thread_stopmultitasking
                0x00000000        0x0 c:/devkitpro/devkitppc/bin/../lib/gcc/powerpc-eabi/4.8.2/crtbegin.o
 .rela.text.__lwp_thread_coreinit
                0x00000000        0x0 c:/devkitpro/devkitppc/bin/../lib/gcc/powerpc-eabi/4.8.2/crtbegin.o
 .rela.text.__lwpmq_initialize
                0x00000000        0x0 c:/devkitpro/devkitppc/bin/../lib/gcc/powerpc-eabi/4.8.2/crtbegin.o
 .rela.text.__lwpmq_close
                0x00000000        0x0 c:/devkitpro/devkitppc/bin/../lib/gcc/powerpc-eabi/4.8.2/crtbegin.o
 .rela.text.__lwp_cntrl_open
                0x00000000        0x0 c:/devkitpro/devkitppc/bin/../lib/gcc/powerpc-eabi/4.8.2/crtbegin.o
 .rela.text.__lwp_tqueue_open
                0x00000000        0x0 c:/devkitpro/devkitppc/bin/../lib/gcc/powerpc-eabi/4.8.2/crtbegin.o
 .rela.text.__lwp_cntrl_free
                0x00000000        0x0 c:/devkitpro/devkitppc/bin/../lib/gcc/powerpc-eabi/4.8.2/crtbegin.o
 .rela.text.__lwp_sysinit
                0x00000000        0x0 c:/devkitpro/devkitppc/bin/../lib/gcc/powerpc-eabi/4.8.2/crtbegin.o
 .rela.text.__lwp_thread_isalive
                0x00000000        0x0 c:/devkitpro/devkitppc/bin/../lib/gcc/powerpc-eabi/4.8.2/crtbegin.o
 .rela.text.__lwp_thread_exists
                0x00000000        0x0 c:/devkitpro/devkitppc/bin/../lib/gcc/powerpc-eabi/4.8.2/crtbegin.o
 .rela.text.__lwp_thread_context
                0x00000000        0x0 c:/devkitpro/devkitppc/bin/../lib/gcc/powerpc-eabi/4.8.2/crtbegin.o
 .rela.text.LWP_CreateThread
                0x00000000        0x0 c:/devkitpro/devkitppc/bin/../lib/gcc/powerpc-eabi/4.8.2/crtbegin.o
 .rela.text.LWP_InitQueue
                0x00000000        0x0 c:/devkitpro/devkitppc/bin/../lib/gcc/powerpc-eabi/4.8.2/crtbegin.o
 .rela.text.LWP_CloseQueue
                0x00000000        0x0 c:/devkitpro/devkitppc/bin/../lib/gcc/powerpc-eabi/4.8.2/crtbegin.o
 .rela.text.__lwp_stack_allocate
                0x00000000        0x0 c:/devkitpro/devkitppc/bin/../lib/gcc/powerpc-eabi/4.8.2/crtbegin.o
 .rela.text.__lwp_stack_free
                0x00000000        0x0 c:/devkitpro/devkitppc/bin/../lib/gcc/powerpc-eabi/4.8.2/crtbegin.o
 .rela.text.__lwp_watchdog_init
                0x00000000        0x0 c:/devkitpro/devkitppc/bin/../lib/gcc/powerpc-eabi/4.8.2/crtbegin.o
 .rela.text.__lwp_wd_tickle
                0x00000000        0x0 c:/devkitpro/devkitppc/bin/../lib/gcc/powerpc-eabi/4.8.2/crtbegin.o
 .rela.text.__lwp_wkspace_heapfree
                0x00000000        0x0 c:/devkitpro/devkitppc/bin/../lib/gcc/powerpc-eabi/4.8.2/crtbegin.o
 .rela.text.__lwp_wkspace_heapused
                0x00000000        0x0 c:/devkitpro/devkitppc/bin/../lib/gcc/powerpc-eabi/4.8.2/crtbegin.o
 .rela.text.__lwp_wkspace_init
                0x00000000        0x0 c:/devkitpro/devkitppc/bin/../lib/gcc/powerpc-eabi/4.8.2/crtbegin.o
 .rela.text.__lwp_objmgr_initinfo
                0x00000000        0x0 c:/devkitpro/devkitppc/bin/../lib/gcc/powerpc-eabi/4.8.2/crtbegin.o
 .rela.text.__systemcall_init
                0x00000000        0x0 c:/devkitpro/devkitppc/bin/../lib/gcc/powerpc-eabi/4.8.2/crtbegin.o
 .rela.text.__exception_init
                0x00000000        0x0 c:/devkitpro/devkitppc/bin/../lib/gcc/powerpc-eabi/4.8.2/crtbegin.o
 .rela.text.__exception_close
                0x00000000        0x0 c:/devkitpro/devkitppc/bin/../lib/gcc/powerpc-eabi/4.8.2/crtbegin.o
 .rela.text.__exception_sethandler
                0x00000000        0x0 c:/devkitpro/devkitppc/bin/../lib/gcc/powerpc-eabi/4.8.2/crtbegin.o
 .rela.text.__irq_init
                0x00000000        0x0 c:/devkitpro/devkitppc/bin/../lib/gcc/powerpc-eabi/4.8.2/crtbegin.o
 .rela.text.__lwp_sema_open
                0x00000000        0x0 c:/devkitpro/devkitppc/bin/../lib/gcc/powerpc-eabi/4.8.2/crtbegin.o
 .rela.text.__lwp_sema_init
                0x00000000        0x0 c:/devkitpro/devkitppc/bin/../lib/gcc/powerpc-eabi/4.8.2/crtbegin.o
 .rela.text.LWP_SemInit
                0x00000000        0x0 c:/devkitpro/devkitppc/bin/../lib/gcc/powerpc-eabi/4.8.2/crtbegin.o
 .rela.text.LWP_SemDestroy
                0x00000000        0x0 c:/devkitpro/devkitppc/bin/../lib/gcc/powerpc-eabi/4.8.2/crtbegin.o
 .rela.text.__lwp_mutex_locksupp.constprop.7
                0x00000000        0x0 c:/devkitpro/devkitppc/bin/../lib/gcc/powerpc-eabi/4.8.2/crtbegin.o
 .rela.text.__lwp_mutex_init
                0x00000000        0x0 c:/devkitpro/devkitppc/bin/../lib/gcc/powerpc-eabi/4.8.2/crtbegin.o
 .rela.text.LWP_MutexInit
                0x00000000        0x0 c:/devkitpro/devkitppc/bin/../lib/gcc/powerpc-eabi/4.8.2/crtbegin.o
 .rela.text.LWP_MutexDestroy
                0x00000000        0x0 c:/devkitpro/devkitppc/bin/../lib/gcc/powerpc-eabi/4.8.2/crtbegin.o
 .rela.text.LWP_MutexUnlock
                0x00000000        0x0 c:/devkitpro/devkitppc/bin/../lib/gcc/powerpc-eabi/4.8.2/crtbegin.o
 .rela.text.__GX_FifoLink
                0x00000000        0x0 c:/devkitpro/devkitppc/bin/../lib/gcc/powerpc-eabi/4.8.2/crtbegin.o
 .rela.text.__GX_WriteFifoIntEnable
                0x00000000        0x0 c:/devkitpro/devkitppc/bin/../lib/gcc/powerpc-eabi/4.8.2/crtbegin.o
 .rela.text.__GX_FifoReadEnable
                0x00000000        0x0 c:/devkitpro/devkitppc/bin/../lib/gcc/powerpc-eabi/4.8.2/crtbegin.o
 .rela.text.__GX_FifoReadDisable
                0x00000000        0x0 c:/devkitpro/devkitppc/bin/../lib/gcc/powerpc-eabi/4.8.2/crtbegin.o
 .rela.text.__GXDefTlutRegionCallback
                0x00000000        0x0 c:/devkitpro/devkitppc/bin/../lib/gcc/powerpc-eabi/4.8.2/crtbegin.o
 .rela.text.__GX_FlushTextureState
                0x00000000        0x0 c:/devkitpro/devkitppc/bin/../lib/gcc/powerpc-eabi/4.8.2/crtbegin.o
 .rela.text.__SetSURegs
                0x00000000        0x0 c:/devkitpro/devkitppc/bin/../lib/gcc/powerpc-eabi/4.8.2/crtbegin.o
 .rela.text.__SETVCDFMT
                0x00000000        0x0 c:/devkitpro/devkitppc/bin/../lib/gcc/powerpc-eabi/4.8.2/crtbegin.o
 .rela.text.__GX_SetMatrixIndex.part.1
                0x00000000        0x0 c:/devkitpro/devkitppc/bin/../lib/gcc/powerpc-eabi/4.8.2/crtbegin.o
 .rela.text.__SETVCDATTR
                0x00000000        0x0 c:/devkitpro/devkitppc/bin/../lib/gcc/powerpc-eabi/4.8.2/crtbegin.o
 .rela.text.__GXDefTexRegionCallback
                0x00000000        0x0 c:/devkitpro/devkitppc/bin/../lib/gcc/powerpc-eabi/4.8.2/crtbegin.o
 .rela.text.__GX_WriteFifoIntReset.constprop.11
                0x00000000        0x0 c:/devkitpro/devkitppc/bin/../lib/gcc/powerpc-eabi/4.8.2/crtbegin.o
 .rela.text.__GXCPInterruptHandler
                0x00000000        0x0 c:/devkitpro/devkitppc/bin/../lib/gcc/powerpc-eabi/4.8.2/crtbegin.o
 .rela.text.__GX_SetDirtyState
                0x00000000        0x0 c:/devkitpro/devkitppc/bin/../lib/gcc/powerpc-eabi/4.8.2/crtbegin.o
 .rela.text.GX_Flush
                0x00000000        0x0 c:/devkitpro/devkitppc/bin/../lib/gcc/powerpc-eabi/4.8.2/crtbegin.o
 .rela.text.GX_EnableBreakPt
                0x00000000        0x0 c:/devkitpro/devkitppc/bin/../lib/gcc/powerpc-eabi/4.8.2/crtbegin.o
 .rela.text.GX_DisableBreakPt
                0x00000000        0x0 c:/devkitpro/devkitppc/bin/../lib/gcc/powerpc-eabi/4.8.2/crtbegin.o
 .rela.text.GX_AbortFrame
                0x00000000        0x0 c:/devkitpro/devkitppc/bin/../lib/gcc/powerpc-eabi/4.8.2/crtbegin.o
 .rela.text.GX_PixModeSync
                0x00000000        0x0 c:/devkitpro/devkitppc/bin/../lib/gcc/powerpc-eabi/4.8.2/crtbegin.o
 .rela.text.GX_SetMisc
                0x00000000        0x0 c:/devkitpro/devkitppc/bin/../lib/gcc/powerpc-eabi/4.8.2/crtbegin.o
 .rela.text.GX_SetCopyClamp
                0x00000000        0x0 c:/devkitpro/devkitppc/bin/../lib/gcc/powerpc-eabi/4.8.2/crtbegin.o
 .rela.text.GX_SetDispCopyGamma
                0x00000000        0x0 c:/devkitpro/devkitppc/bin/../lib/gcc/powerpc-eabi/4.8.2/crtbegin.o
 .rela.text.GX_SetDispCopyFrame2Field
                0x00000000        0x0 c:/devkitpro/devkitppc/bin/../lib/gcc/powerpc-eabi/4.8.2/crtbegin.o
 .rela.text.GX_SetDispCopyYScale
                0x00000000        0x0 c:/devkitpro/devkitppc/bin/../lib/gcc/powerpc-eabi/4.8.2/crtbegin.o
 .rela.text.GX_SetDispCopyDst
                0x00000000        0x0 c:/devkitpro/devkitppc/bin/../lib/gcc/powerpc-eabi/4.8.2/crtbegin.o
 .rela.text.GX_SetDispCopySrc
                0x00000000        0x0 c:/devkitpro/devkitppc/bin/../lib/gcc/powerpc-eabi/4.8.2/crtbegin.o
 .rela.text.GX_CopyDisp
                0x00000000        0x0 c:/devkitpro/devkitppc/bin/../lib/gcc/powerpc-eabi/4.8.2/crtbegin.o
 .rela.text.GX_CopyTex
                0x00000000        0x0 c:/devkitpro/devkitppc/bin/../lib/gcc/powerpc-eabi/4.8.2/crtbegin.o
 .rela.text.GX_SetTexCopySrc
                0x00000000        0x0 c:/devkitpro/devkitppc/bin/../lib/gcc/powerpc-eabi/4.8.2/crtbegin.o
 .rela.text.GX_SetTexCopyDst
                0x00000000        0x0 c:/devkitpro/devkitppc/bin/../lib/gcc/powerpc-eabi/4.8.2/crtbegin.o
 .rela.text.GX_BeginDispList
                0x00000000        0x0 c:/devkitpro/devkitppc/bin/../lib/gcc/powerpc-eabi/4.8.2/crtbegin.o
 .rela.text.GX_EndDispList
                0x00000000        0x0 c:/devkitpro/devkitppc/bin/../lib/gcc/powerpc-eabi/4.8.2/crtbegin.o
 .rela.text.GX_CallDispList
                0x00000000        0x0 c:/devkitpro/devkitppc/bin/../lib/gcc/powerpc-eabi/4.8.2/crtbegin.o
 .rela.text.GX_SetChanCtrl
                0x00000000        0x0 c:/devkitpro/devkitppc/bin/../lib/gcc/powerpc-eabi/4.8.2/crtbegin.o
 .rela.text.GX_SetChanAmbColor
                0x00000000        0x0 c:/devkitpro/devkitppc/bin/../lib/gcc/powerpc-eabi/4.8.2/crtbegin.o
 .rela.text.GX_SetChanMatColor
                0x00000000        0x0 c:/devkitpro/devkitppc/bin/../lib/gcc/powerpc-eabi/4.8.2/crtbegin.o
 .rela.text.GX_SetVtxDesc
                0x00000000        0x0 c:/devkitpro/devkitppc/bin/../lib/gcc/powerpc-eabi/4.8.2/crtbegin.o
 .rela.text.GX_SetVtxDescv
                0x00000000        0x0 c:/devkitpro/devkitppc/bin/../lib/gcc/powerpc-eabi/4.8.2/crtbegin.o
 .rela.text.GX_GetVtxDescv
                0x00000000        0x0 c:/devkitpro/devkitppc/bin/../lib/gcc/powerpc-eabi/4.8.2/crtbegin.o
 .rela.text.GX_SetVtxAttrFmt
                0x00000000        0x0 c:/devkitpro/devkitppc/bin/../lib/gcc/powerpc-eabi/4.8.2/crtbegin.o
 .rela.text.GX_SetVtxAttrFmtv
                0x00000000        0x0 c:/devkitpro/devkitppc/bin/../lib/gcc/powerpc-eabi/4.8.2/crtbegin.o
 .rela.text.GX_Begin
                0x00000000        0x0 c:/devkitpro/devkitppc/bin/../lib/gcc/powerpc-eabi/4.8.2/crtbegin.o
 .rela.text.GX_SetTexCoordGen2
                0x00000000        0x0 c:/devkitpro/devkitppc/bin/../lib/gcc/powerpc-eabi/4.8.2/crtbegin.o
 .rela.text.GX_SetCurrentMtx
                0x00000000        0x0 c:/devkitpro/devkitppc/bin/../lib/gcc/powerpc-eabi/4.8.2/crtbegin.o
 .rela.text.GX_SetNumTexGens
                0x00000000        0x0 c:/devkitpro/devkitppc/bin/../lib/gcc/powerpc-eabi/4.8.2/crtbegin.o
 .rela.text.GX_SetZMode
                0x00000000        0x0 c:/devkitpro/devkitppc/bin/../lib/gcc/powerpc-eabi/4.8.2/crtbegin.o
 .rela.text.GX_LoadTexObjPreloaded
                0x00000000        0x0 c:/devkitpro/devkitppc/bin/../lib/gcc/powerpc-eabi/4.8.2/crtbegin.o
 .rela.text.GX_SetTexCoordScaleManually
                0x00000000        0x0 c:/devkitpro/devkitppc/bin/../lib/gcc/powerpc-eabi/4.8.2/crtbegin.o
 .rela.text.GX_SetTexCoordCylWrap
                0x00000000        0x0 c:/devkitpro/devkitppc/bin/../lib/gcc/powerpc-eabi/4.8.2/crtbegin.o
 .rela.text.GX_SetTexCoordBias
                0x00000000        0x0 c:/devkitpro/devkitppc/bin/../lib/gcc/powerpc-eabi/4.8.2/crtbegin.o
 .rela.text.GX_SetBlendMode
                0x00000000        0x0 c:/devkitpro/devkitppc/bin/../lib/gcc/powerpc-eabi/4.8.2/crtbegin.o
 .rela.text.GX_ClearVtxDesc
                0x00000000        0x0 c:/devkitpro/devkitppc/bin/../lib/gcc/powerpc-eabi/4.8.2/crtbegin.o
 .rela.text.GX_SetLineWidth
                0x00000000        0x0 c:/devkitpro/devkitppc/bin/../lib/gcc/powerpc-eabi/4.8.2/crtbegin.o
 .rela.text.GX_SetPointSize
                0x00000000        0x0 c:/devkitpro/devkitppc/bin/../lib/gcc/powerpc-eabi/4.8.2/crtbegin.o
 .rela.text.GX_SetTevColorIn
                0x00000000        0x0 c:/devkitpro/devkitppc/bin/../lib/gcc/powerpc-eabi/4.8.2/crtbegin.o
 .rela.text.GX_SetTevAlphaIn
                0x00000000        0x0 c:/devkitpro/devkitppc/bin/../lib/gcc/powerpc-eabi/4.8.2/crtbegin.o
 .rela.text.GX_SetTevColorOp
                0x00000000        0x0 c:/devkitpro/devkitppc/bin/../lib/gcc/powerpc-eabi/4.8.2/crtbegin.o
 .rela.text.GX_SetTevAlphaOp
                0x00000000        0x0 c:/devkitpro/devkitppc/bin/../lib/gcc/powerpc-eabi/4.8.2/crtbegin.o
 .rela.text.GX_SetCullMode
                0x00000000        0x0 c:/devkitpro/devkitppc/bin/../lib/gcc/powerpc-eabi/4.8.2/crtbegin.o
 .rela.text.GX_SetCoPlanar
                0x00000000        0x0 c:/devkitpro/devkitppc/bin/../lib/gcc/powerpc-eabi/4.8.2/crtbegin.o
 .rela.text.GX_EnableTexOffsets
                0x00000000        0x0 c:/devkitpro/devkitppc/bin/../lib/gcc/powerpc-eabi/4.8.2/crtbegin.o
 .rela.text.GX_SetScissor
                0x00000000        0x0 c:/devkitpro/devkitppc/bin/../lib/gcc/powerpc-eabi/4.8.2/crtbegin.o
 .rela.text.GX_SetNumChans
                0x00000000        0x0 c:/devkitpro/devkitppc/bin/../lib/gcc/powerpc-eabi/4.8.2/crtbegin.o
 .rela.text.GX_SetTevOrder
                0x00000000        0x0 c:/devkitpro/devkitppc/bin/../lib/gcc/powerpc-eabi/4.8.2/crtbegin.o
 .rela.text.GX_SetNumTevStages
                0x00000000        0x0 c:/devkitpro/devkitppc/bin/../lib/gcc/powerpc-eabi/4.8.2/crtbegin.o
 .rela.text.GX_SetTevKColorSel
                0x00000000        0x0 c:/devkitpro/devkitppc/bin/../lib/gcc/powerpc-eabi/4.8.2/crtbegin.o
 .rela.text.GX_SetTevKAlphaSel
                0x00000000        0x0 c:/devkitpro/devkitppc/bin/../lib/gcc/powerpc-eabi/4.8.2/crtbegin.o
 .rela.text.GX_SetTevSwapMode
                0x00000000        0x0 c:/devkitpro/devkitppc/bin/../lib/gcc/powerpc-eabi/4.8.2/crtbegin.o
 .rela.text.GX_SetTevSwapModeTable
                0x00000000        0x0 c:/devkitpro/devkitppc/bin/../lib/gcc/powerpc-eabi/4.8.2/crtbegin.o
 .rela.text.GX_SetNumIndStages
                0x00000000        0x0 c:/devkitpro/devkitppc/bin/../lib/gcc/powerpc-eabi/4.8.2/crtbegin.o
 .rela.text.GX_SetIndTexCoordScale
                0x00000000        0x0 c:/devkitpro/devkitppc/bin/../lib/gcc/powerpc-eabi/4.8.2/crtbegin.o
 .rela.text.GX_SetColorUpdate
                0x00000000        0x0 c:/devkitpro/devkitppc/bin/../lib/gcc/powerpc-eabi/4.8.2/crtbegin.o
 .rela.text.GX_SetAlphaUpdate
                0x00000000        0x0 c:/devkitpro/devkitppc/bin/../lib/gcc/powerpc-eabi/4.8.2/crtbegin.o
 .rela.text.GX_SetZCompLoc
                0x00000000        0x0 c:/devkitpro/devkitppc/bin/../lib/gcc/powerpc-eabi/4.8.2/crtbegin.o
 .rela.text.GX_SetPixelFmt
                0x00000000        0x0 c:/devkitpro/devkitppc/bin/../lib/gcc/powerpc-eabi/4.8.2/crtbegin.o
 .rela.text.GX_SetDither
                0x00000000        0x0 c:/devkitpro/devkitppc/bin/../lib/gcc/powerpc-eabi/4.8.2/crtbegin.o
 .rela.text.GX_SetDstAlpha
                0x00000000        0x0 c:/devkitpro/devkitppc/bin/../lib/gcc/powerpc-eabi/4.8.2/crtbegin.o
 .rela.text.GX_SetFieldMode
                0x00000000        0x0 c:/devkitpro/devkitppc/bin/../lib/gcc/powerpc-eabi/4.8.2/crtbegin.o
 .rela.text.GX_SetIndTexOrder
                0x00000000        0x0 c:/devkitpro/devkitppc/bin/../lib/gcc/powerpc-eabi/4.8.2/crtbegin.o
 .rela.text.GX_SetGPMetric
                0x00000000        0x0 c:/devkitpro/devkitppc/bin/../lib/gcc/powerpc-eabi/4.8.2/crtbegin.o
 .rela.text.GX_Init
                0x00000000        0x0 c:/devkitpro/devkitppc/bin/../lib/gcc/powerpc-eabi/4.8.2/crtbegin.o
 .rela.text.GX_ReadGPMetric
                0x00000000        0x0 c:/devkitpro/devkitppc/bin/../lib/gcc/powerpc-eabi/4.8.2/crtbegin.o
 .rela.text.kprintf
                0x00000000        0x0 c:/devkitpro/devkitppc/bin/../lib/gcc/powerpc-eabi/4.8.2/crtbegin.o
 .rela.text.sinef
                0x00000000        0x0 c:/devkitpro/devkitppc/bin/../lib/gcc/powerpc-eabi/4.8.2/crtbegin.o
 .rela.text.sqrtf
                0x00000000        0x0 c:/devkitpro/devkitppc/bin/../lib/gcc/powerpc-eabi/4.8.2/crtbegin.o
 .rela.text.calloc
                0x00000000        0x0 c:/devkitpro/devkitppc/bin/../lib/gcc/powerpc-eabi/4.8.2/crtbegin.o
 .rela.text.__errno
                0x00000000        0x0 c:/devkitpro/devkitppc/bin/../lib/gcc/powerpc-eabi/4.8.2/crtbegin.o
 .rela.text.exit
                0x00000000        0x0 c:/devkitpro/devkitppc/bin/../lib/gcc/powerpc-eabi/4.8.2/crtbegin.o
 .rela.text.setvbuf
                0x00000000        0x0 c:/devkitpro/devkitppc/bin/../lib/gcc/powerpc-eabi/4.8.2/crtbegin.o
 .rela.text._vfprintf_r
                0x00000000        0x0 c:/devkitpro/devkitppc/bin/../lib/gcc/powerpc-eabi/4.8.2/crtbegin.o
 .rela.text._wcrtomb_r
                0x00000000        0x0 c:/devkitpro/devkitppc/bin/../lib/gcc/powerpc-eabi/4.8.2/crtbegin.o
 .rela.text.wcrtomb
                0x00000000        0x0 c:/devkitpro/devkitppc/bin/../lib/gcc/powerpc-eabi/4.8.2/crtbegin.o
 .rela.text.__call_exitprocs
                0x00000000        0x0 c:/devkitpro/devkitppc/bin/../lib/gcc/powerpc-eabi/4.8.2/crtbegin.o
 .rela.text._dtoa_r
                0x00000000        0x0 c:/devkitpro/devkitppc/bin/../lib/gcc/powerpc-eabi/4.8.2/crtbegin.o
 .rela.text._cleanup_r
                0x00000000        0x0 c:/devkitpro/devkitppc/bin/../lib/gcc/powerpc-eabi/4.8.2/crtbegin.o
 .rela.text.std.isra.0
                0x00000000        0x0 c:/devkitpro/devkitppc/bin/../lib/gcc/powerpc-eabi/4.8.2/crtbegin.o
 .rela.text._cleanup
                0x00000000        0x0 c:/devkitpro/devkitppc/bin/../lib/gcc/powerpc-eabi/4.8.2/crtbegin.o
 .rela.text.loadlocale
                0x00000000        0x0 c:/devkitpro/devkitppc/bin/../lib/gcc/powerpc-eabi/4.8.2/crtbegin.o
 .rela.text.__smakebuf_r
                0x00000000        0x0 c:/devkitpro/devkitppc/bin/../lib/gcc/powerpc-eabi/4.8.2/crtbegin.o
 .rela.text.strcasecmp
                0x00000000        0x0 c:/devkitpro/devkitppc/bin/../lib/gcc/powerpc-eabi/4.8.2/crtbegin.o
 .rela.text.strncasecmp
                0x00000000        0x0 c:/devkitpro/devkitppc/bin/../lib/gcc/powerpc-eabi/4.8.2/crtbegin.o
 .rela.text._strtol_r
                0x00000000        0x0 c:/devkitpro/devkitppc/bin/../lib/gcc/powerpc-eabi/4.8.2/crtbegin.o
 .rela.text._findenv_r
                0x00000000        0x0 c:/devkitpro/devkitppc/bin/../lib/gcc/powerpc-eabi/4.8.2/crtbegin.o

.rel.fini
 *(.rel.fini)

.rela.fini
 *(.rela.fini)

.rel.rodata
 *(.rel.rodata .rel.rodata.* .rel.gnu.linkonce.r.*)

.rela.rodata
 *(.rela.rodata .rela.rodata.* .rela.gnu.linkonce.r.*)

.rel.data
 *(.rel.data .rel.data.* .rel.gnu.linkonce.d.*)

.rela.data
 *(.rela.data .rela.data.* .rela.gnu.linkonce.d.*)

.rel.tdata
 *(.rel.tdata .rel.tdata.* .rel.gnu.linkonce.td.*)

.rela.tdata
 *(.rela.tdata .rela.tdata.* .rela.gnu.linkonce.td.*)

.rel.tbss
 *(.rel.tbss .rel.tbss.* .rel.gnu.linkonce.tb.*)

.rela.tbss
 *(.rela.tbss .rela.tbss.* .rela.gnu.linkonce.tb.*)

.rel.ctors
 *(.rel.ctors)

.rela.ctors
 *(.rela.ctors)

.rel.dtors
 *(.rel.dtors)

.rela.dtors
 *(.rela.dtors)

.rel.got
 *(.rel.got)

.rela.got
 *(.rela.got)

.rela.got1
 *(.rela.got1)

.rela.got2      0x80003294        0x0
 *(.rela.got2)
 .rela.got2     0x00000000        0x0 c:/devkitpro/devkitppc/bin/../lib/gcc/powerpc-eabi/4.8.2/crtbegin.o

.rel.sdata
 *(.rel.sdata .rel.sdata.* .rel.gnu.linkonce.s.*)

.rela.sdata
 *(.rela.sdata .rela.sdata.* .rela.gnu.linkonce.s.*)

.rel.sbss
 *(.rel.sbss .rel.sbss.* .rel.gnu.linkonce.sb.*)

.rela.sbss
 *(.rela.sbss .rela.sbss.* .rel.gnu.linkonce.sb.*)

.rel.sdata2
 *(.rel.sdata2 .rel.sdata2.* .rel.gnu.linkonce.s2.*)

.rela.sdata2    0x80003294        0x0
 *(.rela.sdata2 .rela.sdata2.* .rela.gnu.linkonce.s2.*)
 .rela.sdata2.__sys_inIPL
                0x00000000        0x0 c:/devkitpro/devkitppc/bin/../lib/gcc/powerpc-eabi/4.8.2/crtbegin.o

.rel.sbss2
 *(.rel.sbss2 .rel.sbss2.* .rel.gnu.linkonce.sb2.*)

.rela.sbss2
 *(.rela.sbss2 .rela.sbss2.* .rela.gnu.linkonce.sb2.*)

.rel.bss
 *(.rel.bss .rel.bss.* .rel.gnu.linkonce.b.*)

.rela.bss
 *(.rela.bss .rela.bss.* .rela.gnu.linkonce.b.*)

.rel.plt
 *(.rel.plt)

.rela.plt
 *(.rela.plt)

.text           0x800032a0    0x16e80
 *(.text)
 .text          0x800032a0      0x1e0 c:/devkitpro/devkitppc/bin/../lib/gcc/powerpc-eabi/4.8.2/crtbegin.o
 .text          0x80003480       0x44 c:/devkitpro/devkitppc/bin/../lib/gcc/powerpc-eabi/4.8.2/../../../../powerpc-eabi/lib/crtmain.o
                0x80003484                __crtmain
 .text          0x800034c4      0x434 c:/devkitPro/libogc/lib/cube\libogc.a(system_asm.o)
                0x800034c4                __realmode
                0x800034dc                __configBATS
                0x800035b0                __InitFPRS
                0x800036dc                __InitPS
                0x80003738                __InitCache
                0x80003790                __InitSystem
                0x80003808                __flush_cache
                0x8000383c                __reset
                0x800038ac                __InitBATS
                0x800038c8                SYS_SwitchFiber
 *fill*         0x800038f8        0x8 00000000
 .text          0x80003900      0x44c c:/devkitPro/libogc/lib/cube\libogc.a(lwp_handler.o)
                0x80003900                _cpu_context_save_fp
                0x80003a40                _cpu_context_restore_fp
                0x80003b80                _cpu_context_switch
                0x80003c60                _cpu_context_save
                0x80003ce0                _cpu_context_restore
 .text          0x80003d4c      0x1ac c:/devkitPro/libogc/lib/cube\libogc.a(irq_handler.o)
                0x80003d4c                irq_exceptionhandler
 .text          0x80003ef8      0x118 c:/devkitPro/libogc/lib/cube\libogc.a(video_asm.o)
                0x80003ef8                __VIClearFramebuffer
 .text          0x80004010      0x4f4 c:/devkitPro/libogc/lib/cube\libogc.a(cache_asm.o)
                0x80004010                DCFlashInvalidate
                0x80004024                DCEnable
                0x80004038                DCDisable
                0x8000404c                DCFreeze
                0x80004060                DCUnfreeze
                0x80004074                DCTouchLoad
                0x8000407c                DCBlockZero
                0x80004084                DCBlockStore
                0x8000408c                DCBlockFlush
                0x80004094                DCBlockInvalidate
                0x8000409c                DCInvalidateRange
                0x800040cc                DCFlushRange
                0x80004100                DCStoreRange
                0x80004134                DCFlushRangeNoSync
                0x80004164                DCStoreRangeNoSync
                0x80004194                DCZeroRange
                0x800041c4                DCTouchRange
                0x800041f4                ICInvalidateRange
                0x8000422c                ICFlashInvalidate
                0x80004240                ICEnable
                0x80004254                ICDisable
                0x80004268                ICFreeze
                0x8000427c                ICUnfreeze
                0x80004290                ICBlockInvalidate
                0x80004298                ICSync
                0x800042a0                L2Init
                0x800042e8                L2Enable
                0x80004304                L2Disable
                0x8000431c                L2GlobalInvalidate
                0x80004374                __LCEnable
                0x80004440                LCDisable
                0x80004468                LCAllocOneTag
                0x8000447c                LCAllocTags
                0x800044bc                LCLoadBlocks
                0x800044e0                LCStoreBlocks
 .text          0x80004504      0x1ac c:/devkitPro/libogc/lib/cube\libogc.a(decrementer_handler.o)
                0x80004504                dec_exceptionhandler
 .text          0x800046b0      0x35c c:/devkitPro/libogc/lib/cube\libogc.a(exception_handler.o)
                0x800046b0                exceptionhandler_start
                0x8000472c                exceptionhandler_patch
                0x80004760                exceptionhandler_end
                0x80004764                default_exceptionhandler
                0x80004894                fpu_exceptionhandler
                0x800049dc                systemcallhandler_start
                0x80004a08                systemcallhandler_end
 .text          0x80004a0c       0x40 c:/devkitpro/devkitppc/bin/../lib/gcc/powerpc-eabi/4.8.2\libgcc.a(_ashldi3.o)
                0x80004a0c                __ashldi3
 .text          0x80004a4c      0x414 c:/devkitpro/devkitppc/bin/../lib/gcc/powerpc-eabi/4.8.2\libgcc.a(_udivdi3.o)
                0x80004a4c                __udivdi3
 .text          0x80004e60      0x3b8 c:/devkitpro/devkitppc/bin/../lib/gcc/powerpc-eabi/4.8.2\libgcc.a(_umoddi3.o)
                0x80004e60                __umoddi3
 .text          0x80005218       0x48 c:/devkitpro/devkitppc/bin/../lib/gcc/powerpc-eabi/4.8.2\libgcc.a(eabi.o)
                0x80005218                __eabi
 .text          0x80005260       0x58 c:/devkitpro/devkitppc/bin/../lib/gcc/powerpc-eabi/4.8.2\libgcc.a(crtresxgpr.o)
                0x80005260                _restgpr_14_x
                0x80005264                _restgpr_15_x
                0x80005268                _restgpr_16_x
                0x8000526c                _restgpr_17_x
                0x80005270                _restgpr_18_x
                0x80005274                _restgpr_19_x
                0x80005278                _restgpr_20_x
                0x8000527c                _restgpr_21_x
                0x80005280                _restgpr_22_x
                0x80005284                _restgpr_23_x
                0x80005288                _restgpr_24_x
                0x8000528c                _restgpr_25_x
                0x80005290                _restgpr_26_x
                0x80005294                _restgpr_27_x
                0x80005298                _restgpr_28_x
                0x8000529c                _restgpr_29_x
                0x800052a0                _restgpr_30_x
                0x800052a4                _restgpr_31_x
 .text          0x800052b8       0x28 c:/devkitpro/devkitppc/bin/../lib/gcc/powerpc-eabi/4.8.2/../../../../powerpc-eabi/lib\libsysbase.a(abort.o)
                0x800052b8                abort
 .text          0x800052e0       0x28 c:/devkitpro/devkitppc/bin/../lib/gcc/powerpc-eabi/4.8.2/../../../../powerpc-eabi/lib\libsysbase.a(_exit.o)
                0x800052e0                _exit
 .text          0x80005308       0x88 c:/devkitpro/devkitppc/bin/../lib/gcc/powerpc-eabi/4.8.2/../../../../powerpc-eabi/lib\libsysbase.a(build_argv.o)
                0x80005308                build_argv
 .text          0x80005390       0xb0 c:/devkitpro/devkitppc/bin/../lib/gcc/powerpc-eabi/4.8.2/../../../../powerpc-eabi/lib\libsysbase.a(syscall_support.o)
                0x80005390                __libc_lock_init
                0x800053b0                __libc_lock_close
                0x800053d0                __libc_lock_release
                0x800053f0                __libc_lock_acquire
                0x80005410                __malloc_lock
                0x80005428                __malloc_unlock
 .text          0x80005440       0xa0 c:/devkitpro/devkitppc/bin/../lib/gcc/powerpc-eabi/4.8.2/../../../../powerpc-eabi/lib\libsysbase.a(close.o)
                0x80005440                _close_r
 .text          0x800054e0       0xb0 c:/devkitpro/devkitppc/bin/../lib/gcc/powerpc-eabi/4.8.2/../../../../powerpc-eabi/lib\libsysbase.a(fstat.o)
                0x800054e0                _fstat_r
 .text          0x80005590        0x8 c:/devkitpro/devkitppc/bin/../lib/gcc/powerpc-eabi/4.8.2/../../../../powerpc-eabi/lib\libsysbase.a(isatty.o)
                0x80005590                _isatty_r
 .text          0x80005598       0xc0 c:/devkitpro/devkitppc/bin/../lib/gcc/powerpc-eabi/4.8.2/../../../../powerpc-eabi/lib\libsysbase.a(lseek.o)
                0x80005598                _lseek_r
 .text          0x80005658       0xb0 c:/devkitpro/devkitppc/bin/../lib/gcc/powerpc-eabi/4.8.2/../../../../powerpc-eabi/lib\libsysbase.a(read.o)
                0x80005658                _read_r
 .text          0x80005708       0x28 c:/devkitpro/devkitppc/bin/../lib/gcc/powerpc-eabi/4.8.2/../../../../powerpc-eabi/lib\libsysbase.a(sbrk.o)
                0x80005708                _sbrk_r
 .text          0x80005730       0xb8 c:/devkitpro/devkitppc/bin/../lib/gcc/powerpc-eabi/4.8.2/../../../../powerpc-eabi/lib\libsysbase.a(write.o)
                0x80005730                _write_r
 .text          0x800057e8       0x4c c:/devkitpro/devkitppc/bin/../lib/gcc/powerpc-eabi/4.8.2/../../../../powerpc-eabi/lib\libsysbase.a(flock.o)
                0x800057e8                __flockfile
                0x8000582c                __funlockfile
 .text          0x80005834      0x174 c:/devkitpro/devkitppc/bin/../lib/gcc/powerpc-eabi/4.8.2/../../../../powerpc-eabi/lib\libsysbase.a(handle_manager.o)
                0x80005834                __release_handle
                0x80005890                __alloc_handle
                0x80005980                __get_handle
 .text          0x800059a8       0x68 c:/devkitpro/devkitppc/bin/../lib/gcc/powerpc-eabi/4.8.2/crtend.o
 *(.text.*)
 .text.Initialise
                0x80005a10       0xbc main.o
                0x80005a10                Initialise
 .text.startup.main
                0x80005acc      0x2d0 main.o
                0x80005acc                main
 .text.__console_clear_line
                0x80005d9c       0x80 c:/devkitPro/libogc/lib/cube\libogc.a(console.o)
 .text.__console_clear
                0x80005e1c       0x58 c:/devkitPro/libogc/lib/cube\libogc.a(console.o)
 .text.__console_write
                0x80005e74      0x6a0 c:/devkitPro/libogc/lib/cube\libogc.a(console.o)
                0x80005e74                __console_write
 .text.__console_init
                0x80006514      0x108 c:/devkitPro/libogc/lib/cube\libogc.a(console.o)
                0x80006514                __console_init
 .text.CON_Init
                0x8000661c        0x4 c:/devkitPro/libogc/lib/cube\libogc.a(console.o)
                0x8000661c                CON_Init
 .text.CON_EnableGecko
                0x80006620       0xb0 c:/devkitPro/libogc/lib/cube\libogc.a(console.o)
                0x80006620                CON_EnableGecko
 .text.__setVerticalRegs
                0x800066d0       0xcc c:/devkitPro/libogc/lib/cube\libogc.a(video.o)
 .text.__adjustPosition
                0x8000679c      0x158 c:/devkitPro/libogc/lib/cube\libogc.a(video.o)
 .text.__getCurrentHalfLine
                0x800068f4       0x5c c:/devkitPro/libogc/lib/cube\libogc.a(video.o)
 .text.__VIRetraceHandler
                0x80006950      0x19c c:/devkitPro/libogc/lib/cube\libogc.a(video.o)
 .text.__setFbbRegs.constprop.1
                0x80006aec      0x1b4 c:/devkitPro/libogc/lib/cube\libogc.a(video.o)
 .text.VIDEO_Init
                0x80006ca0      0x40c c:/devkitPro/libogc/lib/cube\libogc.a(video.o)
                0x80006ca0                VIDEO_Init
 .text.VIDEO_Configure
                0x800070ac      0x394 c:/devkitPro/libogc/lib/cube\libogc.a(video.o)
                0x800070ac                VIDEO_Configure
 .text.VIDEO_WaitVSync
                0x80007440       0x68 c:/devkitPro/libogc/lib/cube\libogc.a(video.o)
                0x80007440                VIDEO_WaitVSync
 .text.VIDEO_SetFramebuffer
                0x800074a8       0xfc c:/devkitPro/libogc/lib/cube\libogc.a(video.o)
                0x800074a8                VIDEO_SetFramebuffer
 .text.VIDEO_SetNextFramebuffer
                0x800075a4       0x64 c:/devkitPro/libogc/lib/cube\libogc.a(video.o)
                0x800075a4                VIDEO_SetNextFramebuffer
 .text.VIDEO_Flush
                0x80007608       0xfc c:/devkitPro/libogc/lib/cube\libogc.a(video.o)
                0x80007608                VIDEO_Flush
 .text.VIDEO_SetBlack
                0x80007704       0x8c c:/devkitPro/libogc/lib/cube\libogc.a(video.o)
                0x80007704                VIDEO_SetBlack
 .text.VIDEO_GetCurrentTvMode
                0x80007790       0x70 c:/devkitPro/libogc/lib/cube\libogc.a(video.o)
                0x80007790                VIDEO_GetCurrentTvMode
 .text.VIDEO_GetPreferredMode
                0x80007800       0x80 c:/devkitPro/libogc/lib/cube\libogc.a(video.o)
                0x80007800                VIDEO_GetPreferredMode
 .text.VIDEO_GetCurrentLine
                0x80007880       0x6c c:/devkitPro/libogc/lib/cube\libogc.a(video.o)
                0x80007880                VIDEO_GetCurrentLine
 .text.VIDEO_GetFrameBufferSize
                0x800078ec       0x30 c:/devkitPro/libogc/lib/cube\libogc.a(video.o)
                0x800078ec                VIDEO_GetFrameBufferSize
 .text.VIDEO_ClearFrameBuffer
                0x8000791c       0x3c c:/devkitPro/libogc/lib/cube\libogc.a(video.o)
                0x8000791c                VIDEO_ClearFrameBuffer
 .text.SPEC0_MakeStatus
                0x80007958      0x108 c:/devkitPro/libogc/lib/cube\libogc.a(pad.o)
 .text.SPEC1_MakeStatus
                0x80007a60      0x108 c:/devkitPro/libogc/lib/cube\libogc.a(pad.o)
 .text.__pad_clampS8
                0x80007b68       0x34 c:/devkitPro/libogc/lib/cube\libogc.a(pad.o)
 .text.SPEC2_MakeStatus
                0x80007b9c      0x134 c:/devkitPro/libogc/lib/cube\libogc.a(pad.o)
 .text.__pad_samplinghandler
                0x80007cd0        0x4 c:/devkitPro/libogc/lib/cube\libogc.a(pad.o)
 .text.__pad_doreset
                0x80007cd4       0x50 c:/devkitPro/libogc/lib/cube\libogc.a(pad.o)
 .text.__pad_updateorigin
                0x80007d24       0x84 c:/devkitPro/libogc/lib/cube\libogc.a(pad.o)
 .text.__pad_disable
                0x80007da8       0xa4 c:/devkitPro/libogc/lib/cube\libogc.a(pad.o)
 .text.__pad_enable
                0x80007e4c       0x50 c:/devkitPro/libogc/lib/cube\libogc.a(pad.o)
 .text.__pad_typeandstatuscallback
                0x80007e9c      0x14c c:/devkitPro/libogc/lib/cube\libogc.a(pad.o)
 .text.__pad_probecallback
                0x80007fe8       0x44 c:/devkitPro/libogc/lib/cube\libogc.a(pad.o)
 .text.__pad_origincallback
                0x8000802c       0x34 c:/devkitPro/libogc/lib/cube\libogc.a(pad.o)
 .text.__pad_originupdatecallback
                0x80008060       0x60 c:/devkitPro/libogc/lib/cube\libogc.a(pad.o)
 .text.__pad_receivecheckcallback
                0x800080c0       0x88 c:/devkitPro/libogc/lib/cube\libogc.a(pad.o)
 .text.__PADDisableRecalibration
                0x80008148       0x64 c:/devkitPro/libogc/lib/cube\libogc.a(pad.o)
                0x80008148                __PADDisableRecalibration
 .text.PAD_Reset
                0x800081ac       0xbc c:/devkitPro/libogc/lib/cube\libogc.a(pad.o)
                0x800081ac                PAD_Reset
 .text.PAD_Read
                0x80008268      0x248 c:/devkitPro/libogc/lib/cube\libogc.a(pad.o)
                0x80008268                PAD_Read
 .text.PAD_Recalibrate
                0x800084b0       0x40 c:/devkitPro/libogc/lib/cube\libogc.a(pad.o)
                0x800084b0                PAD_Recalibrate
 .text.PAD_Sync
                0x800084f0       0x44 c:/devkitPro/libogc/lib/cube\libogc.a(pad.o)
                0x800084f0                PAD_Sync
 .text.PAD_SetSpec
                0x80008534       0x50 c:/devkitPro/libogc/lib/cube\libogc.a(pad.o)
                0x80008534                PAD_SetSpec
 .text.PAD_Init
                0x80008584       0xd0 c:/devkitPro/libogc/lib/cube\libogc.a(pad.o)
                0x80008584                PAD_Init
 .text.PAD_SetSamplingCallback
                0x80008654       0x40 c:/devkitPro/libogc/lib/cube\libogc.a(pad.o)
                0x80008654                PAD_SetSamplingCallback
 .text.__pad_onreset
                0x80008694       0x70 c:/devkitPro/libogc/lib/cube\libogc.a(pad.o)
 .text.PAD_ScanPads
                0x80008704      0x114 c:/devkitPro/libogc/lib/cube\libogc.a(pad.o)
                0x80008704                PAD_ScanPads
 .text.PAD_ButtonsUp
                0x80008818       0x34 c:/devkitPro/libogc/lib/cube\libogc.a(pad.o)
                0x80008818                PAD_ButtonsUp
 .text.PAD_ButtonsDown
                0x8000884c       0x34 c:/devkitPro/libogc/lib/cube\libogc.a(pad.o)
                0x8000884c                PAD_ButtonsDown
 .text.PAD_ButtonsHeld
                0x80008880       0x34 c:/devkitPro/libogc/lib/cube\libogc.a(pad.o)
                0x80008880                PAD_ButtonsHeld
 .text.__reload
                0x800088b4       0x14 c:/devkitPro/libogc/lib/cube\libogc.a(system.o)
                0x800088b4                __reload
 .text.__call_resetfuncs
                0x800088c8       0x8c c:/devkitPro/libogc/lib/cube\libogc.a(system.o)
 .text.__MEMInterruptHandler
                0x80008954       0x14 c:/devkitPro/libogc/lib/cube\libogc.a(system.o)
 .text.__RSWDefaultHandler
                0x80008968        0x4 c:/devkitPro/libogc/lib/cube\libogc.a(system.o)
 .text.__locksram
                0x8000896c       0x68 c:/devkitPro/libogc/lib/cube\libogc.a(system.o)
 .text.__RSWHandler
                0x800089d4       0x98 c:/devkitPro/libogc/lib/cube\libogc.a(system.o)
 .text.__lwp_thread_dispatchenable
                0x80008a6c       0x18 c:/devkitPro/libogc/lib/cube\libogc.a(system.o)
 .text.__lwp_wd_insert_ticks
                0x80008a84       0x70 c:/devkitPro/libogc/lib/cube\libogc.a(system.o)
 .text.__sram_write
                0x80008af4      0x100 c:/devkitPro/libogc/lib/cube\libogc.a(system.o)
 .text.__sram_writecallback
                0x80008bf4       0x48 c:/devkitPro/libogc/lib/cube\libogc.a(system.o)
 .text.__mem_onreset
                0x80008c3c       0x48 c:/devkitPro/libogc/lib/cube\libogc.a(system.o)
 .text.__lwp_syswd_open
                0x80008c84       0x30 c:/devkitPro/libogc/lib/cube\libogc.a(system.o)
 .text.__unlocksram
                0x80008cb4      0x118 c:/devkitPro/libogc/lib/cube\libogc.a(system.o)
 .text.__sys_alarmhandler
                0x80008dcc       0x94 c:/devkitPro/libogc/lib/cube\libogc.a(system.o)
 .text.__sram_init
                0x80008e60      0x128 c:/devkitPro/libogc/lib/cube\libogc.a(system.o)
                0x80008e60                __sram_init
 .text.__SYS_LockSram
                0x80008f88        0x8 c:/devkitPro/libogc/lib/cube\libogc.a(system.o)
                0x80008f88                __SYS_LockSram
 .text.__SYS_LockSramEx
                0x80008f90        0x8 c:/devkitPro/libogc/lib/cube\libogc.a(system.o)
                0x80008f90                __SYS_LockSramEx
 .text.__SYS_UnlockSram
                0x80008f98        0x8 c:/devkitPro/libogc/lib/cube\libogc.a(system.o)
                0x80008f98                __SYS_UnlockSram
 .text.__SYS_UnlockSramEx
                0x80008fa0        0x8 c:/devkitPro/libogc/lib/cube\libogc.a(system.o)
                0x80008fa0                __SYS_UnlockSramEx
 .text._V_EXPORTNAME
                0x80008fa8       0x1c c:/devkitPro/libogc/lib/cube\libogc.a(system.o)
                0x80008fa8                _V_EXPORTNAME
 .text.__SYS_PreInit
                0x80008fc4        0x4 c:/devkitPro/libogc/lib/cube\libogc.a(system.o)
                0x80008fc4                __SYS_PreInit
 .text.SYS_PreMain
                0x80008fc8        0x4 c:/devkitPro/libogc/lib/cube\libogc.a(system.o)
                0x80008fc8                SYS_PreMain
 .text.SYS_ResetButtonDown
                0x80008fcc       0x18 c:/devkitPro/libogc/lib/cube\libogc.a(system.o)
                0x80008fcc                SYS_ResetButtonDown
 .text.SYS_ResetSystem
                0x80008fe4      0x288 c:/devkitPro/libogc/lib/cube\libogc.a(system.o)
                0x80008fe4                SYS_ResetSystem
 .text.__libogc_exit
                0x8000926c       0x34 c:/devkitPro/libogc/lib/cube\libogc.a(system.o)
                0x8000926c                __libogc_exit
 .text.SYS_RegisterResetFunc
                0x800092a0       0x80 c:/devkitPro/libogc/lib/cube\libogc.a(system.o)
                0x800092a0                SYS_RegisterResetFunc
 .text.SYS_SetArena1Lo
                0x80009320       0x40 c:/devkitPro/libogc/lib/cube\libogc.a(system.o)
                0x80009320                SYS_SetArena1Lo
 .text.SYS_GetArena1Lo
                0x80009360       0x40 c:/devkitPro/libogc/lib/cube\libogc.a(system.o)
                0x80009360                SYS_GetArena1Lo
 .text.SYS_SetArena1Hi
                0x800093a0       0x40 c:/devkitPro/libogc/lib/cube\libogc.a(system.o)
                0x800093a0                SYS_SetArena1Hi
 .text.SYS_GetArena1Hi
                0x800093e0       0x40 c:/devkitPro/libogc/lib/cube\libogc.a(system.o)
                0x800093e0                SYS_GetArena1Hi
 .text.SYS_Init
                0x80009420      0x600 c:/devkitPro/libogc/lib/cube\libogc.a(system.o)
                0x80009420                SYS_Init
 .text.SYS_AllocateFramebuffer
                0x80009a20       0x28 c:/devkitPro/libogc/lib/cube\libogc.a(system.o)
                0x80009a20                SYS_AllocateFramebuffer
 .text.SYS_CreateAlarm
                0x80009a48       0xa8 c:/devkitPro/libogc/lib/cube\libogc.a(system.o)
                0x80009a48                SYS_CreateAlarm
 .text.SYS_SetAlarm
                0x80009af0       0xd4 c:/devkitPro/libogc/lib/cube\libogc.a(system.o)
                0x80009af0                SYS_SetAlarm
 .text.SYS_CancelAlarm
                0x80009bc4       0x70 c:/devkitPro/libogc/lib/cube\libogc.a(system.o)
                0x80009bc4                SYS_CancelAlarm
 .text.SYS_SetWirelessID
                0x80009c34       0x58 c:/devkitPro/libogc/lib/cube\libogc.a(system.o)
                0x80009c34                SYS_SetWirelessID
 .text.SYS_GetWirelessID
                0x80009c8c       0x3c c:/devkitPro/libogc/lib/cube\libogc.a(system.o)
                0x80009c8c                SYS_GetWirelessID
 .text.__lwp_cond_init
                0x80009cc8       0x14 c:/devkitPro/libogc/lib/cube\libogc.a(cond.o)
                0x80009cc8                __lwp_cond_init
 .text.__decrementer_init
                0x80009cdc        0x4 c:/devkitPro/libogc/lib/cube\libogc.a(decrementer.o)
                0x80009cdc                __decrementer_init
 .text.c_decrementer_handler
                0x80009ce0        0xc c:/devkitPro/libogc/lib/cube\libogc.a(decrementer.o)
                0x80009ce0                c_decrementer_handler
 .text.__lwp_mqbox_init
                0x80009cec       0x14 c:/devkitPro/libogc/lib/cube\libogc.a(message.o)
                0x80009cec                __lwp_mqbox_init
 .text.__si_transfer
                0x80009d00      0x140 c:/devkitPro/libogc/lib/cube\libogc.a(si.o)
 .text.__si_alarmhandler
                0x80009e40       0x8c c:/devkitPro/libogc/lib/cube\libogc.a(si.o)
 .text.__si_calltypandstatuscallback
                0x80009ecc       0x64 c:/devkitPro/libogc/lib/cube\libogc.a(si.o)
 .text.__si_completetransfer
                0x80009f30      0x168 c:/devkitPro/libogc/lib/cube\libogc.a(si.o)
 .text.__si_transfernext
                0x8000a098       0xa8 c:/devkitPro/libogc/lib/cube\libogc.a(si.o)
 .text.SI_Busy  0x8000a140       0x1c c:/devkitPro/libogc/lib/cube\libogc.a(si.o)
                0x8000a140                SI_Busy
 .text.SI_IsChanBusy
                0x8000a15c       0x38 c:/devkitPro/libogc/lib/cube\libogc.a(si.o)
                0x8000a15c                SI_IsChanBusy
 .text.SI_SetXY
                0x8000a194       0x6c c:/devkitPro/libogc/lib/cube\libogc.a(si.o)
                0x8000a194                SI_SetXY
 .text.SI_EnablePolling
                0x8000a200       0x84 c:/devkitPro/libogc/lib/cube\libogc.a(si.o)
                0x8000a200                SI_EnablePolling
 .text.SI_DisablePolling
                0x8000a284       0x60 c:/devkitPro/libogc/lib/cube\libogc.a(si.o)
                0x8000a284                SI_DisablePolling
 .text.SI_SetSamplingRate
                0x8000a2e4       0xd8 c:/devkitPro/libogc/lib/cube\libogc.a(si.o)
                0x8000a2e4                SI_SetSamplingRate
 .text.SI_RefreshSamplingRate
                0x8000a3bc        0x8 c:/devkitPro/libogc/lib/cube\libogc.a(si.o)
                0x8000a3bc                SI_RefreshSamplingRate
 .text.SI_GetStatus
                0x8000a3c4       0x80 c:/devkitPro/libogc/lib/cube\libogc.a(si.o)
                0x8000a3c4                SI_GetStatus
 .text.SI_GetResponseRaw
                0x8000a444       0x7c c:/devkitPro/libogc/lib/cube\libogc.a(si.o)
                0x8000a444                SI_GetResponseRaw
 .text.SI_GetResponse
                0x8000a4c0       0x9c c:/devkitPro/libogc/lib/cube\libogc.a(si.o)
                0x8000a4c0                SI_GetResponse
 .text.SI_SetCommand
                0x8000a55c       0x10 c:/devkitPro/libogc/lib/cube\libogc.a(si.o)
                0x8000a55c                SI_SetCommand
 .text.SI_Transfer
                0x8000a56c      0x1c0 c:/devkitPro/libogc/lib/cube\libogc.a(si.o)
                0x8000a56c                SI_Transfer
 .text.__si_gettypecallback
                0x8000a72c      0x1f0 c:/devkitPro/libogc/lib/cube\libogc.a(si.o)
 .text.__si_interrupthandler
                0x8000a91c      0x1e0 c:/devkitPro/libogc/lib/cube\libogc.a(si.o)
 .text.SI_GetType
                0x8000aafc      0x144 c:/devkitPro/libogc/lib/cube\libogc.a(si.o)
                0x8000aafc                SI_GetType
 .text.SI_GetTypeAsync
                0x8000ac40       0xe0 c:/devkitPro/libogc/lib/cube\libogc.a(si.o)
                0x8000ac40                SI_GetTypeAsync
 .text.SI_EnablePollingInterrupt
                0x8000ad20       0x94 c:/devkitPro/libogc/lib/cube\libogc.a(si.o)
                0x8000ad20                SI_EnablePollingInterrupt
 .text.SI_RegisterPollingHandler
                0x8000adb4       0xd0 c:/devkitPro/libogc/lib/cube\libogc.a(si.o)
                0x8000adb4                SI_RegisterPollingHandler
 .text.SI_UnregisterPollingHandler
                0x8000ae84       0xcc c:/devkitPro/libogc/lib/cube\libogc.a(si.o)
                0x8000ae84                SI_UnregisterPollingHandler
 .text.__si_init
                0x8000af50       0xe0 c:/devkitPro/libogc/lib/cube\libogc.a(si.o)
                0x8000af50                __si_init
 .text.__time_exi_unlock
                0x8000b030       0x28 c:/devkitPro/libogc/lib/cube\libogc.a(timesupp.o)
 .text.__getrtc
                0x8000b058       0xdc c:/devkitPro/libogc/lib/cube\libogc.a(timesupp.o)
 .text.gettick  0x8000b134        0x8 c:/devkitPro/libogc/lib/cube\libogc.a(timesupp.o)
                0x8000b134                gettick
 .text.gettime  0x8000b13c       0x18 c:/devkitPro/libogc/lib/cube\libogc.a(timesupp.o)
                0x8000b13c                gettime
 .text.diff_usec
                0x8000b154       0x64 c:/devkitPro/libogc/lib/cube\libogc.a(timesupp.o)
                0x8000b154                diff_usec
 .text.__timesystem_init
                0x8000b1b8       0x1c c:/devkitPro/libogc/lib/cube\libogc.a(timesupp.o)
                0x8000b1b8                __timesystem_init
 .text.udelay   0x8000b1d4       0x48 c:/devkitPro/libogc/lib/cube\libogc.a(timesupp.o)
                0x8000b1d4                udelay
 .text.time     0x8000b21c       0xd8 c:/devkitPro/libogc/lib/cube\libogc.a(timesupp.o)
                0x8000b21c                time
 .text.__libogc_gettod_r
                0x8000b2f4       0x64 c:/devkitPro/libogc/lib/cube\libogc.a(timesupp.o)
                0x8000b2f4                __libogc_gettod_r
 .text.__libogc_lock_init
                0x8000b358       0x58 c:/devkitPro/libogc/lib/cube\libogc.a(lock_supp.o)
                0x8000b358                __libogc_lock_init
 .text.__libogc_lock_close
                0x8000b3b0       0x44 c:/devkitPro/libogc/lib/cube\libogc.a(lock_supp.o)
                0x8000b3b0                __libogc_lock_close
 .text.__libogc_lock_acquire
                0x8000b3f4       0x20 c:/devkitPro/libogc/lib/cube\libogc.a(lock_supp.o)
                0x8000b3f4                __libogc_lock_acquire
 .text.__libogc_lock_release
                0x8000b414       0x20 c:/devkitPro/libogc/lib/cube\libogc.a(lock_supp.o)
                0x8000b414                __libogc_lock_release
 .text.__libc_create_hook
                0x8000b434       0x10 c:/devkitPro/libogc/lib/cube\libogc.a(newlibc.o)
                0x8000b434                __libc_create_hook
 .text.__libc_start_hook
                0x8000b444      0x18c c:/devkitPro/libogc/lib/cube\libogc.a(newlibc.o)
                0x8000b444                __libc_start_hook
 .text.__libc_delete_hook
                0x8000b5d0       0x78 c:/devkitPro/libogc/lib/cube\libogc.a(newlibc.o)
                0x8000b5d0                __libc_delete_hook
 .text.__libc_init
                0x8000b648       0xb8 c:/devkitPro/libogc/lib/cube\libogc.a(newlibc.o)
                0x8000b648                __libc_init
 .text.__send_command
                0x8000b700       0x84 c:/devkitPro/libogc/lib/cube\libogc.a(usbgecko.o)
 .text.__usb_sendbyte
                0x8000b784       0x44 c:/devkitPro/libogc/lib/cube\libogc.a(usbgecko.o)
 .text.__usbgecko_exi_unlock
                0x8000b7c8       0x30 c:/devkitPro/libogc/lib/cube\libogc.a(usbgecko.o)
 .text.__usbgecko_exi_wait
                0x8000b7f8       0xb0 c:/devkitPro/libogc/lib/cube\libogc.a(usbgecko.o)
 .text.__usb_checksend
                0x8000b8a8       0x3c c:/devkitPro/libogc/lib/cube\libogc.a(usbgecko.o)
                0x8000b8a8                __usb_checksend
 .text.usb_isgeckoalive
                0x8000b8e4       0x8c c:/devkitPro/libogc/lib/cube\libogc.a(usbgecko.o)
                0x8000b8e4                usb_isgeckoalive
 .text.usb_sendbuffer_ex
                0x8000b970       0x70 c:/devkitPro/libogc/lib/cube\libogc.a(usbgecko.o)
                0x8000b970                usb_sendbuffer_ex
 .text.usb_sendbuffer
                0x8000b9e0        0x8 c:/devkitPro/libogc/lib/cube\libogc.a(usbgecko.o)
                0x8000b9e0                usb_sendbuffer
 .text.usb_sendbuffer_safe_ex
                0x8000b9e8       0x80 c:/devkitPro/libogc/lib/cube\libogc.a(usbgecko.o)
                0x8000b9e8                usb_sendbuffer_safe_ex
 .text.usb_sendbuffer_safe
                0x8000ba68        0x8 c:/devkitPro/libogc/lib/cube\libogc.a(usbgecko.o)
                0x8000ba68                usb_sendbuffer_safe
 .text.__libogc_sbrk_r
                0x8000ba70       0x8c c:/devkitPro/libogc/lib/cube\libogc.a(sbrk.o)
                0x8000ba70                __libogc_sbrk_r
 .text.__lwp_thread_dispatchdisable
                0x8000bafc       0x10 c:/devkitPro/libogc/lib/cube\libogc.a(malloc_lock.o)
 .text.__lwp_thread_dispatchenable
                0x8000bb0c       0x18 c:/devkitPro/libogc/lib/cube\libogc.a(malloc_lock.o)
 .text.__memlock_init
                0x8000bb24       0x64 c:/devkitPro/libogc/lib/cube\libogc.a(malloc_lock.o)
                0x8000bb24                __memlock_init
 .text.__libogc_malloc_lock
                0x8000bb88      0x1cc c:/devkitPro/libogc/lib/cube\libogc.a(malloc_lock.o)
                0x8000bb88                __libogc_malloc_lock
 .text.__libogc_malloc_unlock
                0x8000bd54       0x38 c:/devkitPro/libogc/lib/cube\libogc.a(malloc_lock.o)
                0x8000bd54                __libogc_malloc_unlock
 .text.__CheckARGV
                0x8000bd8c       0x7c c:/devkitPro/libogc/lib/cube\libogc.a(argv.o)
                0x8000bd8c                __CheckARGV
 .text.__lwp_priority_init
                0x8000be08       0x28 c:/devkitPro/libogc/lib/cube\libogc.a(lwp_priority.o)
                0x8000be08                __lwp_priority_init
 .text.__lwp_thread_unblock
                0x8000be30        0xc c:/devkitPro/libogc/lib/cube\libogc.a(lwp_threadq.o)
 .text.__lwp_threadqueue_enqueuefifo
                0x8000be3c      0x100 c:/devkitPro/libogc/lib/cube\libogc.a(lwp_threadq.o)
                0x8000be3c                __lwp_threadqueue_enqueuefifo
 .text.__lwp_threadqueue_dequeuefifo
                0x8000bf3c      0x124 c:/devkitPro/libogc/lib/cube\libogc.a(lwp_threadq.o)
                0x8000bf3c                __lwp_threadqueue_dequeuefifo
 .text.__lwp_threadqueue_enqueuepriority
                0x8000c060      0x2a4 c:/devkitPro/libogc/lib/cube\libogc.a(lwp_threadq.o)
                0x8000c060                __lwp_threadqueue_enqueuepriority
 .text.__lwp_threadqueue_dequeuepriority
                0x8000c304      0x1a0 c:/devkitPro/libogc/lib/cube\libogc.a(lwp_threadq.o)
                0x8000c304                __lwp_threadqueue_dequeuepriority
 .text.__lwp_threadqueue_init
                0x8000c4a4       0x74 c:/devkitPro/libogc/lib/cube\libogc.a(lwp_threadq.o)
                0x8000c4a4                __lwp_threadqueue_init
 .text.__lwp_threadqueue_enqueue
                0x8000c518       0xfc c:/devkitPro/libogc/lib/cube\libogc.a(lwp_threadq.o)
                0x8000c518                __lwp_threadqueue_enqueue
 .text.__lwp_threadqueue_dequeue
                0x8000c614       0x24 c:/devkitPro/libogc/lib/cube\libogc.a(lwp_threadq.o)
                0x8000c614                __lwp_threadqueue_dequeue
 .text.__lwp_threadqueue_flush
                0x8000c638       0x38 c:/devkitPro/libogc/lib/cube\libogc.a(lwp_threadq.o)
                0x8000c638                __lwp_threadqueue_flush
 .text.__lwp_threadqueue_extractfifo
                0x8000c670       0xe0 c:/devkitPro/libogc/lib/cube\libogc.a(lwp_threadq.o)
                0x8000c670                __lwp_threadqueue_extractfifo
 .text.__lwp_threadqueue_extractpriority
                0x8000c750      0x134 c:/devkitPro/libogc/lib/cube\libogc.a(lwp_threadq.o)
                0x8000c750                __lwp_threadqueue_extractpriority
 .text.__lwp_threadqueue_extract
                0x8000c884       0x1c c:/devkitPro/libogc/lib/cube\libogc.a(lwp_threadq.o)
                0x8000c884                __lwp_threadqueue_extract
 .text.__lwp_threadqueue_timeout
                0x8000c8a0       0x74 c:/devkitPro/libogc/lib/cube\libogc.a(lwp_threadq.o)
 .text.__lwp_threadqueue_extractproxy
                0x8000c914       0x44 c:/devkitPro/libogc/lib/cube\libogc.a(lwp_threadq.o)
                0x8000c914                __lwp_threadqueue_extractproxy
 .text.__lwp_priomap_addto
                0x8000c958       0x28 c:/devkitPro/libogc/lib/cube\libogc.a(lwp_threads.o)
 .text.__lwp_thread_calcheir
                0x8000c980       0x3c c:/devkitPro/libogc/lib/cube\libogc.a(lwp_threads.o)
 .text.__lwp_thread_dispatchunnest
                0x8000c9bc       0x10 c:/devkitPro/libogc/lib/cube\libogc.a(lwp_threads.o)
 .text.__lwp_priomap_removefrom
                0x8000c9cc       0x38 c:/devkitPro/libogc/lib/cube\libogc.a(lwp_threads.o)
 .text.__lwp_wd_insert_ticks.constprop.4
                0x8000ca04       0x5c c:/devkitPro/libogc/lib/cube\libogc.a(lwp_threads.o)
 .text.__lwp_isr_in_progress
                0x8000ca60        0x8 c:/devkitPro/libogc/lib/cube\libogc.a(lwp_threads.o)
                0x8000ca60                __lwp_isr_in_progress
 .text.__thread_dispatch_fp
                0x8000ca68       0x7c c:/devkitPro/libogc/lib/cube\libogc.a(lwp_threads.o)
                0x8000ca68                __thread_dispatch_fp
 .text.__thread_dispatch
                0x8000cae4       0xdc c:/devkitPro/libogc/lib/cube\libogc.a(lwp_threads.o)
                0x8000cae4                __thread_dispatch
 .text.__lwp_thread_dispatchenable
                0x8000cbc0       0x18 c:/devkitPro/libogc/lib/cube\libogc.a(lwp_threads.o)
 .text.__lwp_thread_resettimeslice
                0x8000cbd8       0xb8 c:/devkitPro/libogc/lib/cube\libogc.a(lwp_threads.o)
                0x8000cbd8                __lwp_thread_resettimeslice
 .text.__lwp_thread_tickle_timeslice
                0x8000cc90       0x7c c:/devkitPro/libogc/lib/cube\libogc.a(lwp_threads.o)
                0x8000cc90                __lwp_thread_tickle_timeslice
 .text.__lwp_thread_setstate
                0x8000cd0c       0xf4 c:/devkitPro/libogc/lib/cube\libogc.a(lwp_threads.o)
                0x8000cd0c                __lwp_thread_setstate
 .text.__lwp_thread_clearstate
                0x8000ce00       0xe8 c:/devkitPro/libogc/lib/cube\libogc.a(lwp_threads.o)
                0x8000ce00                __lwp_thread_clearstate
 .text.__lwp_thread_setpriority
                0x8000cee8       0x5c c:/devkitPro/libogc/lib/cube\libogc.a(lwp_threads.o)
                0x8000cee8                __lwp_thread_setpriority
 .text.__lwp_thread_settransient
                0x8000cf44       0xa4 c:/devkitPro/libogc/lib/cube\libogc.a(lwp_threads.o)
                0x8000cf44                __lwp_thread_settransient
 .text.__lwp_thread_changepriority
                0x8000cfe8      0x118 c:/devkitPro/libogc/lib/cube\libogc.a(lwp_threads.o)
                0x8000cfe8                __lwp_thread_changepriority
 .text.__lwp_thread_loadenv
                0x8000d100       0x78 c:/devkitPro/libogc/lib/cube\libogc.a(lwp_threads.o)
                0x8000d100                __lwp_thread_loadenv
 .text.__lwp_thread_ready
                0x8000d178       0xc8 c:/devkitPro/libogc/lib/cube\libogc.a(lwp_threads.o)
                0x8000d178                __lwp_thread_ready
 .text.__lwp_thread_init
                0x8000d240       0xf8 c:/devkitPro/libogc/lib/cube\libogc.a(lwp_threads.o)
                0x8000d240                __lwp_thread_init
 .text.__lwp_thread_close
                0x8000d338      0x114 c:/devkitPro/libogc/lib/cube\libogc.a(lwp_threads.o)
                0x8000d338                __lwp_thread_close
 .text.__lwp_thread_closeall
                0x8000d44c       0x90 c:/devkitPro/libogc/lib/cube\libogc.a(lwp_threads.o)
                0x8000d44c                __lwp_thread_closeall
 .text.__lwp_thread_exit
                0x8000d4dc       0x38 c:/devkitPro/libogc/lib/cube\libogc.a(lwp_threads.o)
                0x8000d4dc                __lwp_thread_exit
 .text.__lwp_thread_handler
                0x8000d514       0x64 c:/devkitPro/libogc/lib/cube\libogc.a(lwp_threads.o)
 .text.__lwp_thread_start
                0x8000d578       0x50 c:/devkitPro/libogc/lib/cube\libogc.a(lwp_threads.o)
                0x8000d578                __lwp_thread_start
 .text.__lwp_thread_startmultitasking
                0x8000d5c8       0x70 c:/devkitPro/libogc/lib/cube\libogc.a(lwp_threads.o)
                0x8000d5c8                __lwp_thread_startmultitasking
 .text.__lwp_thread_stopmultitasking
                0x8000d638       0x58 c:/devkitPro/libogc/lib/cube\libogc.a(lwp_threads.o)
                0x8000d638                __lwp_thread_stopmultitasking
 .text.__lwp_thread_coreinit
                0x8000d690       0xc0 c:/devkitPro/libogc/lib/cube\libogc.a(lwp_threads.o)
                0x8000d690                __lwp_thread_coreinit
 .text.__lwp_thread_dispatchdisable
                0x8000d750       0x10 c:/devkitPro/libogc/lib/cube\libogc.a(lwp.o)
 .text.idle_func
                0x8000d760        0x4 c:/devkitPro/libogc/lib/cube\libogc.a(lwp.o)
 .text.__lwp_thread_dispatchenable
                0x8000d764       0x18 c:/devkitPro/libogc/lib/cube\libogc.a(lwp.o)
 .text.__lwp_tqueue_open
                0x8000d77c       0x30 c:/devkitPro/libogc/lib/cube\libogc.a(lwp.o)
 .text.__lwp_sysinit
                0x8000d7ac      0x108 c:/devkitPro/libogc/lib/cube\libogc.a(lwp.o)
                0x8000d7ac                __lwp_sysinit
 .text.LWP_InitQueue
                0x8000d8b4       0x94 c:/devkitPro/libogc/lib/cube\libogc.a(lwp.o)
                0x8000d8b4                LWP_InitQueue
 .text.LWP_ThreadSleep
                0x8000d948       0xa0 c:/devkitPro/libogc/lib/cube\libogc.a(lwp.o)
                0x8000d948                LWP_ThreadSleep
 .text.LWP_ThreadBroadcast
                0x8000d9e8       0x4c c:/devkitPro/libogc/lib/cube\libogc.a(lwp.o)
                0x8000d9e8                LWP_ThreadBroadcast
 .text.__lwp_stack_allocate
                0x8000da34       0x50 c:/devkitPro/libogc/lib/cube\libogc.a(lwp_stack.o)
                0x8000da34                __lwp_stack_allocate
 .text.__lwp_stack_free
                0x8000da84       0x20 c:/devkitPro/libogc/lib/cube\libogc.a(lwp_stack.o)
                0x8000da84                __lwp_stack_free
 .text.__lwp_mutex_initialize
                0x8000daa4       0x74 c:/devkitPro/libogc/lib/cube\libogc.a(lwp_mutex.o)
                0x8000daa4                __lwp_mutex_initialize
 .text.__lwp_mutex_surrender
                0x8000db18      0x118 c:/devkitPro/libogc/lib/cube\libogc.a(lwp_mutex.o)
                0x8000db18                __lwp_mutex_surrender
 .text.__lwp_mutex_seize_irq_blocking
                0x8000dc30       0xcc c:/devkitPro/libogc/lib/cube\libogc.a(lwp_mutex.o)
                0x8000dc30                __lwp_mutex_seize_irq_blocking
 .text.__lwp_mutex_flush
                0x8000dcfc        0x4 c:/devkitPro/libogc/lib/cube\libogc.a(lwp_mutex.o)
                0x8000dcfc                __lwp_mutex_flush
 .text.__lwp_wd_settimer.isra.3
                0x8000dd00       0x9c c:/devkitPro/libogc/lib/cube\libogc.a(lwp_watchdog.o)
 .text.__lwp_watchdog_init
                0x8000dd9c       0x2c c:/devkitPro/libogc/lib/cube\libogc.a(lwp_watchdog.o)
                0x8000dd9c                __lwp_watchdog_init
 .text.__lwp_wd_insert
                0x8000ddc8      0x14c c:/devkitPro/libogc/lib/cube\libogc.a(lwp_watchdog.o)
                0x8000ddc8                __lwp_wd_insert
 .text.__lwp_wd_remove
                0x8000df14       0xd4 c:/devkitPro/libogc/lib/cube\libogc.a(lwp_watchdog.o)
                0x8000df14                __lwp_wd_remove
 .text.__lwp_wd_tickle
                0x8000dfe8       0xe8 c:/devkitPro/libogc/lib/cube\libogc.a(lwp_watchdog.o)
                0x8000dfe8                __lwp_wd_tickle
 .text.__lwp_wkspace_init
                0x8000e0d0       0xa4 c:/devkitPro/libogc/lib/cube\libogc.a(lwp_wkspace.o)
                0x8000e0d0                __lwp_wkspace_init
 .text.__lwp_objmgr_initinfo
                0x8000e174      0x140 c:/devkitPro/libogc/lib/cube\libogc.a(lwp_objmgr.o)
                0x8000e174                __lwp_objmgr_initinfo
 .text.__lwp_objmgr_getisrdisable
                0x8000e2b4       0x68 c:/devkitPro/libogc/lib/cube\libogc.a(lwp_objmgr.o)
                0x8000e2b4                __lwp_objmgr_getisrdisable
 .text.__lwp_objmgr_getnoprotection
                0x8000e31c       0x24 c:/devkitPro/libogc/lib/cube\libogc.a(lwp_objmgr.o)
                0x8000e31c                __lwp_objmgr_getnoprotection
 .text.__lwp_objmgr_get
                0x8000e340       0x68 c:/devkitPro/libogc/lib/cube\libogc.a(lwp_objmgr.o)
                0x8000e340                __lwp_objmgr_get
 .text.__lwp_objmgr_allocate
                0x8000e3a8       0x78 c:/devkitPro/libogc/lib/cube\libogc.a(lwp_objmgr.o)
                0x8000e3a8                __lwp_objmgr_allocate
 .text.__lwp_objmgr_free
                0x8000e420       0x64 c:/devkitPro/libogc/lib/cube\libogc.a(lwp_objmgr.o)
                0x8000e420                __lwp_objmgr_free
 .text.__lwp_heap_init
                0x8000e484       0xb8 c:/devkitPro/libogc/lib/cube\libogc.a(lwp_heap.o)
                0x8000e484                __lwp_heap_init
 .text.__lwp_heap_allocate
                0x8000e53c      0x130 c:/devkitPro/libogc/lib/cube\libogc.a(lwp_heap.o)
                0x8000e53c                __lwp_heap_allocate
 .text.__lwp_heap_free
                0x8000e66c      0x1d8 c:/devkitPro/libogc/lib/cube\libogc.a(lwp_heap.o)
                0x8000e66c                __lwp_heap_free
 .text.__exception_load
                0x8000e844       0x78 c:/devkitPro/libogc/lib/cube\libogc.a(exception.o)
                0x8000e844                __exception_load
 .text.__systemcall_init
                0x8000e8bc       0x20 c:/devkitPro/libogc/lib/cube\libogc.a(exception.o)
                0x8000e8bc                __systemcall_init
 .text.__exception_init
                0x8000e8dc       0xa0 c:/devkitPro/libogc/lib/cube\libogc.a(exception.o)
                0x8000e8dc                __exception_init
 .text.__exception_close
                0x8000e97c       0xa0 c:/devkitPro/libogc/lib/cube\libogc.a(exception.o)
                0x8000e97c                __exception_close
 .text.__exception_closeall
                0x8000ea1c       0x48 c:/devkitPro/libogc/lib/cube\libogc.a(exception.o)
                0x8000ea1c                __exception_closeall
 .text.c_default_exceptionhandler
                0x8000ea64      0x3dc c:/devkitPro/libogc/lib/cube\libogc.a(exception.o)
                0x8000ea64                c_default_exceptionhandler
 .text.__SetInterrupts
                0x8000ee40      0x27c c:/devkitPro/libogc/lib/cube\libogc.a(irq.o)
 .text.c_irqdispatcher
                0x8000f0bc      0x260 c:/devkitPro/libogc/lib/cube\libogc.a(irq.o)
                0x8000f0bc                c_irqdispatcher
 .text.__UnmaskIrq
                0x8000f31c       0x7c c:/devkitPro/libogc/lib/cube\libogc.a(irq.o)
                0x8000f31c                __UnmaskIrq
 .text.__MaskIrq
                0x8000f398       0x7c c:/devkitPro/libogc/lib/cube\libogc.a(irq.o)
                0x8000f398                __MaskIrq
 .text.__irq_init
                0x8000f414       0x98 c:/devkitPro/libogc/lib/cube\libogc.a(irq.o)
                0x8000f414                __irq_init
 .text.IRQ_Request
                0x8000f4ac       0x58 c:/devkitPro/libogc/lib/cube\libogc.a(irq.o)
                0x8000f4ac                IRQ_Request
 .text.IRQ_GetHandler
                0x8000f504       0x4c c:/devkitPro/libogc/lib/cube\libogc.a(irq.o)
                0x8000f504                IRQ_GetHandler
 .text.__lwp_sema_init
                0x8000f550       0x14 c:/devkitPro/libogc/lib/cube\libogc.a(semaphore.o)
                0x8000f550                __lwp_sema_init
 .text.__exi_setinterrupts
                0x8000f564       0xd0 c:/devkitPro/libogc/lib/cube\libogc.a(exi.o)
 .text.__exi_probe
                0x8000f634      0x1b4 c:/devkitPro/libogc/lib/cube\libogc.a(exi.o)
 .text.__exi_attach
                0x8000f7e8       0xc8 c:/devkitPro/libogc/lib/cube\libogc.a(exi.o)
 .text.__exi_irq_handler
                0x8000f8b0       0x58 c:/devkitPro/libogc/lib/cube\libogc.a(exi.o)
 .text.__ext_irq_handler
                0x8000f908       0xa8 c:/devkitPro/libogc/lib/cube\libogc.a(exi.o)
 .text.__tc_irq_handler
                0x8000f9b0      0x118 c:/devkitPro/libogc/lib/cube\libogc.a(exi.o)
 .text.EXI_Lock
                0x8000fac8      0x11c c:/devkitPro/libogc/lib/cube\libogc.a(exi.o)
                0x8000fac8                EXI_Lock
 .text.EXI_Unlock
                0x8000fbe4      0x130 c:/devkitPro/libogc/lib/cube\libogc.a(exi.o)
                0x8000fbe4                EXI_Unlock
 .text.EXI_Select
                0x8000fd14      0x14c c:/devkitPro/libogc/lib/cube\libogc.a(exi.o)
                0x8000fd14                EXI_Select
 .text.EXI_Deselect
                0x8000fe60      0x114 c:/devkitPro/libogc/lib/cube\libogc.a(exi.o)
                0x8000fe60                EXI_Deselect
 .text.EXI_Sync
                0x8000ff74       0xd8 c:/devkitPro/libogc/lib/cube\libogc.a(exi.o)
                0x8000ff74                EXI_Sync
 .text.EXI_Imm  0x8001004c      0x170 c:/devkitPro/libogc/lib/cube\libogc.a(exi.o)
                0x8001004c                EXI_Imm
 .text.EXI_ImmEx
                0x800101bc       0x8c c:/devkitPro/libogc/lib/cube\libogc.a(exi.o)
                0x800101bc                EXI_ImmEx
 .text.EXI_Dma  0x80010248      0x120 c:/devkitPro/libogc/lib/cube\libogc.a(exi.o)
                0x80010248                EXI_Dma
 .text.EXI_Detach
                0x80010368       0xa4 c:/devkitPro/libogc/lib/cube\libogc.a(exi.o)
                0x80010368                EXI_Detach
 .text.EXI_GetID
                0x8001040c      0x210 c:/devkitPro/libogc/lib/cube\libogc.a(exi.o)
                0x8001040c                EXI_GetID
 .text.__unlocked_handler
                0x8001061c       0x28 c:/devkitPro/libogc/lib/cube\libogc.a(exi.o)
 .text.EXI_ProbeReset
                0x80010644       0x70 c:/devkitPro/libogc/lib/cube\libogc.a(exi.o)
                0x80010644                EXI_ProbeReset
 .text.__exi_init
                0x800106b4      0x188 c:/devkitPro/libogc/lib/cube\libogc.a(exi.o)
                0x800106b4                __exi_init
 .text.__lwp_thread_dispatchenable
                0x8001083c       0x18 c:/devkitPro/libogc/lib/cube\libogc.a(mutex.o)
 .text.__lwp_mutex_locksupp.constprop.7
                0x80010854      0x208 c:/devkitPro/libogc/lib/cube\libogc.a(mutex.o)
 .text.__lwp_mutex_init
                0x80010a5c       0x14 c:/devkitPro/libogc/lib/cube\libogc.a(mutex.o)
                0x80010a5c                __lwp_mutex_init
 .text.LWP_MutexInit
                0x80010a70       0xc4 c:/devkitPro/libogc/lib/cube\libogc.a(mutex.o)
                0x80010a70                LWP_MutexInit
 .text.LWP_MutexDestroy
                0x80010b34       0xac c:/devkitPro/libogc/lib/cube\libogc.a(mutex.o)
                0x80010b34                LWP_MutexDestroy
 .text.LWP_MutexLock
                0x80010be0        0x8 c:/devkitPro/libogc/lib/cube\libogc.a(mutex.o)
                0x80010be0                LWP_MutexLock
 .text.LWP_MutexUnlock
                0x80010be8       0x6c c:/devkitPro/libogc/lib/cube\libogc.a(mutex.o)
                0x80010be8                LWP_MutexUnlock
 .text.__GX_FifoLink
                0x80010c54       0x2c c:/devkitPro/libogc/lib/cube\libogc.a(gx.o)
 .text.__GX_WriteFifoIntEnable
                0x80010c80       0x38 c:/devkitPro/libogc/lib/cube\libogc.a(gx.o)
 .text.__GX_FifoReadEnable
                0x80010cb8       0x28 c:/devkitPro/libogc/lib/cube\libogc.a(gx.o)
 .text.__GX_FifoReadDisable
                0x80010ce0       0x24 c:/devkitPro/libogc/lib/cube\libogc.a(gx.o)
 .text.__GX_WaitAbort
                0x80010d04       0x74 c:/devkitPro/libogc/lib/cube\libogc.a(gx.o)
 .text.__GX_WriteFifoIntReset.constprop.11
                0x80010d78       0x34 c:/devkitPro/libogc/lib/cube\libogc.a(gx.o)
 .text.GX_AbortFrame
                0x80010dac      0x1b4 c:/devkitPro/libogc/lib/cube\libogc.a(gx.o)
                0x80010dac                GX_AbortFrame
 .text.number   0x80010f60      0x2c0 c:/devkitPro/libogc/lib/cube\libogc.a(kprintf.o)
 .text.kvsprintf
                0x80011220      0x5b4 c:/devkitPro/libogc/lib/cube\libogc.a(kprintf.o)
                0x80011220                kvsprintf
 .text.kprintf  0x800117d4       0xa0 c:/devkitPro/libogc/lib/cube\libogc.a(kprintf.o)
                0x800117d4                kprintf
 .text.__lwp_queue_initialize
                0x80011874       0x3c c:/devkitPro/libogc/lib/cube\libogc.a(lwp_queue.o)
                0x80011874                __lwp_queue_initialize
 .text.__lwp_queue_get
                0x800118b0       0x64 c:/devkitPro/libogc/lib/cube\libogc.a(lwp_queue.o)
                0x800118b0                __lwp_queue_get
 .text.__lwp_queue_append
                0x80011914       0x54 c:/devkitPro/libogc/lib/cube\libogc.a(lwp_queue.o)
                0x80011914                __lwp_queue_append
 .text.calloc   0x80011968       0x18 c:/devkitpro/devkitppc/bin/../lib/gcc/powerpc-eabi/4.8.2/../../../../powerpc-eabi/lib\libc.a(lib_a-calloc.o)
                0x80011968                calloc
 .text._calloc_r
                0x80011980       0xd0 c:/devkitpro/devkitppc/bin/../lib/gcc/powerpc-eabi/4.8.2/../../../../powerpc-eabi/lib\libc.a(lib_a-callocr.o)
                0x80011980                _calloc_r
 .text.exit     0x80011a50       0x40 c:/devkitpro/devkitppc/bin/../lib/gcc/powerpc-eabi/4.8.2/../../../../powerpc-eabi/lib\libc.a(lib_a-exit.o)
                0x80011a50                exit
 .text.memalign
                0x80011a90       0x18 c:/devkitpro/devkitppc/bin/../lib/gcc/powerpc-eabi/4.8.2/../../../../powerpc-eabi/lib\libc.a(lib_a-malign.o)
                0x80011a90                memalign
 .text._memalign_r
                0x80011aa8      0x1d4 c:/devkitpro/devkitppc/bin/../lib/gcc/powerpc-eabi/4.8.2/../../../../powerpc-eabi/lib\libc.a(lib_a-malignr.o)
                0x80011aa8                _memalign_r
 .text.malloc   0x80011c7c       0x10 c:/devkitpro/devkitppc/bin/../lib/gcc/powerpc-eabi/4.8.2/../../../../powerpc-eabi/lib\libc.a(lib_a-malloc.o)
                0x80011c7c                malloc
 .text.free     0x80011c8c       0x10 c:/devkitpro/devkitppc/bin/../lib/gcc/powerpc-eabi/4.8.2/../../../../powerpc-eabi/lib\libc.a(lib_a-malloc.o)
                0x80011c8c                free
 .text._malloc_r
                0x80011c9c      0x8b8 c:/devkitpro/devkitppc/bin/../lib/gcc/powerpc-eabi/4.8.2/../../../../powerpc-eabi/lib\libc.a(lib_a-mallocr.o)
                0x80011c9c                _malloc_r
 .text.memcpy   0x80012554       0xf0 c:/devkitpro/devkitppc/bin/../lib/gcc/powerpc-eabi/4.8.2/../../../../powerpc-eabi/lib\libc.a(lib_a-memcpy.o)
                0x80012554                memcpy
 .text.memmove  0x80012644      0x138 c:/devkitpro/devkitppc/bin/../lib/gcc/powerpc-eabi/4.8.2/../../../../powerpc-eabi/lib\libc.a(lib_a-memmove.o)
                0x80012644                memmove
 .text.memset   0x8001277c      0x114 c:/devkitpro/devkitppc/bin/../lib/gcc/powerpc-eabi/4.8.2/../../../../powerpc-eabi/lib\libc.a(lib_a-memset.o)
                0x8001277c                memset
 .text.printf   0x80012890       0x98 c:/devkitpro/devkitppc/bin/../lib/gcc/powerpc-eabi/4.8.2/../../../../powerpc-eabi/lib\libc.a(lib_a-printf.o)
                0x80012890                printf
 .text._puts_r  0x80012928       0xfc c:/devkitpro/devkitppc/bin/../lib/gcc/powerpc-eabi/4.8.2/../../../../powerpc-eabi/lib\libc.a(lib_a-puts.o)
                0x80012928                _puts_r
 .text.puts     0x80012a24       0x10 c:/devkitpro/devkitppc/bin/../lib/gcc/powerpc-eabi/4.8.2/../../../../powerpc-eabi/lib\libc.a(lib_a-puts.o)
                0x80012a24                puts
 .text.cleanup_glue
                0x80012a34       0x4c c:/devkitpro/devkitppc/bin/../lib/gcc/powerpc-eabi/4.8.2/../../../../powerpc-eabi/lib\libc.a(lib_a-reent.o)
                0x80012a34                cleanup_glue
 .text._reclaim_reent
                0x80012a80      0x144 c:/devkitpro/devkitppc/bin/../lib/gcc/powerpc-eabi/4.8.2/../../../../powerpc-eabi/lib\libc.a(lib_a-reent.o)
                0x80012a80                _reclaim_reent
 .text._wrapup_reent
                0x80012bc4       0xcc c:/devkitpro/devkitppc/bin/../lib/gcc/powerpc-eabi/4.8.2/../../../../powerpc-eabi/lib\libc.a(lib_a-reent.o)
                0x80012bc4                _wrapup_reent
 .text.setvbuf  0x80012c90      0x240 c:/devkitpro/devkitppc/bin/../lib/gcc/powerpc-eabi/4.8.2/../../../../powerpc-eabi/lib\libc.a(lib_a-setvbuf.o)
                0x80012c90                setvbuf
 .text.strlen   0x80012ed0       0x9c c:/devkitpro/devkitppc/bin/../lib/gcc/powerpc-eabi/4.8.2/../../../../powerpc-eabi/lib\libc.a(lib_a-strlen.o)
                0x80012ed0                strlen
 .text.strnlen  0x80012f6c       0x44 c:/devkitpro/devkitppc/bin/../lib/gcc/powerpc-eabi/4.8.2/../../../../powerpc-eabi/lib\libc.a(lib_a-strnlen.o)
                0x80012f6c                strnlen
 .text.write    0x80012fb0       0x20 c:/devkitpro/devkitppc/bin/../lib/gcc/powerpc-eabi/4.8.2/../../../../powerpc-eabi/lib\libc.a(lib_a-syswrite.o)
                0x80012fb0                write
 .text._vfprintf_r
                0x80012fd0     0x2534 c:/devkitpro/devkitppc/bin/../lib/gcc/powerpc-eabi/4.8.2/../../../../powerpc-eabi/lib\libc.a(lib_a-vfprintf.o)
                0x80012fd0                _vfprintf_r
 .text.__sbprintf
                0x80015504       0xf8 c:/devkitpro/devkitppc/bin/../lib/gcc/powerpc-eabi/4.8.2/../../../../powerpc-eabi/lib\libc.a(lib_a-vfprintf.o)
 .text._wcrtomb_r
                0x800155fc       0xbc c:/devkitpro/devkitppc/bin/../lib/gcc/powerpc-eabi/4.8.2/../../../../powerpc-eabi/lib\libc.a(lib_a-wcrtomb.o)
                0x800155fc                _wcrtomb_r
 .text._wcsrtombs_r
                0x800156b8       0x14 c:/devkitpro/devkitppc/bin/../lib/gcc/powerpc-eabi/4.8.2/../../../../powerpc-eabi/lib\libc.a(lib_a-wcsrtombs.o)
                0x800156b8                _wcsrtombs_r
 .text.__utf8_wctomb
                0x800156cc       0xfc c:/devkitpro/devkitppc/bin/../lib/gcc/powerpc-eabi/4.8.2/../../../../powerpc-eabi/lib\libc.a(lib_a-wctomb_r.o)
                0x800156cc                __utf8_wctomb
 .text.__swsetup_r
                0x800157c8      0x18c c:/devkitpro/devkitppc/bin/../lib/gcc/powerpc-eabi/4.8.2/../../../../powerpc-eabi/lib\libc.a(lib_a-wsetup.o)
                0x800157c8                __swsetup_r
 .text.__call_exitprocs
                0x80015954      0x218 c:/devkitpro/devkitppc/bin/../lib/gcc/powerpc-eabi/4.8.2/../../../../powerpc-eabi/lib\libc.a(lib_a-__call_atexit.o)
                0x80015954                __call_exitprocs
 .text.quorem   0x80015b6c      0x214 c:/devkitpro/devkitppc/bin/../lib/gcc/powerpc-eabi/4.8.2/../../../../powerpc-eabi/lib\libc.a(lib_a-dtoa.o)
 .text._dtoa_r  0x80015d80     0x1220 c:/devkitpro/devkitppc/bin/../lib/gcc/powerpc-eabi/4.8.2/../../../../powerpc-eabi/lib\libc.a(lib_a-dtoa.o)
                0x80015d80                _dtoa_r
 .text.__sflush_r
                0x80016fa0      0x2b8 c:/devkitpro/devkitppc/bin/../lib/gcc/powerpc-eabi/4.8.2/../../../../powerpc-eabi/lib\libc.a(lib_a-fflush.o)
                0x80016fa0                __sflush_r
 .text._fflush_r
                0x80017258       0xb8 c:/devkitpro/devkitppc/bin/../lib/gcc/powerpc-eabi/4.8.2/../../../../powerpc-eabi/lib\libc.a(lib_a-fflush.o)
                0x80017258                _fflush_r
 .text._cleanup_r
                0x80017310        0xc c:/devkitpro/devkitppc/bin/../lib/gcc/powerpc-eabi/4.8.2/../../../../powerpc-eabi/lib\libc.a(lib_a-findfp.o)
                0x80017310                _cleanup_r
 .text.std.isra.0
                0x8001731c       0x9c c:/devkitpro/devkitppc/bin/../lib/gcc/powerpc-eabi/4.8.2/../../../../powerpc-eabi/lib\libc.a(lib_a-findfp.o)
 .text.__sfp_lock_acquire
                0x800173b8       0x48 c:/devkitpro/devkitppc/bin/../lib/gcc/powerpc-eabi/4.8.2/../../../../powerpc-eabi/lib\libc.a(lib_a-findfp.o)
                0x800173b8                __sfp_lock_acquire
 .text.__sfp_lock_release
                0x80017400        0xc c:/devkitpro/devkitppc/bin/../lib/gcc/powerpc-eabi/4.8.2/../../../../powerpc-eabi/lib\libc.a(lib_a-findfp.o)
                0x80017400                __sfp_lock_release
 .text.__sinit_lock_acquire
                0x8001740c       0x48 c:/devkitpro/devkitppc/bin/../lib/gcc/powerpc-eabi/4.8.2/../../../../powerpc-eabi/lib\libc.a(lib_a-findfp.o)
                0x8001740c                __sinit_lock_acquire
 .text.__sinit  0x80017454       0x98 c:/devkitpro/devkitppc/bin/../lib/gcc/powerpc-eabi/4.8.2/../../../../powerpc-eabi/lib\libc.a(lib_a-findfp.o)
                0x80017454                __sinit
 .text._malloc_trim_r
                0x800174ec      0x138 c:/devkitpro/devkitppc/bin/../lib/gcc/powerpc-eabi/4.8.2/../../../../powerpc-eabi/lib\libc.a(lib_a-freer.o)
                0x800174ec                _malloc_trim_r
 .text._free_r  0x80017624      0x2c8 c:/devkitpro/devkitppc/bin/../lib/gcc/powerpc-eabi/4.8.2/../../../../powerpc-eabi/lib\libc.a(lib_a-freer.o)
                0x80017624                _free_r
 .text.__sfvwrite_r
                0x800178ec      0x548 c:/devkitpro/devkitppc/bin/../lib/gcc/powerpc-eabi/4.8.2/../../../../powerpc-eabi/lib\libc.a(lib_a-fvwrite.o)
                0x800178ec                __sfvwrite_r
 .text._fwalk   0x80017e34       0xd8 c:/devkitpro/devkitppc/bin/../lib/gcc/powerpc-eabi/4.8.2/../../../../powerpc-eabi/lib\libc.a(lib_a-fwalk.o)
                0x80017e34                _fwalk
 .text.__locale_charset
                0x80017f0c        0xc c:/devkitpro/devkitppc/bin/../lib/gcc/powerpc-eabi/4.8.2/../../../../powerpc-eabi/lib\libc.a(lib_a-locale.o)
                0x80017f0c                __locale_charset
 .text.__locale_mb_cur_max
                0x80017f18        0xc c:/devkitpro/devkitppc/bin/../lib/gcc/powerpc-eabi/4.8.2/../../../../powerpc-eabi/lib\libc.a(lib_a-locale.o)
                0x80017f18                __locale_mb_cur_max
 .text._localeconv_r
                0x80017f24        0xc c:/devkitpro/devkitppc/bin/../lib/gcc/powerpc-eabi/4.8.2/../../../../powerpc-eabi/lib\libc.a(lib_a-locale.o)
                0x80017f24                _localeconv_r
 .text.__smakebuf_r
                0x80017f30      0x1cc c:/devkitpro/devkitppc/bin/../lib/gcc/powerpc-eabi/4.8.2/../../../../powerpc-eabi/lib\libc.a(lib_a-makebuf.o)
                0x80017f30                __smakebuf_r
 .text.__utf8_mbtowc
                0x800180fc      0x324 c:/devkitpro/devkitppc/bin/../lib/gcc/powerpc-eabi/4.8.2/../../../../powerpc-eabi/lib\libc.a(lib_a-mbtowc_r.o)
                0x800180fc                __utf8_mbtowc
 .text.memchr   0x80018420       0xf0 c:/devkitpro/devkitppc/bin/../lib/gcc/powerpc-eabi/4.8.2/../../../../powerpc-eabi/lib\libc.a(lib_a-memchr.o)
                0x80018420                memchr
 .text._Balloc  0x80018510       0xbc c:/devkitpro/devkitppc/bin/../lib/gcc/powerpc-eabi/4.8.2/../../../../powerpc-eabi/lib\libc.a(lib_a-mprec.o)
                0x80018510                _Balloc
 .text._Bfree   0x800185cc       0x24 c:/devkitpro/devkitppc/bin/../lib/gcc/powerpc-eabi/4.8.2/../../../../powerpc-eabi/lib\libc.a(lib_a-mprec.o)
                0x800185cc                _Bfree
 .text.__multadd
                0x800185f0      0x120 c:/devkitpro/devkitppc/bin/../lib/gcc/powerpc-eabi/4.8.2/../../../../powerpc-eabi/lib\libc.a(lib_a-mprec.o)
                0x800185f0                __multadd
 .text.__hi0bits
                0x80018710       0x70 c:/devkitpro/devkitppc/bin/../lib/gcc/powerpc-eabi/4.8.2/../../../../powerpc-eabi/lib\libc.a(lib_a-mprec.o)
                0x80018710                __hi0bits
 .text.__lo0bits
                0x80018780       0xb4 c:/devkitpro/devkitppc/bin/../lib/gcc/powerpc-eabi/4.8.2/../../../../powerpc-eabi/lib\libc.a(lib_a-mprec.o)
                0x80018780                __lo0bits
 .text.__i2b    0x80018834       0x3c c:/devkitpro/devkitppc/bin/../lib/gcc/powerpc-eabi/4.8.2/../../../../powerpc-eabi/lib\libc.a(lib_a-mprec.o)
                0x80018834                __i2b
 .text.__multiply
                0x80018870      0x228 c:/devkitpro/devkitppc/bin/../lib/gcc/powerpc-eabi/4.8.2/../../../../powerpc-eabi/lib\libc.a(lib_a-mprec.o)
                0x80018870                __multiply
 .text.__pow5mult
                0x80018a98      0x154 c:/devkitpro/devkitppc/bin/../lib/gcc/powerpc-eabi/4.8.2/../../../../powerpc-eabi/lib\libc.a(lib_a-mprec.o)
                0x80018a98                __pow5mult
 .text.__lshift
                0x80018bec      0x15c c:/devkitpro/devkitppc/bin/../lib/gcc/powerpc-eabi/4.8.2/../../../../powerpc-eabi/lib\libc.a(lib_a-mprec.o)
                0x80018bec                __lshift
 .text.__mcmp   0x80018d48       0x60 c:/devkitpro/devkitppc/bin/../lib/gcc/powerpc-eabi/4.8.2/../../../../powerpc-eabi/lib\libc.a(lib_a-mprec.o)
                0x80018d48                __mcmp
 .text.__mdiff  0x80018da8      0x1b8 c:/devkitpro/devkitppc/bin/../lib/gcc/powerpc-eabi/4.8.2/../../../../powerpc-eabi/lib\libc.a(lib_a-mprec.o)
                0x80018da8                __mdiff
 .text.__d2b    0x80018f60      0x188 c:/devkitpro/devkitppc/bin/../lib/gcc/powerpc-eabi/4.8.2/../../../../powerpc-eabi/lib\libc.a(lib_a-mprec.o)
                0x80018f60                __d2b
 .text._realloc_r
                0x800190e8      0x5b8 c:/devkitpro/devkitppc/bin/../lib/gcc/powerpc-eabi/4.8.2/../../../../powerpc-eabi/lib\libc.a(lib_a-reallocr.o)
                0x800190e8                _realloc_r
 .text.__fpclassifyd
                0x800196a0       0x94 c:/devkitpro/devkitppc/bin/../lib/gcc/powerpc-eabi/4.8.2/../../../../powerpc-eabi/lib\libc.a(lib_a-s_fpclassify.o)
                0x800196a0                __fpclassifyd
 .text.__sread  0x80019734       0x78 c:/devkitpro/devkitppc/bin/../lib/gcc/powerpc-eabi/4.8.2/../../../../powerpc-eabi/lib\libc.a(lib_a-stdio.o)
                0x80019734                __sread
 .text.__swrite
                0x800197ac       0x8c c:/devkitpro/devkitppc/bin/../lib/gcc/powerpc-eabi/4.8.2/../../../../powerpc-eabi/lib\libc.a(lib_a-stdio.o)
                0x800197ac                __swrite
 .text.__sseek  0x80019838       0x70 c:/devkitpro/devkitppc/bin/../lib/gcc/powerpc-eabi/4.8.2/../../../../powerpc-eabi/lib\libc.a(lib_a-stdio.o)
                0x80019838                __sseek
 .text.__sclose
                0x800198a8        0x8 c:/devkitpro/devkitppc/bin/../lib/gcc/powerpc-eabi/4.8.2/../../../../powerpc-eabi/lib\libc.a(lib_a-stdio.o)
                0x800198a8                __sclose
 .text.__sprint_r.part.0
                0x800198b0      0x12c c:/devkitpro/devkitppc/bin/../lib/gcc/powerpc-eabi/4.8.2/../../../../powerpc-eabi/lib\libc.a(lib_a-vfiprintf.o)
 .text.__sprint_r
                0x800199dc       0x1c c:/devkitpro/devkitppc/bin/../lib/gcc/powerpc-eabi/4.8.2/../../../../powerpc-eabi/lib\libc.a(lib_a-vfiprintf.o)
                0x800199dc                __sprint_r
 .text._wcsnrtombs_r
                0x800199f8      0x214 c:/devkitpro/devkitppc/bin/../lib/gcc/powerpc-eabi/4.8.2/../../../../powerpc-eabi/lib\libc.a(lib_a-wcsnrtombs.o)
                0x800199f8                _wcsnrtombs_r
 .text._fclose_r
                0x80019c0c      0x184 c:/devkitpro/devkitppc/bin/../lib/gcc/powerpc-eabi/4.8.2/../../../../powerpc-eabi/lib\libc.a(lib_a-fclose.o)
                0x80019c0c                _fclose_r
 .text.fclose   0x80019d90       0x10 c:/devkitpro/devkitppc/bin/../lib/gcc/powerpc-eabi/4.8.2/../../../../powerpc-eabi/lib\libc.a(lib_a-fclose.o)
                0x80019d90                fclose
 .text._fputwc_r
                0x80019da0      0x1c8 c:/devkitpro/devkitppc/bin/../lib/gcc/powerpc-eabi/4.8.2/../../../../powerpc-eabi/lib\libc.a(lib_a-fputwc.o)
                0x80019da0                _fputwc_r
 .text.__swbuf_r
                0x80019f68      0x1a8 c:/devkitpro/devkitppc/bin/../lib/gcc/powerpc-eabi/4.8.2/../../../../powerpc-eabi/lib\libc.a(lib_a-wbuf.o)
                0x80019f68                __swbuf_r