Archive member included because of file (symbol)

c:/devkitPro/libogc/lib/wii\libogc.a(console.o)
                              main.o (CON_Init)
c:/devkitPro/libogc/lib/wii\libogc.a(video.o)
                              c:/devkitPro/libogc/lib/wii\libogc.a(console.o) (VIDEO_GetCurrentFramebuffer)
c:/devkitPro/libogc/lib/wii\libogc.a(pad.o)
                              main.o (PAD_Init)
c:/devkitPro/libogc/lib/wii\libogc.a(system.o)
                              c:/devkitpro/devkitppc/bin/../lib/gcc/powerpc-eabi/4.8.2/../../../../powerpc-eabi/lib/crtmain.o (SYS_PreMain)
c:/devkitPro/libogc/lib/wii\libogc.a(cond.o)
                              c:/devkitPro/libogc/lib/wii\libogc.a(system.o) (__lwp_cond_init)
c:/devkitPro/libogc/lib/wii\libogc.a(decrementer.o)
                              c:/devkitPro/libogc/lib/wii\libogc.a(system.o) (__decrementer_init)
c:/devkitPro/libogc/lib/wii\libogc.a(message.o)
                              c:/devkitPro/libogc/lib/wii\libogc.a(system.o) (__lwp_mqbox_init)
c:/devkitPro/libogc/lib/wii\libogc.a(si.o)
                              c:/devkitPro/libogc/lib/wii\libogc.a(pad.o) (SI_Busy)
c:/devkitPro/libogc/lib/wii\libogc.a(ipc.o)
                              c:/devkitPro/libogc/lib/wii\libogc.a(system.o) (__IPC_ClntInit)
c:/devkitPro/libogc/lib/wii\libogc.a(ogc_crt0.o)
                              (_start)
c:/devkitPro/libogc/lib/wii\libogc.a(console_font_8x16.o)
                              c:/devkitPro/libogc/lib/wii\libogc.a(console.o) (console_font_8x16)
c:/devkitPro/libogc/lib/wii\libogc.a(timesupp.o)
                              c:/devkitPro/libogc/lib/wii\libogc.a(system.o) (gettick)
c:/devkitPro/libogc/lib/wii\libogc.a(lock_supp.o)
                              c:/devkitPro/libogc/lib/wii\libogc.a(system.o) (__libogc_lock_init)
c:/devkitPro/libogc/lib/wii\libogc.a(newlibc.o)
                              c:/devkitPro/libogc/lib/wii\libogc.a(system.o) (__libc_init)
c:/devkitPro/libogc/lib/wii\libogc.a(usbgecko.o)
                              c:/devkitPro/libogc/lib/wii\libogc.a(console.o) (usb_isgeckoalive)
c:/devkitPro/libogc/lib/wii\libogc.a(sbrk.o)
                              c:/devkitPro/libogc/lib/wii\libogc.a(system.o) (__libogc_sbrk_r)
c:/devkitPro/libogc/lib/wii\libogc.a(malloc_lock.o)
                              c:/devkitPro/libogc/lib/wii\libogc.a(system.o) (__memlock_init)
c:/devkitPro/libogc/lib/wii\libogc.a(stm.o)
                              c:/devkitPro/libogc/lib/wii\libogc.a(system.o) (STM_RegisterEventHandler)
c:/devkitPro/libogc/lib/wii\libogc.a(ios.o)
                              c:/devkitPro/libogc/lib/wii\libogc.a(system.o) (__IOS_InitializeSubsystems)
c:/devkitPro/libogc/lib/wii\libogc.a(es.o)
                              c:/devkitPro/libogc/lib/wii\libogc.a(ios.o) (__ES_Init)
c:/devkitPro/libogc/lib/wii\libogc.a(argv.o)
                              c:/devkitPro/libogc/lib/wii\libogc.a(ogc_crt0.o) (__CheckARGV)
c:/devkitPro/libogc/lib/wii\libogc.a(conf.o)
                              c:/devkitPro/libogc/lib/wii\libogc.a(system.o) (CONF_Init)
c:/devkitPro/libogc/lib/wii\libogc.a(wiilaunch.o)
                              c:/devkitPro/libogc/lib/wii\libogc.a(system.o) (WII_Initialize)
c:/devkitPro/libogc/lib/wii\libogc.a(lwp_priority.o)
                              c:/devkitPro/libogc/lib/wii\libogc.a(system.o) (__lwp_priority_init)
c:/devkitPro/libogc/lib/wii\libogc.a(lwp_threadq.o)
                              c:/devkitPro/libogc/lib/wii\libogc.a(cond.o) (__lwp_threadqueue_init)
c:/devkitPro/libogc/lib/wii\libogc.a(lwp_threads.o)
                              c:/devkitPro/libogc/lib/wii\libogc.a(system.o) (_thread_dispatch_disable_level)
c:/devkitPro/libogc/lib/wii\libogc.a(lwp_messages.o)
                              c:/devkitPro/libogc/lib/wii\libogc.a(message.o) (__lwpmq_initialize)
c:/devkitPro/libogc/lib/wii\libogc.a(lwp.o)
                              c:/devkitPro/libogc/lib/wii\libogc.a(system.o) (__lwp_sysinit)
c:/devkitPro/libogc/lib/wii\libogc.a(lwp_handler.o)
                              c:/devkitPro/libogc/lib/wii\libogc.a(lwp_threads.o) (_cpu_context_save_fp)
c:/devkitPro/libogc/lib/wii\libogc.a(lwp_stack.o)
                              c:/devkitPro/libogc/lib/wii\libogc.a(lwp_threads.o) (__lwp_stack_allocate)
c:/devkitPro/libogc/lib/wii\libogc.a(lwp_mutex.o)
                              c:/devkitPro/libogc/lib/wii\libogc.a(malloc_lock.o) (__lwp_mutex_initialize)
c:/devkitPro/libogc/lib/wii\libogc.a(lwp_watchdog.o)
                              c:/devkitPro/libogc/lib/wii\libogc.a(system.o) (__lwp_watchdog_init)
c:/devkitPro/libogc/lib/wii\libogc.a(lwp_wkspace.o)
                              c:/devkitPro/libogc/lib/wii\libogc.a(ipc.o) (__wkspace_heap)
c:/devkitPro/libogc/lib/wii\libogc.a(lwp_objmgr.o)
                              c:/devkitPro/libogc/lib/wii\libogc.a(system.o) (__lwp_objmgr_initinfo)
c:/devkitPro/libogc/lib/wii\libogc.a(lwp_heap.o)
[...]
Memory Configuration

Name             Origin             Length             Attributes
*default*        0x00000000         0xffffffff

Linker script and memory map

                0x00003400                . = 0x3400

.stub
 *(.stub)
                0x80004000                . = 0x80004000

.init           0x80004000      0x194
 *crt0.o(*.init)
 .init          0x80004000      0x170 c:/devkitPro/libogc/lib/wii\libogc.a(ogc_crt0.o)
                0x80004000                _start
                0x80004140                _memset
 *(.init)
 .init          0x80004170        0xc c:/devkitpro/devkitppc/bin/../lib/gcc/powerpc-eabi/4.8.2/ecrti.o
                0x80004170                __init
 .init          0x8000417c        0x4 c:/devkitpro/devkitppc/bin/../lib/gcc/powerpc-eabi/4.8.2/crtbegin.o
 .init          0x80004180        0x4 c:/devkitpro/devkitppc/bin/../lib/gcc/powerpc-eabi/4.8.2/crtend.o
 .init          0x80004184       0x10 c:/devkitpro/devkitppc/bin/../lib/gcc/powerpc-eabi/4.8.2/ecrtn.o

.rela.dyn       0x80004194        0x0
 .rela.iplt     0x00000000        0x0 c:/devkitpro/devkitppc/bin/../lib/gcc/powerpc-eabi/4.8.2/crtbegin.o

.plt
 *(.plt)

.interp
 *(.interp)

.hash
 *(.hash)

.dynsym
 *(.dynsym)

.dynstr
 *(.dynstr)

.gnu.version
 *(.gnu.version)

.gnu.version_d
 *(.gnu.version_d)

.gnu.version_r
 *(.gnu.version_r)

.rel.init
 *(.rel.init)

.rela.init      0x80004194        0x0
 *(.rela.init)
 .rela.init     0x00000000        0x0 c:/devkitpro/devkitppc/bin/../lib/gcc/powerpc-eabi/4.8.2/crtbegin.o

.rel.text
 *(.rel.text .rel.text.* .rel.gnu.linkonce.t.*)

.rela.text      0x80004194        0x0
 *(.rela.text .rela.text.* .rela.gnu.linkonce.t.*)
 .rela.text     0x00000000        0x0 c:/devkitpro/devkitppc/bin/../lib/gcc/powerpc-eabi/4.8.2/crtbegin.o
 .rela.text.__console_init
                0x00000000        0x0 c:/devkitpro/devkitppc/bin/../lib/gcc/powerpc-eabi/4.8.2/crtbegin.o
 .rela.text.__console_init_ex
                0x00000000        0x0 c:/devkitpro/devkitppc/bin/../lib/gcc/powerpc-eabi/4.8.2/crtbegin.o
 .rela.text.CON_EnableGecko
                0x00000000        0x0 c:/devkitpro/devkitppc/bin/../lib/gcc/powerpc-eabi/4.8.2/crtbegin.o
 .rela.text.__call_resetfuncs
                0x00000000        0x0 c:/devkitpro/devkitppc/bin/../lib/gcc/powerpc-eabi/4.8.2/crtbegin.o
 .rela.text.__locksram
                0x00000000        0x0 c:/devkitpro/devkitppc/bin/../lib/gcc/powerpc-eabi/4.8.2/crtbegin.o
 .rela.text.__lwp_wd_insert_ticks
                0x00000000        0x0 c:/devkitpro/devkitppc/bin/../lib/gcc/powerpc-eabi/4.8.2/crtbegin.o
 .rela.text.__sram_writecallback
                0x00000000        0x0 c:/devkitpro/devkitppc/bin/../lib/gcc/powerpc-eabi/4.8.2/crtbegin.o
 .rela.text.__unlocksram
                0x00000000        0x0 c:/devkitpro/devkitppc/bin/../lib/gcc/powerpc-eabi/4.8.2/crtbegin.o
 .rela.text.__sram_init
                0x00000000        0x0 c:/devkitpro/devkitppc/bin/../lib/gcc/powerpc-eabi/4.8.2/crtbegin.o
 .rela.text.__SYS_SyncSram
                0x00000000        0x0 c:/devkitpro/devkitppc/bin/../lib/gcc/powerpc-eabi/4.8.2/crtbegin.o
 .rela.text.SYS_Init
                0x00000000        0x0 c:/devkitpro/devkitppc/bin/../lib/gcc/powerpc-eabi/4.8.2/crtbegin.o
 .rela.text.SYS_RemoveAlarm
                0x00000000        0x0 c:/devkitpro/devkitppc/bin/../lib/gcc/powerpc-eabi/4.8.2/crtbegin.o
 .rela.text.SYS_CancelAlarm
                0x00000000        0x0 c:/devkitpro/devkitppc/bin/../lib/gcc/powerpc-eabi/4.8.2/crtbegin.o
 .rela.text.__lwp_cond_open
                0x00000000        0x0 c:/devkitpro/devkitppc/bin/../lib/gcc/powerpc-eabi/4.8.2/crtbegin.o
 .rela.text.__lwp_cond_init
                0x00000000        0x0 c:/devkitpro/devkitppc/bin/../lib/gcc/powerpc-eabi/4.8.2/crtbegin.o
 .rela.text.LWP_CondInit
                0x00000000        0x0 c:/devkitpro/devkitppc/bin/../lib/gcc/powerpc-eabi/4.8.2/crtbegin.o
 .rela.text.LWP_CondDestroy
                0x00000000        0x0 c:/devkitpro/devkitppc/bin/../lib/gcc/powerpc-eabi/4.8.2/crtbegin.o
 .rela.text.c_decrementer_handler
                0x00000000        0x0 c:/devkitpro/devkitppc/bin/../lib/gcc/powerpc-eabi/4.8.2/crtbegin.o
 .rela.text.__lwp_mqbox_open
                0x00000000        0x0 c:/devkitpro/devkitppc/bin/../lib/gcc/powerpc-eabi/4.8.2/crtbegin.o
 .rela.text.__lwp_mqbox_init
                0x00000000        0x0 c:/devkitpro/devkitppc/bin/../lib/gcc/powerpc-eabi/4.8.2/crtbegin.o
 .rela.text.MQ_Init
                0x00000000        0x0 c:/devkitpro/devkitppc/bin/../lib/gcc/powerpc-eabi/4.8.2/crtbegin.o
 .rela.text.MQ_Close
                0x00000000        0x0 c:/devkitpro/devkitppc/bin/../lib/gcc/powerpc-eabi/4.8.2/crtbegin.o
 .rela.text.__lwp_wkspace_free
                0x00000000        0x0 c:/devkitpro/devkitppc/bin/../lib/gcc/powerpc-eabi/4.8.2/crtbegin.o
 .rela.text.__ios_ioctlvformat_parse
                0x00000000        0x0 c:/devkitpro/devkitppc/bin/../lib/gcc/powerpc-eabi/4.8.2/crtbegin.o
 .rela.text.IOS_IoctlvFormat
                0x00000000        0x0 c:/devkitpro/devkitppc/bin/../lib/gcc/powerpc-eabi/4.8.2/crtbegin.o
 .rela.text.IOS_IoctlvFormatAsync
                0x00000000        0x0 c:/devkitpro/devkitppc/bin/../lib/gcc/powerpc-eabi/4.8.2/crtbegin.o
 .rela.text.nanosleep
                0x00000000        0x0 c:/devkitpro/devkitppc/bin/../lib/gcc/powerpc-eabi/4.8.2/crtbegin.o
 .rela.text.__libc_delete_hook
                0x00000000        0x0 c:/devkitpro/devkitppc/bin/../lib/gcc/powerpc-eabi/4.8.2/crtbegin.o
 .rela.text.__libc_init
                0x00000000        0x0 c:/devkitpro/devkitppc/bin/../lib/gcc/powerpc-eabi/4.8.2/crtbegin.o
 .rela.text.__libc_wrapup
                0x00000000        0x0 c:/devkitpro/devkitppc/bin/../lib/gcc/powerpc-eabi/4.8.2/crtbegin.o
 .rela.text.__CheckARGV
                0x00000000        0x0 c:/devkitpro/devkitppc/bin/../lib/gcc/powerpc-eabi/4.8.2/crtbegin.o
 .rela.text.__lwp_priority_init
                0x00000000        0x0 c:/devkitpro/devkitppc/bin/../lib/gcc/powerpc-eabi/4.8.2/crtbegin.o
 .rela.text.__lwp_threadqueue_enqueuefifo
                0x00000000        0x0 c:/devkitpro/devkitppc/bin/../lib/gcc/powerpc-eabi/4.8.2/crtbegin.o
 .rela.text.__lwp_threadqueue_dequeuefifo
                0x00000000        0x0 c:/devkitpro/devkitppc/bin/../lib/gcc/powerpc-eabi/4.8.2/crtbegin.o
 .rela.text.__lwp_threadqueue_enqueuepriority
                0x00000000        0x0 c:/devkitpro/devkitppc/bin/../lib/gcc/powerpc-eabi/4.8.2/crtbegin.o
 .rela.text.__lwp_threadqueue_dequeuepriority
                0x00000000        0x0 c:/devkitpro/devkitppc/bin/../lib/gcc/powerpc-eabi/4.8.2/crtbegin.o
 .rela.text.__lwp_threadqueue_enqueue
                0x00000000        0x0 c:/devkitpro/devkitppc/bin/../lib/gcc/powerpc-eabi/4.8.2/crtbegin.o
 .rela.text.__lwp_threadqueue_extractfifo
                0x00000000        0x0 c:/devkitpro/devkitppc/bin/../lib/gcc/powerpc-eabi/4.8.2/crtbegin.o
 .rela.text.__lwp_threadqueue_extractpriority
                0x00000000        0x0 c:/devkitpro/devkitppc/bin/../lib/gcc/powerpc-eabi/4.8.2/crtbegin.o
 .rela.text.__lwp_thread_calcheir
                0x00000000        0x0 c:/devkitpro/devkitppc/bin/../lib/gcc/powerpc-eabi/4.8.2/crtbegin.o
 .rela.text.__lwp_wd_insert_ticks.constprop.4
                0x00000000        0x0 c:/devkitpro/devkitppc/bin/../lib/gcc/powerpc-eabi/4.8.2/crtbegin.o
 .rela.text.__lwp_rotate_readyqueue
                0x00000000        0x0 c:/devkitpro/devkitppc/bin/../lib/gcc/powerpc-eabi/4.8.2/crtbegin.o
 .rela.text.__lwp_thread_setpriority
                0x00000000        0x0 c:/devkitpro/devkitppc/bin/../lib/gcc/powerpc-eabi/4.8.2/crtbegin.o
 .rela.text.__lwp_thread_close
                0x00000000        0x0 c:/devkitpro/devkitppc/bin/../lib/gcc/powerpc-eabi/4.8.2/crtbegin.o
 .rela.text.__lwp_thread_closeall
                0x00000000        0x0 c:/devkitpro/devkitppc/bin/../lib/gcc/powerpc-eabi/4.8.2/crtbegin.o
 .rela.text.__lwp_thread_startmultitasking
                0x00000000        0x0 c:/devkitpro/devkitppc/bin/../lib/gcc/powerpc-eabi/4.8.2/crtbegin.o
 .rela.text.__lwp_thread_stopmultitasking
                0x00000000        0x0 c:/devkitpro/devkitppc/bin/../lib/gcc/powerpc-eabi/4.8.2/crtbegin.o
 .rela.text.__lwp_thread_coreinit
                0x00000000        0x0 c:/devkitpro/devkitppc/bin/../lib/gcc/powerpc-eabi/4.8.2/crtbegin.o
 .rela.text.__lwpmq_initialize
                0x00000000        0x0 c:/devkitpro/devkitppc/bin/../lib/gcc/powerpc-eabi/4.8.2/crtbegin.o
 .rela.text.__lwpmq_close
                0x00000000        0x0 c:/devkitpro/devkitppc/bin/../lib/gcc/powerpc-eabi/4.8.2/crtbegin.o
 .rela.text.__lwp_cntrl_open
                0x00000000        0x0 c:/devkitpro/devkitppc/bin/../lib/gcc/powerpc-eabi/4.8.2/crtbegin.o
 .rela.text.__lwp_tqueue_open
                0x00000000        0x0 c:/devkitpro/devkitppc/bin/../lib/gcc/powerpc-eabi/4.8.2/crtbegin.o
 .rela.text.__lwp_cntrl_free
                0x00000000        0x0 c:/devkitpro/devkitppc/bin/../lib/gcc/powerpc-eabi/4.8.2/crtbegin.o
 .rela.text.__lwp_sysinit
                0x00000000        0x0 c:/devkitpro/devkitppc/bin/../lib/gcc/powerpc-eabi/4.8.2/crtbegin.o
 .rela.text.__lwp_thread_isalive
                0x00000000        0x0 c:/devkitpro/devkitppc/bin/../lib/gcc/powerpc-eabi/4.8.2/crtbegin.o
 .rela.text.__lwp_thread_exists
                0x00000000        0x0 c:/devkitpro/devkitppc/bin/../lib/gcc/powerpc-eabi/4.8.2/crtbegin.o
 .rela.text.__lwp_thread_context
                0x00000000        0x0 c:/devkitpro/devkitppc/bin/../lib/gcc/powerpc-eabi/4.8.2/crtbegin.o
 .rela.text.LWP_CreateThread
                0x00000000        0x0 c:/devkitpro/devkitppc/bin/../lib/gcc/powerpc-eabi/4.8.2/crtbegin.o
 .rela.text.LWP_InitQueue
                0x00000000        0x0 c:/devkitpro/devkitppc/bin/../lib/gcc/powerpc-eabi/4.8.2/crtbegin.o
 .rela.text.LWP_CloseQueue
                0x00000000        0x0 c:/devkitpro/devkitppc/bin/../lib/gcc/powerpc-eabi/4.8.2/crtbegin.o
 .rela.text.__lwp_stack_allocate
                0x00000000        0x0 c:/devkitpro/devkitppc/bin/../lib/gcc/powerpc-eabi/4.8.2/crtbegin.o
 .rela.text.__lwp_stack_free
                0x00000000        0x0 c:/devkitpro/devkitppc/bin/../lib/gcc/powerpc-eabi/4.8.2/crtbegin.o
 .rela.text.__lwp_watchdog_init
                0x00000000        0x0 c:/devkitpro/devkitppc/bin/../lib/gcc/powerpc-eabi/4.8.2/crtbegin.o
 .rela.text.__lwp_wd_tickle
                0x00000000        0x0 c:/devkitpro/devkitppc/bin/../lib/gcc/powerpc-eabi/4.8.2/crtbegin.o
 .rela.text.__lwp_wkspace_heapfree
                0x00000000        0x0 c:/devkitpro/devkitppc/bin/../lib/gcc/powerpc-eabi/4.8.2/crtbegin.o
 .rela.text.__lwp_wkspace_heapused
                0x00000000        0x0 c:/devkitpro/devkitppc/bin/../lib/gcc/powerpc-eabi/4.8.2/crtbegin.o
 .rela.text.__lwp_wkspace_init
                0x00000000        0x0 c:/devkitpro/devkitppc/bin/../lib/gcc/powerpc-eabi/4.8.2/crtbegin.o
 .rela.text.__lwp_objmgr_initinfo
                0x00000000        0x0 c:/devkitpro/devkitppc/bin/../lib/gcc/powerpc-eabi/4.8.2/crtbegin.o
 .rela.text.__systemcall_init
                0x00000000        0x0 c:/devkitpro/devkitppc/bin/../lib/gcc/powerpc-eabi/4.8.2/crtbegin.o
 .rela.text.__exception_init
                0x00000000        0x0 c:/devkitpro/devkitppc/bin/../lib/gcc/powerpc-eabi/4.8.2/crtbegin.o
 .rela.text.__exception_close
                0x00000000        0x0 c:/devkitpro/devkitppc/bin/../lib/gcc/powerpc-eabi/4.8.2/crtbegin.o
 .rela.text.__exception_sethandler
                0x00000000        0x0 c:/devkitpro/devkitppc/bin/../lib/gcc/powerpc-eabi/4.8.2/crtbegin.o
 .rela.text.__irq_init
                0x00000000        0x0 c:/devkitpro/devkitppc/bin/../lib/gcc/powerpc-eabi/4.8.2/crtbegin.o
 .rela.text.__lwp_sema_open
                0x00000000        0x0 c:/devkitpro/devkitppc/bin/../lib/gcc/powerpc-eabi/4.8.2/crtbegin.o
 .rela.text.__lwp_sema_init
                0x00000000        0x0 c:/devkitpro/devkitppc/bin/../lib/gcc/powerpc-eabi/4.8.2/crtbegin.o
 .rela.text.LWP_SemInit
                0x00000000        0x0 c:/devkitpro/devkitppc/bin/../lib/gcc/powerpc-eabi/4.8.2/crtbegin.o
 .rela.text.LWP_SemDestroy
                0x00000000        0x0 c:/devkitpro/devkitppc/bin/../lib/gcc/powerpc-eabi/4.8.2/crtbegin.o
 .rela.text.__lwp_mutex_locksupp.constprop.7
                0x00000000        0x0 c:/devkitpro/devkitppc/bin/../lib/gcc/powerpc-eabi/4.8.2/crtbegin.o
 .rela.text.__lwp_mutex_init
                0x00000000        0x0 c:/devkitpro/devkitppc/bin/../lib/gcc/powerpc-eabi/4.8.2/crtbegin.o
 .rela.text.LWP_MutexInit
                0x00000000        0x0 c:/devkitpro/devkitppc/bin/../lib/gcc/powerpc-eabi/4.8.2/crtbegin.o
 .rela.text.LWP_MutexDestroy
                0x00000000        0x0 c:/devkitpro/devkitppc/bin/../lib/gcc/powerpc-eabi/4.8.2/crtbegin.o
 .rela.text.LWP_MutexUnlock
                0x00000000        0x0 c:/devkitpro/devkitppc/bin/../lib/gcc/powerpc-eabi/4.8.2/crtbegin.o
 .rela.text.__GX_FifoLink
                0x00000000        0x0 c:/devkitpro/devkitppc/bin/../lib/gcc/powerpc-eabi/4.8.2/crtbegin.o
 .rela.text.__GX_WriteFifoIntEnable
                0x00000000        0x0 c:/devkitpro/devkitppc/bin/../lib/gcc/powerpc-eabi/4.8.2/crtbegin.o
 .rela.text.__GX_FifoReadEnable
                0x00000000        0x0 c:/devkitpro/devkitppc/bin/../lib/gcc/powerpc-eabi/4.8.2/crtbegin.o
 .rela.text.__GX_FifoReadDisable
                0x00000000        0x0 c:/devkitpro/devkitppc/bin/../lib/gcc/powerpc-eabi/4.8.2/crtbegin.o
 .rela.text.__GX_InitRevBits
                0x00000000        0x0 c:/devkitpro/devkitppc/bin/../lib/gcc/powerpc-eabi/4.8.2/crtbegin.o
 .rela.text.__GXDefTexRegionCallback
                0x00000000        0x0 c:/devkitpro/devkitppc/bin/../lib/gcc/powerpc-eabi/4.8.2/crtbegin.o
 .rela.text.__GXDefTlutRegionCallback
                0x00000000        0x0 c:/devkitpro/devkitppc/bin/../lib/gcc/powerpc-eabi/4.8.2/crtbegin.o
 .rela.text.__GX_FlushTextureState
                0x00000000        0x0 c:/devkitpro/devkitppc/bin/../lib/gcc/powerpc-eabi/4.8.2/crtbegin.o
 .rela.text.__SetSURegs
                0x00000000        0x0 c:/devkitpro/devkitppc/bin/../lib/gcc/powerpc-eabi/4.8.2/crtbegin.o
 .rela.text.__SETVCDFMT
                0x00000000        0x0 c:/devkitpro/devkitppc/bin/../lib/gcc/powerpc-eabi/4.8.2/crtbegin.o
 .rela.text.__GX_SetMatrixIndex.part.1
                0x00000000        0x0 c:/devkitpro/devkitppc/bin/../lib/gcc/powerpc-eabi/4.8.2/crtbegin.o
 .rela.text.__SETVCDATTR
                0x00000000        0x0 c:/devkitpro/devkitppc/bin/../lib/gcc/powerpc-eabi/4.8.2/crtbegin.o
 .rela.text.__GX_WriteFifoIntReset.constprop.11
                0x00000000        0x0 c:/devkitpro/devkitppc/bin/../lib/gcc/powerpc-eabi/4.8.2/crtbegin.o
 .rela.text.__GXCPInterruptHandler
                0x00000000        0x0 c:/devkitpro/devkitppc/bin/../lib/gcc/powerpc-eabi/4.8.2/crtbegin.o
 .rela.text.__GX_SetDirtyState
                0x00000000        0x0 c:/devkitpro/devkitppc/bin/../lib/gcc/powerpc-eabi/4.8.2/crtbegin.o
 .rela.text.GX_Flush
                0x00000000        0x0 c:/devkitpro/devkitppc/bin/../lib/gcc/powerpc-eabi/4.8.2/crtbegin.o
 .rela.text.GX_EnableBreakPt
                0x00000000        0x0 c:/devkitpro/devkitppc/bin/../lib/gcc/powerpc-eabi/4.8.2/crtbegin.o
 .rela.text.GX_DisableBreakPt
                0x00000000        0x0 c:/devkitpro/devkitppc/bin/../lib/gcc/powerpc-eabi/4.8.2/crtbegin.o
 .rela.text.GX_AbortFrame
                0x00000000        0x0 c:/devkitpro/devkitppc/bin/../lib/gcc/powerpc-eabi/4.8.2/crtbegin.o
 .rela.text.GX_PixModeSync
                0x00000000        0x0 c:/devkitpro/devkitppc/bin/../lib/gcc/powerpc-eabi/4.8.2/crtbegin.o
 .rela.text.GX_SetMisc
                0x00000000        0x0 c:/devkitpro/devkitppc/bin/../lib/gcc/powerpc-eabi/4.8.2/crtbegin.o
 .rela.text.GX_SetCopyClamp
                0x00000000        0x0 c:/devkitpro/devkitppc/bin/../lib/gcc/powerpc-eabi/4.8.2/crtbegin.o
 .rela.text.GX_SetDispCopyGamma
                0x00000000        0x0 c:/devkitpro/devkitppc/bin/../lib/gcc/powerpc-eabi/4.8.2/crtbegin.o
 .rela.text.GX_SetDispCopyFrame2Field
                0x00000000        0x0 c:/devkitpro/devkitppc/bin/../lib/gcc/powerpc-eabi/4.8.2/crtbegin.o
 .rela.text.GX_SetDispCopyYScale
                0x00000000        0x0 c:/devkitpro/devkitppc/bin/../lib/gcc/powerpc-eabi/4.8.2/crtbegin.o
 .rela.text.GX_SetDispCopyDst
                0x00000000        0x0 c:/devkitpro/devkitppc/bin/../lib/gcc/powerpc-eabi/4.8.2/crtbegin.o
 .rela.text.GX_SetDispCopySrc
                0x00000000        0x0 c:/devkitpro/devkitppc/bin/../lib/gcc/powerpc-eabi/4.8.2/crtbegin.o
 .rela.text.GX_CopyDisp
                0x00000000        0x0 c:/devkitpro/devkitppc/bin/../lib/gcc/powerpc-eabi/4.8.2/crtbegin.o
 .rela.text.GX_CopyTex
                0x00000000        0x0 c:/devkitpro/devkitppc/bin/../lib/gcc/powerpc-eabi/4.8.2/crtbegin.o
 .rela.text.GX_SetTexCopySrc
                0x00000000        0x0 c:/devkitpro/devkitppc/bin/../lib/gcc/powerpc-eabi/4.8.2/crtbegin.o
 .rela.text.GX_SetTexCopyDst
                0x00000000        0x0 c:/devkitpro/devkitppc/bin/../lib/gcc/powerpc-eabi/4.8.2/crtbegin.o
 .rela.text.GX_BeginDispList
                0x00000000        0x0 c:/devkitpro/devkitppc/bin/../lib/gcc/powerpc-eabi/4.8.2/crtbegin.o
 .rela.text.GX_EndDispList
                0x00000000        0x0 c:/devkitpro/devkitppc/bin/../lib/gcc/powerpc-eabi/4.8.2/crtbegin.o
 .rela.text.GX_CallDispList
                0x00000000        0x0 c:/devkitpro/devkitppc/bin/../lib/gcc/powerpc-eabi/4.8.2/crtbegin.o
 .rela.text.GX_SetChanCtrl
                0x00000000        0x0 c:/devkitpro/devkitppc/bin/../lib/gcc/powerpc-eabi/4.8.2/crtbegin.o
 .rela.text.GX_SetChanAmbColor
                0x00000000        0x0 c:/devkitpro/devkitppc/bin/../lib/gcc/powerpc-eabi/4.8.2/crtbegin.o
 .rela.text.GX_SetChanMatColor
                0x00000000        0x0 c:/devkitpro/devkitppc/bin/../lib/gcc/powerpc-eabi/4.8.2/crtbegin.o
 .rela.text.GX_SetVtxDesc
                0x00000000        0x0 c:/devkitpro/devkitppc/bin/../lib/gcc/powerpc-eabi/4.8.2/crtbegin.o
 .rela.text.GX_SetVtxDescv
                0x00000000        0x0 c:/devkitpro/devkitppc/bin/../lib/gcc/powerpc-eabi/4.8.2/crtbegin.o
 .rela.text.GX_GetVtxDescv
                0x00000000        0x0 c:/devkitpro/devkitppc/bin/../lib/gcc/powerpc-eabi/4.8.2/crtbegin.o
 .rela.text.GX_SetVtxAttrFmt
                0x00000000        0x0 c:/devkitpro/devkitppc/bin/../lib/gcc/powerpc-eabi/4.8.2/crtbegin.o
 .rela.text.GX_SetVtxAttrFmtv
                0x00000000        0x0 c:/devkitpro/devkitppc/bin/../lib/gcc/powerpc-eabi/4.8.2/crtbegin.o
 .rela.text.GX_Begin
                0x00000000        0x0 c:/devkitpro/devkitppc/bin/../lib/gcc/powerpc-eabi/4.8.2/crtbegin.o
 .rela.text.GX_SetTexCoordGen2
                0x00000000        0x0 c:/devkitpro/devkitppc/bin/../lib/gcc/powerpc-eabi/4.8.2/crtbegin.o
 .rela.text.GX_SetCurrentMtx
                0x00000000        0x0 c:/devkitpro/devkitppc/bin/../lib/gcc/powerpc-eabi/4.8.2/crtbegin.o
 .rela.text.GX_SetNumTexGens
                0x00000000        0x0 c:/devkitpro/devkitppc/bin/../lib/gcc/powerpc-eabi/4.8.2/crtbegin.o
 .rela.text.GX_SetZMode
                0x00000000        0x0 c:/devkitpro/devkitppc/bin/../lib/gcc/powerpc-eabi/4.8.2/crtbegin.o
 .rela.text.GX_LoadTexObjPreloaded
                0x00000000        0x0 c:/devkitpro/devkitppc/bin/../lib/gcc/powerpc-eabi/4.8.2/crtbegin.o
 .rela.text.GX_SetTexCoordScaleManually
                0x00000000        0x0 c:/devkitpro/devkitppc/bin/../lib/gcc/powerpc-eabi/4.8.2/crtbegin.o
 .rela.text.GX_SetTexCoordCylWrap
                0x00000000        0x0 c:/devkitpro/devkitppc/bin/../lib/gcc/powerpc-eabi/4.8.2/crtbegin.o
 .rela.text.GX_SetTexCoordBias
                0x00000000        0x0 c:/devkitpro/devkitppc/bin/../lib/gcc/powerpc-eabi/4.8.2/crtbegin.o
 .rela.text.GX_SetBlendMode
                0x00000000        0x0 c:/devkitpro/devkitppc/bin/../lib/gcc/powerpc-eabi/4.8.2/crtbegin.o
 .rela.text.GX_ClearVtxDesc
                0x00000000        0x0 c:/devkitpro/devkitppc/bin/../lib/gcc/powerpc-eabi/4.8.2/crtbegin.o
 .rela.text.GX_SetLineWidth
                0x00000000        0x0 c:/devkitpro/devkitppc/bin/../lib/gcc/powerpc-eabi/4.8.2/crtbegin.o
 .rela.text.GX_SetPointSize
                0x00000000        0x0 c:/devkitpro/devkitppc/bin/../lib/gcc/powerpc-eabi/4.8.2/crtbegin.o
 .rela.text.GX_SetTevColorIn
                0x00000000        0x0 c:/devkitpro/devkitppc/bin/../lib/gcc/powerpc-eabi/4.8.2/crtbegin.o
 .rela.text.GX_SetTevAlphaIn
                0x00000000        0x0 c:/devkitpro/devkitppc/bin/../lib/gcc/powerpc-eabi/4.8.2/crtbegin.o
 .rela.text.GX_SetTevColorOp
                0x00000000        0x0 c:/devkitpro/devkitppc/bin/../lib/gcc/powerpc-eabi/4.8.2/crtbegin.o
 .rela.text.GX_SetTevAlphaOp
                0x00000000        0x0 c:/devkitpro/devkitppc/bin/../lib/gcc/powerpc-eabi/4.8.2/crtbegin.o
 .rela.text.GX_SetCullMode
                0x00000000        0x0 c:/devkitpro/devkitppc/bin/../lib/gcc/powerpc-eabi/4.8.2/crtbegin.o
 .rela.text.GX_SetCoPlanar
                0x00000000        0x0 c:/devkitpro/devkitppc/bin/../lib/gcc/powerpc-eabi/4.8.2/crtbegin.o
 .rela.text.GX_EnableTexOffsets
                0x00000000        0x0 c:/devkitpro/devkitppc/bin/../lib/gcc/powerpc-eabi/4.8.2/crtbegin.o
 .rela.text.GX_SetScissor
                0x00000000        0x0 c:/devkitpro/devkitppc/bin/../lib/gcc/powerpc-eabi/4.8.2/crtbegin.o
 .rela.text.GX_SetNumChans
                0x00000000        0x0 c:/devkitpro/devkitppc/bin/../lib/gcc/powerpc-eabi/4.8.2/crtbegin.o
 .rela.text.GX_SetTevOrder
                0x00000000        0x0 c:/devkitpro/devkitppc/bin/../lib/gcc/powerpc-eabi/4.8.2/crtbegin.o
 .rela.text.GX_SetNumTevStages
                0x00000000        0x0 c:/devkitpro/devkitppc/bin/../lib/gcc/powerpc-eabi/4.8.2/crtbegin.o
 .rela.text.GX_SetTevKColorSel
                0x00000000        0x0 c:/devkitpro/devkitppc/bin/../lib/gcc/powerpc-eabi/4.8.2/crtbegin.o
 .rela.text.GX_SetTevKAlphaSel
                0x00000000        0x0 c:/devkitpro/devkitppc/bin/../lib/gcc/powerpc-eabi/4.8.2/crtbegin.o
 .rela.text.GX_SetTevSwapMode
                0x00000000        0x0 c:/devkitpro/devkitppc/bin/../lib/gcc/powerpc-eabi/4.8.2/crtbegin.o
 .rela.text.GX_SetTevSwapModeTable
                0x00000000        0x0 c:/devkitpro/devkitppc/bin/../lib/gcc/powerpc-eabi/4.8.2/crtbegin.o
 .rela.text.GX_SetNumIndStages
                0x00000000        0x0 c:/devkitpro/devkitppc/bin/../lib/gcc/powerpc-eabi/4.8.2/crtbegin.o
 .rela.text.GX_SetIndTexCoordScale
                0x00000000        0x0 c:/devkitpro/devkitppc/bin/../lib/gcc/powerpc-eabi/4.8.2/crtbegin.o
 .rela.text.GX_SetColorUpdate
                0x00000000        0x0 c:/devkitpro/devkitppc/bin/../lib/gcc/powerpc-eabi/4.8.2/crtbegin.o
 .rela.text.GX_SetAlphaUpdate
                0x00000000        0x0 c:/devkitpro/devkitppc/bin/../lib/gcc/powerpc-eabi/4.8.2/crtbegin.o
 .rela.text.GX_SetZCompLoc
                0x00000000        0x0 c:/devkitpro/devkitppc/bin/../lib/gcc/powerpc-eabi/4.8.2/crtbegin.o
 .rela.text.GX_SetPixelFmt
                0x00000000        0x0 c:/devkitpro/devkitppc/bin/../lib/gcc/powerpc-eabi/4.8.2/crtbegin.o
 .rela.text.GX_SetDither
                0x00000000        0x0 c:/devkitpro/devkitppc/bin/../lib/gcc/powerpc-eabi/4.8.2/crtbegin.o
 .rela.text.GX_SetDstAlpha
                0x00000000        0x0 c:/devkitpro/devkitppc/bin/../lib/gcc/powerpc-eabi/4.8.2/crtbegin.o
 .rela.text.GX_SetFieldMode
                0x00000000        0x0 c:/devkitpro/devkitppc/bin/../lib/gcc/powerpc-eabi/4.8.2/crtbegin.o
 .rela.text.GX_SetIndTexOrder
                0x00000000        0x0 c:/devkitpro/devkitppc/bin/../lib/gcc/powerpc-eabi/4.8.2/crtbegin.o
 .rela.text.GX_SetGPMetric
                0x00000000        0x0 c:/devkitpro/devkitppc/bin/../lib/gcc/powerpc-eabi/4.8.2/crtbegin.o
 .rela.text.GX_Init
                0x00000000        0x0 c:/devkitpro/devkitppc/bin/../lib/gcc/powerpc-eabi/4.8.2/crtbegin.o
 .rela.text.GX_ReadGPMetric
                0x00000000        0x0 c:/devkitpro/devkitppc/bin/../lib/gcc/powerpc-eabi/4.8.2/crtbegin.o
 .rela.text.kprintf
                0x00000000        0x0 c:/devkitpro/devkitppc/bin/../lib/gcc/powerpc-eabi/4.8.2/crtbegin.o
 .rela.text.sinef
                0x00000000        0x0 c:/devkitpro/devkitppc/bin/../lib/gcc/powerpc-eabi/4.8.2/crtbegin.o
 .rela.text.sqrtf
                0x00000000        0x0 c:/devkitpro/devkitppc/bin/../lib/gcc/powerpc-eabi/4.8.2/crtbegin.o
 .rela.text.calloc
                0x00000000        0x0 c:/devkitpro/devkitppc/bin/../lib/gcc/powerpc-eabi/4.8.2/crtbegin.o
 .rela.text.__errno
                0x00000000        0x0 c:/devkitpro/devkitppc/bin/../lib/gcc/powerpc-eabi/4.8.2/crtbegin.o
 .rela.text.exit
                0x00000000        0x0 c:/devkitpro/devkitppc/bin/../lib/gcc/powerpc-eabi/4.8.2/crtbegin.o
 .rela.text._malloc_trim_r
                0x00000000        0x0 c:/devkitpro/devkitppc/bin/../lib/gcc/powerpc-eabi/4.8.2/crtbegin.o
 .rela.text._free_r
                0x00000000        0x0 c:/devkitpro/devkitppc/bin/../lib/gcc/powerpc-eabi/4.8.2/crtbegin.o
 .rela.text.setvbuf
                0x00000000        0x0 c:/devkitpro/devkitppc/bin/../lib/gcc/powerpc-eabi/4.8.2/crtbegin.o
 .rela.text._svfprintf_r
                0x00000000        0x0 c:/devkitpro/devkitppc/bin/../lib/gcc/powerpc-eabi/4.8.2/crtbegin.o
 .rela.text._vfprintf_r
                0x00000000        0x0 c:/devkitpro/devkitppc/bin/../lib/gcc/powerpc-eabi/4.8.2/crtbegin.o
 .rela.text._wcrtomb_r
                0x00000000        0x0 c:/devkitpro/devkitppc/bin/../lib/gcc/powerpc-eabi/4.8.2/crtbegin.o
 .rela.text.wcrtomb
                0x00000000        0x0 c:/devkitpro/devkitppc/bin/../lib/gcc/powerpc-eabi/4.8.2/crtbegin.o
 .rela.text.__call_exitprocs
                0x00000000        0x0 c:/devkitpro/devkitppc/bin/../lib/gcc/powerpc-eabi/4.8.2/crtbegin.o
 .rela.text._dtoa_r
                0x00000000        0x0 c:/devkitpro/devkitppc/bin/../lib/gcc/powerpc-eabi/4.8.2/crtbegin.o
 .rela.text._cleanup_r
                0x00000000        0x0 c:/devkitpro/devkitppc/bin/../lib/gcc/powerpc-eabi/4.8.2/crtbegin.o
 .rela.text.std.isra.0
                0x00000000        0x0 c:/devkitpro/devkitppc/bin/../lib/gcc/powerpc-eabi/4.8.2/crtbegin.o
 .rela.text._cleanup
                0x00000000        0x0 c:/devkitpro/devkitppc/bin/../lib/gcc/powerpc-eabi/4.8.2/crtbegin.o
 .rela.text.loadlocale
                0x00000000        0x0 c:/devkitpro/devkitppc/bin/../lib/gcc/powerpc-eabi/4.8.2/crtbegin.o
 .rela.text.__smakebuf_r
                0x00000000        0x0 c:/devkitpro/devkitppc/bin/../lib/gcc/powerpc-eabi/4.8.2/crtbegin.o
 .rela.text._findenv_r
                0x00000000        0x0 c:/devkitpro/devkitppc/bin/../lib/gcc/powerpc-eabi/4.8.2/crtbegin.o

.rel.fini
 *(.rel.fini)

.rela.fini
 *(.rela.fini)

.rel.rodata
 *(.rel.rodata .rel.rodata.* .rel.gnu.linkonce.r.*)

.rela.rodata
 *(.rela.rodata .rela.rodata.* .rela.gnu.linkonce.r.*)

.rel.data
 *(.rel.data .rel.data.* .rel.gnu.linkonce.d.*)

.rela.data
 *(.rela.data .rela.data.* .rela.gnu.linkonce.d.*)

.rel.tdata
 *(.rel.tdata .rel.tdata.* .rel.gnu.linkonce.td.*)

.rela.tdata
 *(.rela.tdata .rela.tdata.* .rela.gnu.linkonce.td.*)

.rel.tbss
 *(.rel.tbss .rel.tbss.* .rel.gnu.linkonce.tb.*)

.rela.tbss
 *(.rela.tbss .rela.tbss.* .rela.gnu.linkonce.tb.*)

.rel.ctors
 *(.rel.ctors)

.rela.ctors
 *(.rela.ctors)

.rel.dtors
 *(.rel.dtors)

.rela.dtors
 *(.rela.dtors)

.rel.got
 *(.rel.got)

.rela.got
 *(.rela.got)

.rela.got1
 *(.rela.got1)

.rela.got2      0x80004194        0x0
 *(.rela.got2)
 .rela.got2     0x00000000        0x0 c:/devkitpro/devkitppc/bin/../lib/gcc/powerpc-eabi/4.8.2/crtbegin.o

.rel.sdata
 *(.rel.sdata .rel.sdata.* .rel.gnu.linkonce.s.*)

.rela.sdata
 *(.rela.sdata .rela.sdata.* .rela.gnu.linkonce.s.*)

.rel.sbss
 *(.rel.sbss .rel.sbss.* .rel.gnu.linkonce.sb.*)

.rela.sbss
 *(.rela.sbss .rela.sbss.* .rel.gnu.linkonce.sb.*)

.rel.sdata2
 *(.rel.sdata2 .rel.sdata2.* .rel.gnu.linkonce.s2.*)

.rela.sdata2    0x80004194        0x0
 *(.rela.sdata2 .rela.sdata2.* .rela.gnu.linkonce.s2.*)
 .rela.sdata2.__sys_inIPL
                0x00000000        0x0 c:/devkitpro/devkitppc/bin/../lib/gcc/powerpc-eabi/4.8.2/crtbegin.o

.rel.sbss2
 *(.rel.sbss2 .rel.sbss2.* .rel.gnu.linkonce.sb2.*)

.rela.sbss2
 *(.rela.sbss2 .rela.sbss2.* .rela.gnu.linkonce.sb2.*)

.rel.bss
 *(.rel.bss .rel.bss.* .rel.gnu.linkonce.b.*)

.rela.bss
 *(.rela.bss .rela.bss.* .rela.gnu.linkonce.b.*)

.rel.plt
 *(.rel.plt)

.rela.plt
 *(.rela.plt)

.text           0x800041a0    0x1c060
 *(.text)
 .text          0x800041a0      0x1e0 c:/devkitpro/devkitppc/bin/../lib/gcc/powerpc-eabi/4.8.2/crtbegin.o
 .text          0x80004380       0x44 c:/devkitpro/devkitppc/bin/../lib/gcc/powerpc-eabi/4.8.2/../../../../powerpc-eabi/lib/crtmain.o
                0x80004384                __crtmain
 *fill*         0x800043c4       0x1c 00000000
 .text          0x800043e0      0x44c c:/devkitPro/libogc/lib/wii\libogc.a(lwp_handler.o)
                0x800043e0                _cpu_context_save_fp
                0x80004520                _cpu_context_restore_fp
                0x80004660                _cpu_context_switch
                0x80004740                _cpu_context_save
                0x800047c0                _cpu_context_restore
 .text          0x8000482c      0x1ac c:/devkitPro/libogc/lib/wii\libogc.a(irq_handler.o)
                0x8000482c                irq_exceptionhandler
 .text          0x800049d8      0x118 c:/devkitPro/libogc/lib/wii\libogc.a(video_asm.o)
                0x800049d8                __VIClearFramebuffer
 .text          0x80004af0      0x4f4 c:/devkitPro/libogc/lib/wii\libogc.a(cache_asm.o)
                0x80004af0                DCFlashInvalidate
                0x80004b04                DCEnable
                0x80004b18                DCDisable
                0x80004b2c                DCFreeze
                0x80004b40                DCUnfreeze
                0x80004b54                DCTouchLoad
                0x80004b5c                DCBlockZero
                0x80004b64                DCBlockStore
                0x80004b6c                DCBlockFlush
                0x80004b74                DCBlockInvalidate
                0x80004b7c                DCInvalidateRange
                0x80004bac                DCFlushRange
                0x80004be0                DCStoreRange
                0x80004c14                DCFlushRangeNoSync
                0x80004c44                DCStoreRangeNoSync
                0x80004c74                DCZeroRange
                0x80004ca4                DCTouchRange
                0x80004cd4                ICInvalidateRange
                0x80004d0c                ICFlashInvalidate
                0x80004d20                ICEnable
                0x80004d34                ICDisable
                0x80004d48                ICFreeze
                0x80004d5c                ICUnfreeze
                0x80004d70                ICBlockInvalidate
                0x80004d78                ICSync
                0x80004d80                L2Init
                0x80004dc8                L2Enable
                0x80004de4                L2Disable
                0x80004dfc                L2GlobalInvalidate
                0x80004e54                __LCEnable
                0x80004f20                LCDisable
                0x80004f48                LCAllocOneTag
                0x80004f5c                LCAllocTags
                0x80004f9c                LCLoadBlocks
                0x80004fc0                LCStoreBlocks
 .text          0x80004fe4      0x4a0 c:/devkitPro/libogc/lib/wii\libogc.a(system_asm.o)
                0x80004fe4                __realmode
                0x80004ffc                __configBATS
                0x8000512c                __InitFPRS
                0x80005258                __InitPS
                0x800052b4                __InitCache
                0x8000530c                __InitSystem
                0x80005394                __flush_cache
                0x800053c8                __reset
                0x80005438                __InitBATS
                0x80005454                SYS_SwitchFiber
 .text          0x80005484      0x1ac c:/devkitPro/libogc/lib/wii\libogc.a(decrementer_handler.o)
                0x80005484                dec_exceptionhandler
 .text          0x80005630      0x35c c:/devkitPro/libogc/lib/wii\libogc.a(exception_handler.o)
                0x80005630                exceptionhandler_start
                0x800056ac                exceptionhandler_patch
                0x800056e0                exceptionhandler_end
                0x800056e4                default_exceptionhandler
                0x80005814                fpu_exceptionhandler
                0x8000595c                systemcallhandler_start
                0x80005988                systemcallhandler_end
 .text          0x8000598c       0x40 c:/devkitpro/devkitppc/bin/../lib/gcc/powerpc-eabi/4.8.2\libgcc.a(_ashldi3.o)
                0x8000598c                __ashldi3
 .text          0x800059cc      0x414 c:/devkitpro/devkitppc/bin/../lib/gcc/powerpc-eabi/4.8.2\libgcc.a(_udivdi3.o)
                0x800059cc                __udivdi3
 .text          0x80005de0      0x3b8 c:/devkitpro/devkitppc/bin/../lib/gcc/powerpc-eabi/4.8.2\libgcc.a(_umoddi3.o)
                0x80005de0                __umoddi3
 .text          0x80006198       0x48 c:/devkitpro/devkitppc/bin/../lib/gcc/powerpc-eabi/4.8.2\libgcc.a(eabi.o)
                0x80006198                __eabi
 .text          0x800061e0       0x58 c:/devkitpro/devkitppc/bin/../lib/gcc/powerpc-eabi/4.8.2\libgcc.a(crtresxgpr.o)
                0x800061e0                _restgpr_14_x
                0x800061e4                _restgpr_15_x
                0x800061e8                _restgpr_16_x
                0x800061ec                _restgpr_17_x
                0x800061f0                _restgpr_18_x
                0x800061f4                _restgpr_19_x
                0x800061f8                _restgpr_20_x
                0x800061fc                _restgpr_21_x
                0x80006200                _restgpr_22_x
                0x80006204                _restgpr_23_x
                0x80006208                _restgpr_24_x
                0x8000620c                _restgpr_25_x
                0x80006210                _restgpr_26_x
                0x80006214                _restgpr_27_x
                0x80006218                _restgpr_28_x
                0x8000621c                _restgpr_29_x
                0x80006220                _restgpr_30_x
                0x80006224                _restgpr_31_x
 .text          0x80006238       0x28 c:/devkitpro/devkitppc/bin/../lib/gcc/powerpc-eabi/4.8.2/../../../../powerpc-eabi/lib\libsysbase.a(abort.o)
                0x80006238                abort
 .text          0x80006260      0x2f8 c:/devkitpro/devkitppc/bin/../lib/gcc/powerpc-eabi/4.8.2/../../../../powerpc-eabi/lib\libsysbase.a(iosupport.o)
                0x80006260                setDefaultDevice
                0x80006278                FindDevice
                0x8000639c                RemoveDevice
                0x800063ec                AddDevice
                0x80006508                GetDeviceOpTab
 .text          0x80006558       0x28 c:/devkitpro/devkitppc/bin/../lib/gcc/powerpc-eabi/4.8.2/../../../../powerpc-eabi/lib\libsysbase.a(_exit.o)
                0x80006558                _exit
 .text          0x80006580       0x88 c:/devkitpro/devkitppc/bin/../lib/gcc/powerpc-eabi/4.8.2/../../../../powerpc-eabi/lib\libsysbase.a(build_argv.o)
                0x80006580                build_argv
 .text          0x80006608       0xb0 c:/devkitpro/devkitppc/bin/../lib/gcc/powerpc-eabi/4.8.2/../../../../powerpc-eabi/lib\libsysbase.a(syscall_support.o)
                0x80006608                __libc_lock_init
                0x80006628                __libc_lock_close
                0x80006648                __libc_lock_release
                0x80006668                __libc_lock_acquire
                0x80006688                __malloc_lock
                0x800066a0                __malloc_unlock
 .text          0x800066b8       0xa0 c:/devkitpro/devkitppc/bin/../lib/gcc/powerpc-eabi/4.8.2/../../../../powerpc-eabi/lib\libsysbase.a(close.o)
                0x800066b8                _close_r
 .text          0x80006758       0xb0 c:/devkitpro/devkitppc/bin/../lib/gcc/powerpc-eabi/4.8.2/../../../../powerpc-eabi/lib\libsysbase.a(fstat.o)
                0x80006758                _fstat_r
 .text          0x80006808        0x8 c:/devkitpro/devkitppc/bin/../lib/gcc/powerpc-eabi/4.8.2/../../../../powerpc-eabi/lib\libsysbase.a(isatty.o)
                0x80006808                _isatty_r
 .text          0x80006810       0xc0 c:/devkitpro/devkitppc/bin/../lib/gcc/powerpc-eabi/4.8.2/../../../../powerpc-eabi/lib\libsysbase.a(lseek.o)
                0x80006810                _lseek_r
 .text          0x800068d0       0xb0 c:/devkitpro/devkitppc/bin/../lib/gcc/powerpc-eabi/4.8.2/../../../../powerpc-eabi/lib\libsysbase.a(read.o)
                0x800068d0                _read_r
 .text          0x80006980       0x28 c:/devkitpro/devkitppc/bin/../lib/gcc/powerpc-eabi/4.8.2/../../../../powerpc-eabi/lib\libsysbase.a(sbrk.o)
                0x80006980                _sbrk_r
 .text          0x800069a8       0xb8 c:/devkitpro/devkitppc/bin/../lib/gcc/powerpc-eabi/4.8.2/../../../../powerpc-eabi/lib\libsysbase.a(write.o)
                0x800069a8                _write_r
 .text          0x80006a60       0x4c c:/devkitpro/devkitppc/bin/../lib/gcc/powerpc-eabi/4.8.2/../../../../powerpc-eabi/lib\libsysbase.a(flock.o)
                0x80006a60                __flockfile
                0x80006aa4                __funlockfile
 .text          0x80006aac      0x174 c:/devkitpro/devkitppc/bin/../lib/gcc/powerpc-eabi/4.8.2/../../../../powerpc-eabi/lib\libsysbase.a(handle_manager.o)
                0x80006aac                __release_handle
                0x80006b08                __alloc_handle
                0x80006bf8                __get_handle
 .text          0x80006c20       0x68 c:/devkitpro/devkitppc/bin/../lib/gcc/powerpc-eabi/4.8.2/crtend.o
 *(.text.*)
 .text.Initialise
                0x80006c88       0xbc main.o
                0x80006c88                Initialise
 .text.startup.main
                0x80006d44      0x2f4 main.o
                0x80006d44                main
 .text.__console_clear_line
                0x80007038       0x80 c:/devkitPro/libogc/lib/wii\libogc.a(console.o)
 .text.__console_clear
                0x800070b8       0x58 c:/devkitPro/libogc/lib/wii\libogc.a(console.o)
 .text.__console_write
                0x80007110      0x6a0 c:/devkitPro/libogc/lib/wii\libogc.a(console.o)
                0x80007110                __console_write
 .text.__console_init
                0x800077b0      0x108 c:/devkitPro/libogc/lib/wii\libogc.a(console.o)
                0x800077b0                __console_init
 .text.CON_Init
                0x800078b8        0x4 c:/devkitPro/libogc/lib/wii\libogc.a(console.o)
                0x800078b8                CON_Init
 .text.CON_EnableGecko
                0x800078bc       0xb0 c:/devkitPro/libogc/lib/wii\libogc.a(console.o)
                0x800078bc                CON_EnableGecko
 .text.__viOpenI2C
                0x8000796c       0x24 c:/devkitPro/libogc/lib/wii\libogc.a(video.o)
 .text.__viSetSCL
                0x80007990       0x24 c:/devkitPro/libogc/lib/wii\libogc.a(video.o)
 .text.__viSetSDA
                0x800079b4       0x24 c:/devkitPro/libogc/lib/wii\libogc.a(video.o)
 .text.__setVerticalRegs
                0x800079d8       0xcc c:/devkitPro/libogc/lib/wii\libogc.a(video.o)
 .text.__adjustPosition
                0x80007aa4      0x158 c:/devkitPro/libogc/lib/wii\libogc.a(video.o)
 .text.__getCurrentHalfLine
                0x80007bfc       0x5c c:/devkitPro/libogc/lib/wii\libogc.a(video.o)
 .text.__setFbbRegs.constprop.3
                0x80007c58      0x1b4 c:/devkitPro/libogc/lib/wii\libogc.a(video.o)
 .text.__VISendI2CData.constprop.1
                0x80007e0c      0x294 c:/devkitPro/libogc/lib/wii\libogc.a(video.o)
 .text.__VIWriteI2CRegister16
                0x800080a0       0x40 c:/devkitPro/libogc/lib/wii\libogc.a(video.o)
 .text.__VIWriteI2CRegister8
                0x800080e0       0x38 c:/devkitPro/libogc/lib/wii\libogc.a(video.o)
 .text.__VISetYUVSEL
                0x80008118       0x50 c:/devkitPro/libogc/lib/wii\libogc.a(video.o)
 .text.VIDEO_Configure
                0x80008168      0x394 c:/devkitPro/libogc/lib/wii\libogc.a(video.o)
                0x80008168                VIDEO_Configure
 .text.VIDEO_WaitVSync
                0x800084fc       0x68 c:/devkitPro/libogc/lib/wii\libogc.a(video.o)
                0x800084fc                VIDEO_WaitVSync
 .text.VIDEO_SetFramebuffer
                0x80008564       0xfc c:/devkitPro/libogc/lib/wii\libogc.a(video.o)
                0x80008564                VIDEO_SetFramebuffer
 .text.VIDEO_SetNextFramebuffer
                0x80008660       0x64 c:/devkitPro/libogc/lib/wii\libogc.a(video.o)
                0x80008660                VIDEO_SetNextFramebuffer
 .text.VIDEO_Flush
                0x800086c4       0xfc c:/devkitPro/libogc/lib/wii\libogc.a(video.o)
                0x800086c4                VIDEO_Flush
 .text.VIDEO_SetBlack
                0x800087c0       0x8c c:/devkitPro/libogc/lib/wii\libogc.a(video.o)
                0x800087c0                VIDEO_SetBlack
 .text.VIDEO_GetCurrentTvMode
                0x8000884c       0x70 c:/devkitPro/libogc/lib/wii\libogc.a(video.o)
                0x8000884c                VIDEO_GetCurrentTvMode
 .text.__VIRetraceHandler
                0x800088bc      0x208 c:/devkitPro/libogc/lib/wii\libogc.a(video.o)
 .text.__VISetupEncoder
                0x80008ac4      0x188 c:/devkitPro/libogc/lib/wii\libogc.a(video.o)
 .text.VIDEO_Init
                0x80008c4c      0x420 c:/devkitPro/libogc/lib/wii\libogc.a(video.o)
                0x80008c4c                VIDEO_Init
 .text.VIDEO_GetPreferredMode
                0x8000906c       0xf4 c:/devkitPro/libogc/lib/wii\libogc.a(video.o)
                0x8000906c                VIDEO_GetPreferredMode
 .text.VIDEO_GetCurrentLine
                0x80009160       0x6c c:/devkitPro/libogc/lib/wii\libogc.a(video.o)
                0x80009160                VIDEO_GetCurrentLine
 .text.VIDEO_GetFrameBufferSize
                0x800091cc       0x30 c:/devkitPro/libogc/lib/wii\libogc.a(video.o)
                0x800091cc                VIDEO_GetFrameBufferSize
 .text.VIDEO_ClearFrameBuffer
                0x800091fc       0x3c c:/devkitPro/libogc/lib/wii\libogc.a(video.o)
                0x800091fc                VIDEO_ClearFrameBuffer
 .text.SPEC0_MakeStatus
                0x80009238      0x108 c:/devkitPro/libogc/lib/wii\libogc.a(pad.o)
 .text.SPEC1_MakeStatus
                0x80009340      0x108 c:/devkitPro/libogc/lib/wii\libogc.a(pad.o)
 .text.__pad_clampS8
                0x80009448       0x34 c:/devkitPro/libogc/lib/wii\libogc.a(pad.o)
 .text.SPEC2_MakeStatus
                0x8000947c      0x134 c:/devkitPro/libogc/lib/wii\libogc.a(pad.o)
 .text.__pad_samplinghandler
                0x800095b0        0x4 c:/devkitPro/libogc/lib/wii\libogc.a(pad.o)
 .text.__pad_doreset
                0x800095b4       0x50 c:/devkitPro/libogc/lib/wii\libogc.a(pad.o)
 .text.__pad_updateorigin
                0x80009604       0x84 c:/devkitPro/libogc/lib/wii\libogc.a(pad.o)
 .text.__pad_disable
                0x80009688       0xa4 c:/devkitPro/libogc/lib/wii\libogc.a(pad.o)
 .text.__pad_enable
                0x8000972c       0x50 c:/devkitPro/libogc/lib/wii\libogc.a(pad.o)
 .text.__pad_typeandstatuscallback
                0x8000977c      0x14c c:/devkitPro/libogc/lib/wii\libogc.a(pad.o)
 .text.__pad_probecallback
                0x800098c8       0x44 c:/devkitPro/libogc/lib/wii\libogc.a(pad.o)
 .text.__pad_origincallback
                0x8000990c       0x34 c:/devkitPro/libogc/lib/wii\libogc.a(pad.o)
 .text.__pad_originupdatecallback
                0x80009940       0x60 c:/devkitPro/libogc/lib/wii\libogc.a(pad.o)
 .text.__pad_receivecheckcallback
                0x800099a0       0x88 c:/devkitPro/libogc/lib/wii\libogc.a(pad.o)
 .text.__PADDisableRecalibration
                0x80009a28       0x64 c:/devkitPro/libogc/lib/wii\libogc.a(pad.o)
                0x80009a28                __PADDisableRecalibration
 .text.PAD_Reset
                0x80009a8c       0xbc c:/devkitPro/libogc/lib/wii\libogc.a(pad.o)
                0x80009a8c                PAD_Reset
 .text.PAD_Read
                0x80009b48      0x248 c:/devkitPro/libogc/lib/wii\libogc.a(pad.o)
                0x80009b48                PAD_Read
 .text.PAD_Recalibrate
                0x80009d90       0x40 c:/devkitPro/libogc/lib/wii\libogc.a(pad.o)
                0x80009d90                PAD_Recalibrate
 .text.PAD_Sync
                0x80009dd0       0x44 c:/devkitPro/libogc/lib/wii\libogc.a(pad.o)
                0x80009dd0                PAD_Sync
 .text.PAD_SetSpec
                0x80009e14       0x50 c:/devkitPro/libogc/lib/wii\libogc.a(pad.o)
                0x80009e14                PAD_SetSpec
 .text.PAD_Init
                0x80009e64       0xd0 c:/devkitPro/libogc/lib/wii\libogc.a(pad.o)
                0x80009e64                PAD_Init
 .text.PAD_SetSamplingCallback
                0x80009f34       0x40 c:/devkitPro/libogc/lib/wii\libogc.a(pad.o)
                0x80009f34                PAD_SetSamplingCallback
 .text.__pad_onreset
                0x80009f74       0x70 c:/devkitPro/libogc/lib/wii\libogc.a(pad.o)
 .text.PAD_ScanPads
                0x80009fe4      0x114 c:/devkitPro/libogc/lib/wii\libogc.a(pad.o)
                0x80009fe4                PAD_ScanPads
 .text.PAD_ButtonsUp
                0x8000a0f8       0x34 c:/devkitPro/libogc/lib/wii\libogc.a(pad.o)
                0x8000a0f8                PAD_ButtonsUp
 .text.PAD_ButtonsDown
                0x8000a12c       0x34 c:/devkitPro/libogc/lib/wii\libogc.a(pad.o)
                0x8000a12c                PAD_ButtonsDown
 .text.PAD_ButtonsHeld
                0x8000a160       0x34 c:/devkitPro/libogc/lib/wii\libogc.a(pad.o)
                0x8000a160                PAD_ButtonsHeld
 .text.__call_resetfuncs
                0x8000a194       0x8c c:/devkitPro/libogc/lib/wii\libogc.a(system.o)
 .text.__MEMInterruptHandler
                0x8000a220       0x14 c:/devkitPro/libogc/lib/wii\libogc.a(system.o)
 .text.__RSWDefaultHandler
                0x8000a234        0x4 c:/devkitPro/libogc/lib/wii\libogc.a(system.o)
 .text.__POWDefaultHandler
                0x8000a238        0x4 c:/devkitPro/libogc/lib/wii\libogc.a(system.o)
 .text.__locksram
                0x8000a23c       0x68 c:/devkitPro/libogc/lib/wii\libogc.a(system.o)
 .text.__lwp_thread_dispatchenable
                0x8000a2a4       0x18 c:/devkitPro/libogc/lib/wii\libogc.a(system.o)
 .text.__lwp_wd_insert_ticks
                0x8000a2bc       0x70 c:/devkitPro/libogc/lib/wii\libogc.a(system.o)
 .text.__sram_write
                0x8000a32c      0x100 c:/devkitPro/libogc/lib/wii\libogc.a(system.o)
 .text.__sram_writecallback
                0x8000a42c       0x48 c:/devkitPro/libogc/lib/wii\libogc.a(system.o)
 .text.__mem_onreset
                0x8000a474       0x48 c:/devkitPro/libogc/lib/wii\libogc.a(system.o)
 .text.__lwp_syswd_open
                0x8000a4bc       0x30 c:/devkitPro/libogc/lib/wii\libogc.a(system.o)
 .text.__unlocksram
                0x8000a4ec      0x118 c:/devkitPro/libogc/lib/wii\libogc.a(system.o)
 .text.__sys_alarmhandler
                0x8000a604       0x94 c:/devkitPro/libogc/lib/wii\libogc.a(system.o)
 .text.__sram_init
                0x8000a698      0x128 c:/devkitPro/libogc/lib/wii\libogc.a(system.o)
                0x8000a698                __sram_init
 .text.__SYS_LockSramEx
                0x8000a7c0        0x8 c:/devkitPro/libogc/lib/wii\libogc.a(system.o)
                0x8000a7c0                __SYS_LockSramEx
 .text.__SYS_UnlockSramEx
                0x8000a7c8        0x8 c:/devkitPro/libogc/lib/wii\libogc.a(system.o)
                0x8000a7c8                __SYS_UnlockSramEx
 .text.__SYS_GetIPCBufferLo
                0x8000a7d0        0x8 c:/devkitPro/libogc/lib/wii\libogc.a(system.o)
                0x8000a7d0                __SYS_GetIPCBufferLo
 .text.__SYS_GetIPCBufferHi
                0x8000a7d8        0x8 c:/devkitPro/libogc/lib/wii\libogc.a(system.o)
                0x8000a7d8                __SYS_GetIPCBufferHi
 .text._V_EXPORTNAME
                0x8000a7e0       0x1c c:/devkitPro/libogc/lib/wii\libogc.a(system.o)
                0x8000a7e0                _V_EXPORTNAME
 .text.__SYS_InitCallbacks
                0x8000a7fc       0x24 c:/devkitPro/libogc/lib/wii\libogc.a(system.o)
                0x8000a7fc                __SYS_InitCallbacks
 .text.__SYS_PreInit
                0x8000a820        0x4 c:/devkitPro/libogc/lib/wii\libogc.a(system.o)
                0x8000a820                __SYS_PreInit
 .text.SYS_PreMain
                0x8000a824       0x54 c:/devkitPro/libogc/lib/wii\libogc.a(system.o)
                0x8000a824                SYS_PreMain
 .text.SYS_ResetButtonDown
                0x8000a878       0x18 c:/devkitPro/libogc/lib/wii\libogc.a(system.o)
                0x8000a878                SYS_ResetButtonDown
 .text.__STMEventHandler
                0x8000a890       0xac c:/devkitPro/libogc/lib/wii\libogc.a(system.o)
 .text.SYS_ResetSystem
                0x8000a93c      0x200 c:/devkitPro/libogc/lib/wii\libogc.a(system.o)
                0x8000a93c                SYS_ResetSystem
 .text.__reload
                0x8000ab3c       0x8c c:/devkitPro/libogc/lib/wii\libogc.a(system.o)
                0x8000ab3c                __reload
 .text.__libogc_exit
                0x8000abc8       0x94 c:/devkitPro/libogc/lib/wii\libogc.a(system.o)
                0x8000abc8                __libogc_exit
 .text.SYS_RegisterResetFunc
                0x8000ac5c       0x80 c:/devkitPro/libogc/lib/wii\libogc.a(system.o)
                0x8000ac5c                SYS_RegisterResetFunc
 .text.SYS_SetArena1Lo
                0x8000acdc       0x40 c:/devkitPro/libogc/lib/wii\libogc.a(system.o)
                0x8000acdc                SYS_SetArena1Lo
 .text.SYS_GetArena1Lo
                0x8000ad1c       0x40 c:/devkitPro/libogc/lib/wii\libogc.a(system.o)
                0x8000ad1c                SYS_GetArena1Lo
 .text.SYS_SetArena1Hi
                0x8000ad5c       0x40 c:/devkitPro/libogc/lib/wii\libogc.a(system.o)
                0x8000ad5c                SYS_SetArena1Hi
 .text.SYS_GetArena1Hi
                0x8000ad9c       0x40 c:/devkitPro/libogc/lib/wii\libogc.a(system.o)
                0x8000ad9c                SYS_GetArena1Hi
 .text.SYS_SetArena2Lo
                0x8000addc       0x40 c:/devkitPro/libogc/lib/wii\libogc.a(system.o)
                0x8000addc                SYS_SetArena2Lo
 .text.SYS_GetArena2Lo
                0x8000ae1c       0x40 c:/devkitPro/libogc/lib/wii\libogc.a(system.o)
                0x8000ae1c                SYS_GetArena2Lo
 .text.SYS_SetArena2Hi
                0x8000ae5c       0x40 c:/devkitPro/libogc/lib/wii\libogc.a(system.o)
                0x8000ae5c                SYS_SetArena2Hi
 .text.SYS_Init
                0x8000ae9c      0x518 c:/devkitPro/libogc/lib/wii\libogc.a(system.o)
                0x8000ae9c                SYS_Init
 .text.SYS_GetArena2Hi
                0x8000b3b4       0x40 c:/devkitPro/libogc/lib/wii\libogc.a(system.o)
                0x8000b3b4                SYS_GetArena2Hi
 .text.SYS_AllocateFramebuffer
                0x8000b3f4       0x28 c:/devkitPro/libogc/lib/wii\libogc.a(system.o)
                0x8000b3f4                SYS_AllocateFramebuffer
 .text.SYS_CreateAlarm
                0x8000b41c       0xa8 c:/devkitPro/libogc/lib/wii\libogc.a(system.o)
                0x8000b41c                SYS_CreateAlarm
 .text.SYS_SetAlarm
                0x8000b4c4       0xd4 c:/devkitPro/libogc/lib/wii\libogc.a(system.o)
                0x8000b4c4                SYS_SetAlarm
 .text.SYS_CancelAlarm
                0x8000b598       0x70 c:/devkitPro/libogc/lib/wii\libogc.a(system.o)
                0x8000b598                SYS_CancelAlarm
 .text.SYS_SetWirelessID
                0x8000b608       0x58 c:/devkitPro/libogc/lib/wii\libogc.a(system.o)
                0x8000b608                SYS_SetWirelessID
 .text.SYS_GetWirelessID
                0x8000b660       0x3c c:/devkitPro/libogc/lib/wii\libogc.a(system.o)
                0x8000b660                SYS_GetWirelessID
 .text.SYS_GetHollywoodRevision
                0x8000b69c       0x30 c:/devkitPro/libogc/lib/wii\libogc.a(system.o)
                0x8000b69c                SYS_GetHollywoodRevision
 .text.__lwp_cond_init
                0x8000b6cc       0x14 c:/devkitPro/libogc/lib/wii\libogc.a(cond.o)
                0x8000b6cc                __lwp_cond_init
 .text.__decrementer_init
                0x8000b6e0        0x4 c:/devkitPro/libogc/lib/wii\libogc.a(decrementer.o)
                0x8000b6e0                __decrementer_init
 .text.c_decrementer_handler
                0x8000b6e4        0xc c:/devkitPro/libogc/lib/wii\libogc.a(decrementer.o)
                0x8000b6e4                c_decrementer_handler
 .text.__lwp_mqbox_init
                0x8000b6f0       0x14 c:/devkitPro/libogc/lib/wii\libogc.a(message.o)
                0x8000b6f0                __lwp_mqbox_init
 .text.__si_transfer
                0x8000b704      0x140 c:/devkitPro/libogc/lib/wii\libogc.a(si.o)
 .text.__si_alarmhandler
                0x8000b844       0x8c c:/devkitPro/libogc/lib/wii\libogc.a(si.o)
 .text.__si_calltypandstatuscallback
                0x8000b8d0       0x64 c:/devkitPro/libogc/lib/wii\libogc.a(si.o)
 .text.__si_completetransfer
                0x8000b934      0x168 c:/devkitPro/libogc/lib/wii\libogc.a(si.o)
 .text.__si_transfernext
                0x8000ba9c       0xa8 c:/devkitPro/libogc/lib/wii\libogc.a(si.o)
 .text.SI_Busy  0x8000bb44       0x1c c:/devkitPro/libogc/lib/wii\libogc.a(si.o)
                0x8000bb44                SI_Busy
 .text.SI_IsChanBusy
                0x8000bb60       0x38 c:/devkitPro/libogc/lib/wii\libogc.a(si.o)
                0x8000bb60                SI_IsChanBusy
 .text.SI_SetXY
                0x8000bb98       0x6c c:/devkitPro/libogc/lib/wii\libogc.a(si.o)
                0x8000bb98                SI_SetXY
 .text.SI_EnablePolling
                0x8000bc04       0x84 c:/devkitPro/libogc/lib/wii\libogc.a(si.o)
                0x8000bc04                SI_EnablePolling
 .text.SI_DisablePolling
                0x8000bc88       0x60 c:/devkitPro/libogc/lib/wii\libogc.a(si.o)
                0x8000bc88                SI_DisablePolling
 .text.SI_SetSamplingRate
                0x8000bce8       0xd8 c:/devkitPro/libogc/lib/wii\libogc.a(si.o)
                0x8000bce8                SI_SetSamplingRate
 .text.SI_RefreshSamplingRate
                0x8000bdc0        0x8 c:/devkitPro/libogc/lib/wii\libogc.a(si.o)
                0x8000bdc0                SI_RefreshSamplingRate
 .text.SI_GetStatus
                0x8000bdc8       0x80 c:/devkitPro/libogc/lib/wii\libogc.a(si.o)
                0x8000bdc8                SI_GetStatus
 .text.SI_GetResponseRaw
                0x8000be48       0x7c c:/devkitPro/libogc/lib/wii\libogc.a(si.o)
                0x8000be48                SI_GetResponseRaw
 .text.SI_GetResponse
                0x8000bec4       0x9c c:/devkitPro/libogc/lib/wii\libogc.a(si.o)
                0x8000bec4                SI_GetResponse
 .text.SI_SetCommand
                0x8000bf60       0x10 c:/devkitPro/libogc/lib/wii\libogc.a(si.o)
                0x8000bf60                SI_SetCommand
 .text.SI_Transfer
                0x8000bf70      0x1c0 c:/devkitPro/libogc/lib/wii\libogc.a(si.o)
                0x8000bf70                SI_Transfer
 .text.__si_gettypecallback
                0x8000c130      0x1f0 c:/devkitPro/libogc/lib/wii\libogc.a(si.o)
 .text.__si_interrupthandler
                0x8000c320      0x1e0 c:/devkitPro/libogc/lib/wii\libogc.a(si.o)
 .text.SI_GetType
                0x8000c500      0x144 c:/devkitPro/libogc/lib/wii\libogc.a(si.o)
                0x8000c500                SI_GetType
 .text.SI_GetTypeAsync
                0x8000c644       0xe0 c:/devkitPro/libogc/lib/wii\libogc.a(si.o)
                0x8000c644                SI_GetTypeAsync
 .text.SI_EnablePollingInterrupt
                0x8000c724       0x94 c:/devkitPro/libogc/lib/wii\libogc.a(si.o)
                0x8000c724                SI_EnablePollingInterrupt
 .text.SI_RegisterPollingHandler
                0x8000c7b8       0xd0 c:/devkitPro/libogc/lib/wii\libogc.a(si.o)
                0x8000c7b8                SI_RegisterPollingHandler
 .text.SI_UnregisterPollingHandler
                0x8000c888       0xcc c:/devkitPro/libogc/lib/wii\libogc.a(si.o)
                0x8000c888                SI_UnregisterPollingHandler
 .text.__si_init
                0x8000c954       0xe0 c:/devkitPro/libogc/lib/wii\libogc.a(si.o)
                0x8000c954                __si_init
 .text.__lwp_wkspace_free
                0x8000ca34       0x10 c:/devkitPro/libogc/lib/wii\libogc.a(ipc.o)
 .text.__ipc_sendrequest
                0x8000ca44       0xd8 c:/devkitPro/libogc/lib/wii\libogc.a(ipc.o)
 .text.__ipc_syncrequest
                0x8000cb1c       0xcc c:/devkitPro/libogc/lib/wii\libogc.a(ipc.o)
 .text.iosAlloc
                0x8000cbe8       0x30 c:/devkitPro/libogc/lib/wii\libogc.a(ipc.o)
                0x8000cbe8                iosAlloc
 .text.__ipc_allocreq
                0x8000cc18        0xc c:/devkitPro/libogc/lib/wii\libogc.a(ipc.o)
 .text.iosFree  0x8000cc24       0x28 c:/devkitPro/libogc/lib/wii\libogc.a(ipc.o)
                0x8000cc24                iosFree
 .text.__ipc_freereq
                0x8000cc4c        0xc c:/devkitPro/libogc/lib/wii\libogc.a(ipc.o)
 .text.__ipc_interrupthandler
                0x8000cc58      0x29c c:/devkitPro/libogc/lib/wii\libogc.a(ipc.o)
 .text.__ipc_asyncrequest
                0x8000cef4      0x100 c:/devkitPro/libogc/lib/wii\libogc.a(ipc.o)
 .text.__ios_ioctlvformat_parse
                0x8000cff4      0x6f0 c:/devkitPro/libogc/lib/wii\libogc.a(ipc.o)
 .text.__ioctlvfmtCB
                0x8000d6e4       0xc4 c:/devkitPro/libogc/lib/wii\libogc.a(ipc.o)
 .text.IPC_SetBufferLo
                0x8000d7a8       0x14 c:/devkitPro/libogc/lib/wii\libogc.a(ipc.o)
                0x8000d7a8                IPC_SetBufferLo
 .text.iosCreateHeap
                0x8000d7bc       0xf0 c:/devkitPro/libogc/lib/wii\libogc.a(ipc.o)
                0x8000d7bc                iosCreateHeap
 .text.__IPC_Init
                0x8000d8ac       0x48 c:/devkitPro/libogc/lib/wii\libogc.a(ipc.o)
                0x8000d8ac                __IPC_Init
 .text.__IPC_ClntInit
                0x8000d8f4       0x98 c:/devkitPro/libogc/lib/wii\libogc.a(ipc.o)
                0x8000d8f4                __IPC_ClntInit
 .text.IOS_Open
                0x8000d98c       0x90 c:/devkitPro/libogc/lib/wii\libogc.a(ipc.o)
                0x8000d98c                IOS_Open
 .text.IOS_Close
                0x8000da1c       0x5c c:/devkitPro/libogc/lib/wii\libogc.a(ipc.o)
                0x8000da1c                IOS_Close
 .text.IOS_Read
                0x8000da78       0x80 c:/devkitPro/libogc/lib/wii\libogc.a(ipc.o)
                0x8000da78                IOS_Read
 .text.IOS_Write
                0x8000daf8       0x80 c:/devkitPro/libogc/lib/wii\libogc.a(ipc.o)
                0x8000daf8                IOS_Write
 .text.IOS_Ioctl
                0x8000db78       0xa8 c:/devkitPro/libogc/lib/wii\libogc.a(ipc.o)
                0x8000db78                IOS_Ioctl
 .text.IOS_IoctlAsync
                0x8000dc20       0xb0 c:/devkitPro/libogc/lib/wii\libogc.a(ipc.o)
                0x8000dc20                IOS_IoctlAsync
 .text.IOS_Ioctlv
                0x8000dcd0      0x120 c:/devkitPro/libogc/lib/wii\libogc.a(ipc.o)
                0x8000dcd0                IOS_Ioctlv
 .text.IOS_IoctlvFormat
                0x8000ddf0      0x104 c:/devkitPro/libogc/lib/wii\libogc.a(ipc.o)
                0x8000ddf0                IOS_IoctlvFormat
 .text.IOS_IoctlvReboot
                0x8000def4      0x124 c:/devkitPro/libogc/lib/wii\libogc.a(ipc.o)
                0x8000def4                IOS_IoctlvReboot
 .text.__time_exi_unlock
                0x8000e018       0x28 c:/devkitPro/libogc/lib/wii\libogc.a(timesupp.o)
 .text.__getrtc
                0x8000e040       0xdc c:/devkitPro/libogc/lib/wii\libogc.a(timesupp.o)
 .text.gettick  0x8000e11c        0x8 c:/devkitPro/libogc/lib/wii\libogc.a(timesupp.o)
                0x8000e11c                gettick
 .text.gettime  0x8000e124       0x18 c:/devkitPro/libogc/lib/wii\libogc.a(timesupp.o)
                0x8000e124                gettime
 .text.diff_usec
                0x8000e13c       0x64 c:/devkitPro/libogc/lib/wii\libogc.a(timesupp.o)
                0x8000e13c                diff_usec
 .text.__timesystem_init
                0x8000e1a0       0x1c c:/devkitPro/libogc/lib/wii\libogc.a(timesupp.o)
                0x8000e1a0                __timesystem_init
 .text.udelay   0x8000e1bc       0x48 c:/devkitPro/libogc/lib/wii\libogc.a(timesupp.o)
                0x8000e1bc                udelay
 .text.time     0x8000e204       0xf0 c:/devkitPro/libogc/lib/wii\libogc.a(timesupp.o)
                0x8000e204                time
 .text.__libogc_gettod_r
                0x8000e2f4       0x64 c:/devkitPro/libogc/lib/wii\libogc.a(timesupp.o)
                0x8000e2f4                __libogc_gettod_r
 .text.__libogc_lock_init
                0x8000e358       0x58 c:/devkitPro/libogc/lib/wii\libogc.a(lock_supp.o)
                0x8000e358                __libogc_lock_init
 .text.__libogc_lock_close
                0x8000e3b0       0x44 c:/devkitPro/libogc/lib/wii\libogc.a(lock_supp.o)
                0x8000e3b0                __libogc_lock_close
 .text.__libogc_lock_acquire
                0x8000e3f4       0x20 c:/devkitPro/libogc/lib/wii\libogc.a(lock_supp.o)
                0x8000e3f4                __libogc_lock_acquire
 .text.__libogc_lock_release
                0x8000e414       0x20 c:/devkitPro/libogc/lib/wii\libogc.a(lock_supp.o)
                0x8000e414                __libogc_lock_release
 .text.__libc_create_hook
                0x8000e434       0x10 c:/devkitPro/libogc/lib/wii\libogc.a(newlibc.o)
                0x8000e434                __libc_create_hook
 .text.__libc_start_hook
                0x8000e444      0x18c c:/devkitPro/libogc/lib/wii\libogc.a(newlibc.o)
                0x8000e444                __libc_start_hook
 .text.__libc_delete_hook
                0x8000e5d0       0x78 c:/devkitPro/libogc/lib/wii\libogc.a(newlibc.o)
                0x8000e5d0                __libc_delete_hook
 .text.__libc_init
                0x8000e648       0xb8 c:/devkitPro/libogc/lib/wii\libogc.a(newlibc.o)
                0x8000e648                __libc_init
 .text.__send_command
                0x8000e700       0x84 c:/devkitPro/libogc/lib/wii\libogc.a(usbgecko.o)
 .text.__usb_sendbyte
                0x8000e784       0x44 c:/devkitPro/libogc/lib/wii\libogc.a(usbgecko.o)
 .text.__usbgecko_exi_unlock
                0x8000e7c8       0x30 c:/devkitPro/libogc/lib/wii\libogc.a(usbgecko.o)
 .text.__usbgecko_exi_wait
                0x8000e7f8       0xb0 c:/devkitPro/libogc/lib/wii\libogc.a(usbgecko.o)
 .text.__usb_checksend
                0x8000e8a8       0x3c c:/devkitPro/libogc/lib/wii\libogc.a(usbgecko.o)
                0x8000e8a8                __usb_checksend
 .text.usb_isgeckoalive
                0x8000e8e4       0x8c c:/devkitPro/libogc/lib/wii\libogc.a(usbgecko.o)
                0x8000e8e4                usb_isgeckoalive
 .text.usb_sendbuffer_ex
                0x8000e970       0x70 c:/devkitPro/libogc/lib/wii\libogc.a(usbgecko.o)
                0x8000e970                usb_sendbuffer_ex
 .text.usb_sendbuffer
                0x8000e9e0        0x8 c:/devkitPro/libogc/lib/wii\libogc.a(usbgecko.o)
                0x8000e9e0                usb_sendbuffer
 .text.usb_sendbuffer_safe_ex
                0x8000e9e8       0x80 c:/devkitPro/libogc/lib/wii\libogc.a(usbgecko.o)
                0x8000e9e8                usb_sendbuffer_safe_ex
 .text.usb_sendbuffer_safe
                0x8000ea68        0x8 c:/devkitPro/libogc/lib/wii\libogc.a(usbgecko.o)
                0x8000ea68                usb_sendbuffer_safe
 .text.__libogc_sbrk_r
                0x8000ea70      0x154 c:/devkitPro/libogc/lib/wii\libogc.a(sbrk.o)
                0x8000ea70                __libogc_sbrk_r
 .text.__lwp_thread_dispatchdisable
                0x8000ebc4       0x10 c:/devkitPro/libogc/lib/wii\libogc.a(malloc_lock.o)
 .text.__lwp_thread_dispatchenable
                0x8000ebd4       0x18 c:/devkitPro/libogc/lib/wii\libogc.a(malloc_lock.o)
 .text.__memlock_init
                0x8000ebec       0x64 c:/devkitPro/libogc/lib/wii\libogc.a(malloc_lock.o)
                0x8000ebec                __memlock_init
 .text.__libogc_malloc_lock
                0x8000ec50      0x1cc c:/devkitPro/libogc/lib/wii\libogc.a(malloc_lock.o)
                0x8000ec50                __libogc_malloc_lock
 .text.__libogc_malloc_unlock
                0x8000ee1c       0x38 c:/devkitPro/libogc/lib/wii\libogc.a(malloc_lock.o)
                0x8000ee1c                __libogc_malloc_unlock
 .text.__STM_SetEventHook
                0x8000ee54       0xb0 c:/devkitPro/libogc/lib/wii\libogc.a(stm.o)
                0x8000ee54                __STM_SetEventHook
 .text.__STM_Init
                0x8000ef04       0x7c c:/devkitPro/libogc/lib/wii\libogc.a(stm.o)
                0x8000ef04                __STM_Init
 .text.__STMEventHandler
                0x8000ef80       0x60 c:/devkitPro/libogc/lib/wii\libogc.a(stm.o)
 .text.__STM_ReleaseEventHook
                0x8000efe0       0x84 c:/devkitPro/libogc/lib/wii\libogc.a(stm.o)
                0x8000efe0                __STM_ReleaseEventHook
 .text.__STM_Close
                0x8000f064       0x78 c:/devkitPro/libogc/lib/wii\libogc.a(stm.o)
                0x8000f064                __STM_Close
 .text.STM_RegisterEventHandler
                0x8000f0dc       0x10 c:/devkitPro/libogc/lib/wii\libogc.a(stm.o)
                0x8000f0dc                STM_RegisterEventHandler
 .text.STM_ShutdownToStandby
                0x8000f0ec       0x50 c:/devkitPro/libogc/lib/wii\libogc.a(stm.o)
                0x8000f0ec                STM_ShutdownToStandby
 .text.STM_ShutdownToIdle
                0x8000f13c       0x70 c:/devkitPro/libogc/lib/wii\libogc.a(stm.o)
                0x8000f13c                STM_ShutdownToIdle
 .text.STM_SetLedMode
                0x8000f1ac       0x3c c:/devkitPro/libogc/lib/wii\libogc.a(stm.o)
                0x8000f1ac                STM_SetLedMode
 .text.STM_RebootSystem
                0x8000f1e8       0x50 c:/devkitPro/libogc/lib/wii\libogc.a(stm.o)
                0x8000f1e8                STM_RebootSystem
 .text.__IOS_InitializeSubsystems
                0x8000f238       0x3c c:/devkitPro/libogc/lib/wii\libogc.a(ios.o)
                0x8000f238                __IOS_InitializeSubsystems
 .text.__IOS_ShutdownSubsystems
                0x8000f274       0x3c c:/devkitPro/libogc/lib/wii\libogc.a(ios.o)
                0x8000f274                __IOS_ShutdownSubsystems
 .text.__IOS_LoadStartupIOS
                0x8000f2b0        0x8 c:/devkitPro/libogc/lib/wii\libogc.a(ios.o)
                0x8000f2b0                __IOS_LoadStartupIOS
 .text._ES_fstat_r
                0x8000f2b8      0x10c c:/devkitPro/libogc/lib/wii\libogc.a(es.o)
 .text.__ES_Init
                0x8000f3c4       0x78 c:/devkitPro/libogc/lib/wii\libogc.a(es.o)
                0x8000f3c4                __ES_Init
 .text.__ES_Close
                0x8000f43c       0x54 c:/devkitPro/libogc/lib/wii\libogc.a(es.o)
                0x8000f43c                __ES_Close
 .text.ES_GetTitleID
                0x8000f490       0x74 c:/devkitPro/libogc/lib/wii\libogc.a(es.o)
                0x8000f490                ES_GetTitleID
 .text.ES_LaunchTitle
                0x8000f504       0xa4 c:/devkitPro/libogc/lib/wii\libogc.a(es.o)
                0x8000f504                ES_LaunchTitle
 .text.ES_GetNumTicketViews
                0x8000f5a8       0x74 c:/devkitPro/libogc/lib/wii\libogc.a(es.o)
                0x8000f5a8                ES_GetNumTicketViews
 .text.ES_GetTicketViews
                0x8000f61c       0x88 c:/devkitPro/libogc/lib/wii\libogc.a(es.o)
                0x8000f61c                ES_GetTicketViews
 .text.ES_GetStoredTMDSize
                0x8000f6a4       0x74 c:/devkitPro/libogc/lib/wii\libogc.a(es.o)
                0x8000f6a4                ES_GetStoredTMDSize
 .text.ES_GetStoredTMD
                0x8000f718       0x8c c:/devkitPro/libogc/lib/wii\libogc.a(es.o)
                0x8000f718                ES_GetStoredTMD
 .text._ES_decodepath
                0x8000f7a4      0x28c c:/devkitPro/libogc/lib/wii\libogc.a(es.o)
 .text._ES_stat_r
                0x8000fa30       0xec c:/devkitPro/libogc/lib/wii\libogc.a(es.o)
 .text.ES_OpenContent
                0x8000fb1c       0x30 c:/devkitPro/libogc/lib/wii\libogc.a(es.o)
                0x8000fb1c                ES_OpenContent
 .text.ES_OpenTitleContent
                0x8000fb4c       0x6c c:/devkitPro/libogc/lib/wii\libogc.a(es.o)
                0x8000fb4c                ES_OpenTitleContent
 .text._ES_open_r
                0x8000fbb8      0x10c c:/devkitPro/libogc/lib/wii\libogc.a(es.o)
 .text.ES_ReadContent
                0x8000fcc4       0x68 c:/devkitPro/libogc/lib/wii\libogc.a(es.o)
                0x8000fcc4                ES_ReadContent
 .text._ES_read_r
                0x8000fd2c      0x120 c:/devkitPro/libogc/lib/wii\libogc.a(es.o)
 .text.ES_SeekContent
                0x8000fe4c       0x48 c:/devkitPro/libogc/lib/wii\libogc.a(es.o)
                0x8000fe4c                ES_SeekContent
 .text._ES_seek_r
                0x8000fe94       0x84 c:/devkitPro/libogc/lib/wii\libogc.a(es.o)
 .text.ES_CloseContent
                0x8000ff18       0x40 c:/devkitPro/libogc/lib/wii\libogc.a(es.o)
                0x8000ff18                ES_CloseContent
 .text._ES_close_r
                0x8000ff58       0x78 c:/devkitPro/libogc/lib/wii\libogc.a(es.o)
 .text.__CheckARGV
                0x8000ffd0       0x7c c:/devkitPro/libogc/lib/wii\libogc.a(argv.o)
                0x8000ffd0                __CheckARGV
 .text.__CONF_DecryptTextBuffer
                0x8001004c       0x40 c:/devkitPro/libogc/lib/wii\libogc.a(conf.o)
                0x8001004c                __CONF_DecryptTextBuffer
 .text.CONF_Init
                0x8001008c      0x104 c:/devkitPro/libogc/lib/wii\libogc.a(conf.o)
                0x8001008c                CONF_Init
 .text.__CONF_GetTxt
                0x80010190      0x114 c:/devkitPro/libogc/lib/wii\libogc.a(conf.o)
                0x80010190                __CONF_GetTxt
 .text.__CONF_Find
                0x800102a4       0x8c c:/devkitPro/libogc/lib/wii\libogc.a(conf.o)
                0x800102a4                __CONF_Find
 .text.CONF_GetLength
                0x80010330       0xc0 c:/devkitPro/libogc/lib/wii\libogc.a(conf.o)
                0x80010330                CONF_GetLength
 .text.CONF_Get
                0x800103f0       0xf8 c:/devkitPro/libogc/lib/wii\libogc.a(conf.o)
                0x800103f0                CONF_Get
 .text.CONF_GetShutdownMode
                0x800104e8       0x58 c:/devkitPro/libogc/lib/wii\libogc.a(conf.o)
                0x800104e8                CONF_GetShutdownMode
 .text.CONF_GetIdleLedMode
                0x80010540       0x58 c:/devkitPro/libogc/lib/wii\libogc.a(conf.o)
                0x80010540                CONF_GetIdleLedMode
 .text.CONF_GetProgressiveScan
                0x80010598       0x54 c:/devkitPro/libogc/lib/wii\libogc.a(conf.o)
                0x80010598                CONF_GetProgressiveScan
 .text.CONF_GetEuRGB60
                0x800105ec       0x54 c:/devkitPro/libogc/lib/wii\libogc.a(conf.o)
                0x800105ec                CONF_GetEuRGB60
 .text.CONF_GetCounterBias
                0x80010640       0x4c c:/devkitPro/libogc/lib/wii\libogc.a(conf.o)
                0x80010640                CONF_GetCounterBias
 .text.CONF_GetDisplayOffsetH
                0x8001068c       0x4c c:/devkitPro/libogc/lib/wii\libogc.a(conf.o)
                0x8001068c                CONF_GetDisplayOffsetH
 .text.CONF_GetVideo
                0x800106d8       0xa0 c:/devkitPro/libogc/lib/wii\libogc.a(conf.o)
                0x800106d8                CONF_GetVideo
 .text.__CalcChecksum
                0x80010778       0x3c c:/devkitPro/libogc/lib/wii\libogc.a(wiilaunch.o)
 .text.__WII_WriteStateFlags
                0x800107b4       0x78 c:/devkitPro/libogc/lib/wii\libogc.a(wiilaunch.o)
 .text.__WII_WriteNANDBootInfo
                0x8001082c       0x78 c:/devkitPro/libogc/lib/wii\libogc.a(wiilaunch.o)
 .text.WII_Initialize
                0x800108a4       0xfc c:/devkitPro/libogc/lib/wii\libogc.a(wiilaunch.o)
                0x800108a4                WII_Initialize
 .text.WII_LaunchTitle
                0x800109a0      0x12c c:/devkitPro/libogc/lib/wii\libogc.a(wiilaunch.o)
                0x800109a0                WII_LaunchTitle
 .text.WII_ReturnToMenu
                0x80010acc       0x58 c:/devkitPro/libogc/lib/wii\libogc.a(wiilaunch.o)
                0x80010acc                WII_ReturnToMenu
 .text.__lwp_priority_init
                0x80010b24       0x28 c:/devkitPro/libogc/lib/wii\libogc.a(lwp_priority.o)
                0x80010b24                __lwp_priority_init
 .text.__lwp_thread_unblock
                0x80010b4c        0xc c:/devkitPro/libogc/lib/wii\libogc.a(lwp_threadq.o)
 .text.__lwp_threadqueue_enqueuefifo
                0x80010b58      0x100 c:/devkitPro/libogc/lib/wii\libogc.a(lwp_threadq.o)
                0x80010b58                __lwp_threadqueue_enqueuefifo
 .text.__lwp_threadqueue_dequeuefifo
                0x80010c58      0x124 c:/devkitPro/libogc/lib/wii\libogc.a(lwp_threadq.o)
                0x80010c58                __lwp_threadqueue_dequeuefifo
 .text.__lwp_threadqueue_enqueuepriority
                0x80010d7c      0x2a4 c:/devkitPro/libogc/lib/wii\libogc.a(lwp_threadq.o)
                0x80010d7c                __lwp_threadqueue_enqueuepriority
 .text.__lwp_threadqueue_dequeuepriority
                0x80011020      0x1a0 c:/devkitPro/libogc/lib/wii\libogc.a(lwp_threadq.o)
                0x80011020                __lwp_threadqueue_dequeuepriority
 .text.__lwp_threadqueue_init
                0x800111c0       0x74 c:/devkitPro/libogc/lib/wii\libogc.a(lwp_threadq.o)
                0x800111c0                __lwp_threadqueue_init
 .text.__lwp_threadqueue_enqueue
                0x80011234       0xfc c:/devkitPro/libogc/lib/wii\libogc.a(lwp_threadq.o)
                0x80011234                __lwp_threadqueue_enqueue
 .text.__lwp_threadqueue_dequeue
                0x80011330       0x24 c:/devkitPro/libogc/lib/wii\libogc.a(lwp_threadq.o)
                0x80011330                __lwp_threadqueue_dequeue
 .text.__lwp_threadqueue_flush
                0x80011354       0x38 c:/devkitPro/libogc/lib/wii\libogc.a(lwp_threadq.o)
                0x80011354                __lwp_threadqueue_flush
 .text.__lwp_threadqueue_extractfifo
                0x8001138c       0xe0 c:/devkitPro/libogc/lib/wii\libogc.a(lwp_threadq.o)
                0x8001138c                __lwp_threadqueue_extractfifo
 .text.__lwp_threadqueue_extractpriority
                0x8001146c      0x134 c:/devkitPro/libogc/lib/wii\libogc.a(lwp_threadq.o)
                0x8001146c                __lwp_threadqueue_extractpriority
 .text.__lwp_threadqueue_extract
                0x800115a0       0x1c c:/devkitPro/libogc/lib/wii\libogc.a(lwp_threadq.o)
                0x800115a0                __lwp_threadqueue_extract
 .text.__lwp_threadqueue_timeout
                0x800115bc       0x74 c:/devkitPro/libogc/lib/wii\libogc.a(lwp_threadq.o)
 .text.__lwp_threadqueue_extractproxy
                0x80011630       0x44 c:/devkitPro/libogc/lib/wii\libogc.a(lwp_threadq.o)
                0x80011630                __lwp_threadqueue_extractproxy
 .text.__lwp_priomap_addto
                0x80011674       0x28 c:/devkitPro/libogc/lib/wii\libogc.a(lwp_threads.o)
 .text.__lwp_thread_calcheir
                0x8001169c       0x3c c:/devkitPro/libogc/lib/wii\libogc.a(lwp_threads.o)
 .text.__lwp_thread_dispatchunnest
                0x800116d8       0x10 c:/devkitPro/libogc/lib/wii\libogc.a(lwp_threads.o)
 .text.__lwp_priomap_removefrom
                0x800116e8       0x38 c:/devkitPro/libogc/lib/wii\libogc.a(lwp_threads.o)
 .text.__lwp_wd_insert_ticks.constprop.4
                0x80011720       0x5c c:/devkitPro/libogc/lib/wii\libogc.a(lwp_threads.o)
 .text.__lwp_isr_in_progress
                0x8001177c        0x8 c:/devkitPro/libogc/lib/wii\libogc.a(lwp_threads.o)
                0x8001177c                __lwp_isr_in_progress
 .text.__thread_dispatch_fp
                0x80011784       0x7c c:/devkitPro/libogc/lib/wii\libogc.a(lwp_threads.o)
                0x80011784                __thread_dispatch_fp
 .text.__thread_dispatch
                0x80011800       0xdc c:/devkitPro/libogc/lib/wii\libogc.a(lwp_threads.o)
                0x80011800                __thread_dispatch
 .text.__lwp_thread_dispatchenable
                0x800118dc       0x18 c:/devkitPro/libogc/lib/wii\libogc.a(lwp_threads.o)
 .text.__lwp_thread_resettimeslice
                0x800118f4       0xb8 c:/devkitPro/libogc/lib/wii\libogc.a(lwp_threads.o)
                0x800118f4                __lwp_thread_resettimeslice
 .text.__lwp_thread_tickle_timeslice
                0x800119ac       0x7c c:/devkitPro/libogc/lib/wii\libogc.a(lwp_threads.o)
                0x800119ac                __lwp_thread_tickle_timeslice
 .text.__lwp_thread_setstate
                0x80011a28       0xf4 c:/devkitPro/libogc/lib/wii\libogc.a(lwp_threads.o)
                0x80011a28                __lwp_thread_setstate
 .text.__lwp_thread_clearstate
                0x80011b1c       0xe8 c:/devkitPro/libogc/lib/wii\libogc.a(lwp_threads.o)
                0x80011b1c                __lwp_thread_clearstate
 .text.__lwp_thread_setpriority
                0x80011c04       0x5c c:/devkitPro/libogc/lib/wii\libogc.a(lwp_threads.o)
                0x80011c04                __lwp_thread_setpriority
 .text.__lwp_thread_settransient
                0x80011c60       0xa4 c:/devkitPro/libogc/lib/wii\libogc.a(lwp_threads.o)
                0x80011c60                __lwp_thread_settransient
 .text.__lwp_thread_changepriority
                0x80011d04      0x118 c:/devkitPro/libogc/lib/wii\libogc.a(lwp_threads.o)
                0x80011d04                __lwp_thread_changepriority
 .text.__lwp_thread_loadenv
                0x80011e1c       0x78 c:/devkitPro/libogc/lib/wii\libogc.a(lwp_threads.o)
                0x80011e1c                __lwp_thread_loadenv
 .text.__lwp_thread_ready
                0x80011e94       0xc8 c:/devkitPro/libogc/lib/wii\libogc.a(lwp_threads.o)
                0x80011e94                __lwp_thread_ready
 .text.__lwp_thread_init
                0x80011f5c       0xf8 c:/devkitPro/libogc/lib/wii\libogc.a(lwp_threads.o)
                0x80011f5c                __lwp_thread_init
 .text.__lwp_thread_close
                0x80012054      0x114 c:/devkitPro/libogc/lib/wii\libogc.a(lwp_threads.o)
                0x80012054                __lwp_thread_close
 .text.__lwp_thread_closeall
                0x80012168       0x90 c:/devkitPro/libogc/lib/wii\libogc.a(lwp_threads.o)
                0x80012168                __lwp_thread_closeall
 .text.__lwp_thread_exit
                0x800121f8       0x38 c:/devkitPro/libogc/lib/wii\libogc.a(lwp_threads.o)
                0x800121f8                __lwp_thread_exit
 .text.__lwp_thread_handler
                0x80012230       0x64 c:/devkitPro/libogc/lib/wii\libogc.a(lwp_threads.o)
 .text.__lwp_thread_start
                0x80012294       0x50 c:/devkitPro/libogc/lib/wii\libogc.a(lwp_threads.o)
                0x80012294                __lwp_thread_start
 .text.__lwp_thread_startmultitasking
                0x800122e4       0x70 c:/devkitPro/libogc/lib/wii\libogc.a(lwp_threads.o)
                0x800122e4                __lwp_thread_startmultitasking
 .text.__lwp_thread_stopmultitasking
                0x80012354       0x58 c:/devkitPro/libogc/lib/wii\libogc.a(lwp_threads.o)
                0x80012354                __lwp_thread_stopmultitasking
 .text.__lwp_thread_coreinit
                0x800123ac       0xc0 c:/devkitPro/libogc/lib/wii\libogc.a(lwp_threads.o)
                0x800123ac                __lwp_thread_coreinit
 .text.__lwp_thread_dispatchdisable
                0x8001246c       0x10 c:/devkitPro/libogc/lib/wii\libogc.a(lwp.o)
 .text.idle_func
                0x8001247c        0x4 c:/devkitPro/libogc/lib/wii\libogc.a(lwp.o)
 .text.__lwp_thread_dispatchenable
                0x80012480       0x18 c:/devkitPro/libogc/lib/wii\libogc.a(lwp.o)
 .text.__lwp_tqueue_open
                0x80012498       0x30 c:/devkitPro/libogc/lib/wii\libogc.a(lwp.o)
 .text.__lwp_sysinit
                0x800124c8      0x108 c:/devkitPro/libogc/lib/wii\libogc.a(lwp.o)
                0x800124c8                __lwp_sysinit
 .text.LWP_InitQueue
                0x800125d0       0x94 c:/devkitPro/libogc/lib/wii\libogc.a(lwp.o)
                0x800125d0                LWP_InitQueue
 .text.LWP_CloseQueue
                0x80012664       0x78 c:/devkitPro/libogc/lib/wii\libogc.a(lwp.o)
                0x80012664                LWP_CloseQueue
 .text.LWP_ThreadSleep
                0x800126dc       0xa0 c:/devkitPro/libogc/lib/wii\libogc.a(lwp.o)
                0x800126dc                LWP_ThreadSleep
 .text.LWP_ThreadBroadcast
                0x8001277c       0x4c c:/devkitPro/libogc/lib/wii\libogc.a(lwp.o)
                0x8001277c                LWP_ThreadBroadcast
 .text.LWP_ThreadSignal
                0x800127c8       0x40 c:/devkitPro/libogc/lib/wii\libogc.a(lwp.o)
                0x800127c8                LWP_ThreadSignal
 .text.__lwp_stack_allocate
                0x80012808       0x50 c:/devkitPro/libogc/lib/wii\libogc.a(lwp_stack.o)
                0x80012808                __lwp_stack_allocate
 .text.__lwp_stack_free
                0x80012858       0x20 c:/devkitPro/libogc/lib/wii\libogc.a(lwp_stack.o)
                0x80012858                __lwp_stack_free
 .text.__lwp_mutex_initialize
                0x80012878       0x74 c:/devkitPro/libogc/lib/wii\libogc.a(lwp_mutex.o)
                0x80012878                __lwp_mutex_initialize
 .text.__lwp_mutex_surrender
                0x800128ec      0x118 c:/devkitPro/libogc/lib/wii\libogc.a(lwp_mutex.o)
                0x800128ec                __lwp_mutex_surrender
 .text.__lwp_mutex_seize_irq_blocking
                0x80012a04       0xcc c:/devkitPro/libogc/lib/wii\libogc.a(lwp_mutex.o)
                0x80012a04                __lwp_mutex_seize_irq_blocking
 .text.__lwp_mutex_flush
                0x80012ad0        0x4 c:/devkitPro/libogc/lib/wii\libogc.a(lwp_mutex.o)
                0x80012ad0                __lwp_mutex_flush
 .text.__lwp_wd_settimer.isra.3
                0x80012ad4       0x9c c:/devkitPro/libogc/lib/wii\libogc.a(lwp_watchdog.o)
 .text.__lwp_watchdog_init
                0x80012b70       0x2c c:/devkitPro/libogc/lib/wii\libogc.a(lwp_watchdog.o)
                0x80012b70                __lwp_watchdog_init
 .text.__lwp_wd_insert
                0x80012b9c      0x14c c:/devkitPro/libogc/lib/wii\libogc.a(lwp_watchdog.o)
                0x80012b9c                __lwp_wd_insert
 .text.__lwp_wd_remove
                0x80012ce8       0xd4 c:/devkitPro/libogc/lib/wii\libogc.a(lwp_watchdog.o)
                0x80012ce8                __lwp_wd_remove
 .text.__lwp_wd_tickle
                0x80012dbc       0xe8 c:/devkitPro/libogc/lib/wii\libogc.a(lwp_watchdog.o)
                0x80012dbc                __lwp_wd_tickle
 .text.__lwp_wkspace_init
                0x80012ea4       0xa4 c:/devkitPro/libogc/lib/wii\libogc.a(lwp_wkspace.o)
                0x80012ea4                __lwp_wkspace_init
 .text.__lwp_objmgr_initinfo
                0x80012f48      0x140 c:/devkitPro/libogc/lib/wii\libogc.a(lwp_objmgr.o)
                0x80012f48                __lwp_objmgr_initinfo
 .text.__lwp_objmgr_getisrdisable
                0x80013088       0x68 c:/devkitPro/libogc/lib/wii\libogc.a(lwp_objmgr.o)
                0x80013088                __lwp_objmgr_getisrdisable
 .text.__lwp_objmgr_getnoprotection
                0x800130f0       0x24 c:/devkitPro/libogc/lib/wii\libogc.a(lwp_objmgr.o)
                0x800130f0                __lwp_objmgr_getnoprotection
 .text.__lwp_objmgr_get
                0x80013114       0x68 c:/devkitPro/libogc/lib/wii\libogc.a(lwp_objmgr.o)
                0x80013114                __lwp_objmgr_get
 .text.__lwp_objmgr_allocate
                0x8001317c       0x78 c:/devkitPro/libogc/lib/wii\libogc.a(lwp_objmgr.o)
                0x8001317c                __lwp_objmgr_allocate
 .text.__lwp_objmgr_free
                0x800131f4       0x64 c:/devkitPro/libogc/lib/wii\libogc.a(lwp_objmgr.o)
                0x800131f4                __lwp_objmgr_free
 .text.__lwp_heap_init
                0x80013258       0xb8 c:/devkitPro/libogc/lib/wii\libogc.a(lwp_heap.o)
                0x80013258                __lwp_heap_init
 .text.__lwp_heap_allocate
                0x80013310      0x130 c:/devkitPro/libogc/lib/wii\libogc.a(lwp_heap.o)
                0x80013310                __lwp_heap_allocate
 .text.__lwp_heap_free
                0x80013440      0x1d8 c:/devkitPro/libogc/lib/wii\libogc.a(lwp_heap.o)
                0x80013440                __lwp_heap_free
 .text.__exception_load
                0x80013618       0x78 c:/devkitPro/libogc/lib/wii\libogc.a(exception.o)
                0x80013618                __exception_load
 .text.__systemcall_init
                0x80013690       0x20 c:/devkitPro/libogc/lib/wii\libogc.a(exception.o)
                0x80013690                __systemcall_init
 .text.__exception_init
                0x800136b0       0xa0 c:/devkitPro/libogc/lib/wii\libogc.a(exception.o)
                0x800136b0                __exception_init
 .text.__exception_close
                0x80013750       0xa0 c:/devkitPro/libogc/lib/wii\libogc.a(exception.o)
                0x80013750                __exception_close
 .text.__exception_closeall
                0x800137f0       0x48 c:/devkitPro/libogc/lib/wii\libogc.a(exception.o)
                0x800137f0                __exception_closeall
 .text.c_default_exceptionhandler
                0x80013838      0x3d0 c:/devkitPro/libogc/lib/wii\libogc.a(exception.o)
                0x80013838                c_default_exceptionhandler
 .text.__SetInterrupts
                0x80013c08      0x288 c:/devkitPro/libogc/lib/wii\libogc.a(irq.o)
 .text.c_irqdispatcher
                0x80013e90      0x26c c:/devkitPro/libogc/lib/wii\libogc.a(irq.o)
                0x80013e90                c_irqdispatcher
 .text.__UnmaskIrq
                0x800140fc       0x7c c:/devkitPro/libogc/lib/wii\libogc.a(irq.o)
                0x800140fc                __UnmaskIrq
 .text.__MaskIrq
                0x80014178       0x7c c:/devkitPro/libogc/lib/wii\libogc.a(irq.o)
                0x80014178                __MaskIrq
 .text.__irq_init
                0x800141f4       0x98 c:/devkitPro/libogc/lib/wii\libogc.a(irq.o)
                0x800141f4                __irq_init
 .text.IRQ_Request
                0x8001428c       0x58 c:/devkitPro/libogc/lib/wii\libogc.a(irq.o)
                0x8001428c                IRQ_Request
 .text.IRQ_GetHandler
                0x800142e4       0x4c c:/devkitPro/libogc/lib/wii\libogc.a(irq.o)
                0x800142e4                IRQ_GetHandler
 .text.__lwp_sema_init
                0x80014330       0x14 c:/devkitPro/libogc/lib/wii\libogc.a(semaphore.o)
                0x80014330                __lwp_sema_init
 .text.__exi_setinterrupts
                0x80014344       0xd0 c:/devkitPro/libogc/lib/wii\libogc.a(exi.o)
 .text.__exi_probe
                0x80014414      0x1b4 c:/devkitPro/libogc/lib/wii\libogc.a(exi.o)
 .text.__exi_attach
                0x800145c8       0xc8 c:/devkitPro/libogc/lib/wii\libogc.a(exi.o)
 .text.__exi_irq_handler
                0x80014690       0x58 c:/devkitPro/libogc/lib/wii\libogc.a(exi.o)
 .text.__ext_irq_handler
                0x800146e8       0xa8 c:/devkitPro/libogc/lib/wii\libogc.a(exi.o)
 .text.__tc_irq_handler
                0x80014790      0x118 c:/devkitPro/libogc/lib/wii\libogc.a(exi.o)
 .text.EXI_Lock
                0x800148a8      0x11c c:/devkitPro/libogc/lib/wii\libogc.a(exi.o)
                0x800148a8                EXI_Lock
 .text.EXI_Unlock
                0x800149c4      0x130 c:/devkitPro/libogc/lib/wii\libogc.a(exi.o)
                0x800149c4                EXI_Unlock
 .text.EXI_Select
                0x80014af4      0x14c c:/devkitPro/libogc/lib/wii\libogc.a(exi.o)
                0x80014af4                EXI_Select
 .text.EXI_Deselect
                0x80014c40      0x114 c:/devkitPro/libogc/lib/wii\libogc.a(exi.o)
                0x80014c40                EXI_Deselect
 .text.EXI_Sync
                0x80014d54       0xd8 c:/devkitPro/libogc/lib/wii\libogc.a(exi.o)
                0x80014d54                EXI_Sync
 .text.EXI_Imm  0x80014e2c      0x170 c:/devkitPro/libogc/lib/wii\libogc.a(exi.o)
                0x80014e2c                EXI_Imm
 .text.EXI_ImmEx
                0x80014f9c       0x8c c:/devkitPro/libogc/lib/wii\libogc.a(exi.o)
                0x80014f9c                EXI_ImmEx
 .text.EXI_Dma  0x80015028      0x120 c:/devkitPro/libogc/lib/wii\libogc.a(exi.o)
                0x80015028                EXI_Dma
 .text.EXI_Detach
                0x80015148       0xa4 c:/devkitPro/libogc/lib/wii\libogc.a(exi.o)
                0x80015148                EXI_Detach
 .text.EXI_GetID
                0x800151ec      0x210 c:/devkitPro/libogc/lib/wii\libogc.a(exi.o)
                0x800151ec                EXI_GetID
 .text.__unlocked_handler
                0x800153fc       0x28 c:/devkitPro/libogc/lib/wii\libogc.a(exi.o)
 .text.EXI_ProbeReset
                0x80015424       0x70 c:/devkitPro/libogc/lib/wii\libogc.a(exi.o)
                0x80015424                EXI_ProbeReset
 .text.__exi_init
                0x80015494      0x188 c:/devkitPro/libogc/lib/wii\libogc.a(exi.o)
                0x80015494                __exi_init
 .text.__lwp_thread_dispatchenable
                0x8001561c       0x18 c:/devkitPro/libogc/lib/wii\libogc.a(mutex.o)
 .text.__lwp_mutex_locksupp.constprop.7
                0x80015634      0x208 c:/devkitPro/libogc/lib/wii\libogc.a(mutex.o)
 .text.__lwp_mutex_init
                0x8001583c       0x14 c:/devkitPro/libogc/lib/wii\libogc.a(mutex.o)
                0x8001583c                __lwp_mutex_init
 .text.LWP_MutexInit
                0x80015850       0xc4 c:/devkitPro/libogc/lib/wii\libogc.a(mutex.o)
                0x80015850                LWP_MutexInit
 .text.LWP_MutexDestroy
                0x80015914       0xac c:/devkitPro/libogc/lib/wii\libogc.a(mutex.o)
                0x80015914                LWP_MutexDestroy
 .text.LWP_MutexLock
                0x800159c0        0x8 c:/devkitPro/libogc/lib/wii\libogc.a(mutex.o)
                0x800159c0                LWP_MutexLock
 .text.LWP_MutexUnlock
                0x800159c8       0x6c c:/devkitPro/libogc/lib/wii\libogc.a(mutex.o)
                0x800159c8                LWP_MutexUnlock
 .text.__GX_FifoLink
                0x80015a34       0x2c c:/devkitPro/libogc/lib/wii\libogc.a(gx.o)
 .text.__GX_WriteFifoIntEnable
                0x80015a60       0x38 c:/devkitPro/libogc/lib/wii\libogc.a(gx.o)
 .text.__GX_FifoReadEnable
                0x80015a98       0x28 c:/devkitPro/libogc/lib/wii\libogc.a(gx.o)
 .text.__GX_FifoReadDisable
                0x80015ac0       0x24 c:/devkitPro/libogc/lib/wii\libogc.a(gx.o)
 .text.__GX_InitRevBits
                0x80015ae4       0xdc c:/devkitPro/libogc/lib/wii\libogc.a(gx.o)
 .text.__SetSURegs
                0x80015bc0       0xd0 c:/devkitPro/libogc/lib/wii\libogc.a(gx.o)
 .text.__GX_WaitAbort
                0x80015c90       0x74 c:/devkitPro/libogc/lib/wii\libogc.a(gx.o)
 .text.__GX_SetMatrixIndex.part.1
                0x80015d04       0x6c c:/devkitPro/libogc/lib/wii\libogc.a(gx.o)
 .text.__GX_WriteFifoIntReset.constprop.11
                0x80015d70       0x34 c:/devkitPro/libogc/lib/wii\libogc.a(gx.o)
 .text.__GX_SetDirtyState
                0x80015da4      0x640 c:/devkitPro/libogc/lib/wii\libogc.a(gx.o)
 .text.GX_Flush
                0x800163e4       0x94 c:/devkitPro/libogc/lib/wii\libogc.a(gx.o)
                0x800163e4                GX_Flush
 .text.GX_AbortFrame
                0x80016478      0x27c c:/devkitPro/libogc/lib/wii\libogc.a(gx.o)
                0x80016478                GX_AbortFrame
 .text.number   0x800166f4      0x2c0 c:/devkitPro/libogc/lib/wii\libogc.a(kprintf.o)
 .text.kvsprintf
                0x800169b4      0x5b4 c:/devkitPro/libogc/lib/wii\libogc.a(kprintf.o)
                0x800169b4                kvsprintf
 .text.kprintf  0x80016f68       0xa0 c:/devkitPro/libogc/lib/wii\libogc.a(kprintf.o)
                0x80016f68                kprintf
 .text.net_wc24cleanup
                0x80017008       0x5c c:/devkitPro/libogc/lib/wii\libogc.a(network_wii.o)
                0x80017008                net_wc24cleanup
 .text.__lwp_queue_initialize
                0x80017064       0x3c c:/devkitPro/libogc/lib/wii\libogc.a(lwp_queue.o)
                0x80017064                __lwp_queue_initialize
 .text.__lwp_queue_get
                0x800170a0       0x64 c:/devkitPro/libogc/lib/wii\libogc.a(lwp_queue.o)
                0x800170a0                __lwp_queue_get
 .text.__lwp_queue_append
                0x80017104       0x54 c:/devkitPro/libogc/lib/wii\libogc.a(lwp_queue.o)
                0x80017104                __lwp_queue_append